Archive member included to satisfy reference by file (symbol)

E:\WORK\JeremyWang_Gitee\wexcube\Examples\example3\StdPeriphDriver\libISP573.a(ISP573.o)
                              ./StdPeriphDriver/CH57x_flash.o (FLASH_EEPROM_CMD)
E:\WORK\JeremyWang_Gitee\wexcube\Examples\example3\LIB\libCH57xBLE.a(message.o)
                              ./HAL/MCU.o (tmos_msg_deallocate)
E:\WORK\JeremyWang_Gitee\wexcube\Examples\example3\LIB\libCH57xBLE.a(tmos.o)
                              ./Profile/devinfoservice.o (tmos_memcpy)
E:\WORK\JeremyWang_Gitee\wexcube\Examples\example3\LIB\libCH57xBLE.a(tmos_hw.o)
                              E:\WORK\JeremyWang_Gitee\wexcube\Examples\example3\LIB\libCH57xBLE.a(tmos.o) (RTC_Get32KClock)
E:\WORK\JeremyWang_Gitee\wexcube\Examples\example3\LIB\libCH57xBLE.a(tmos_snv.o)
                              E:\WORK\JeremyWang_Gitee\wexcube\Examples\example3\LIB\libCH57xBLE.a(tmos.o) (tmos_snv_init)
E:\WORK\JeremyWang_Gitee\wexcube\Examples\example3\LIB\libCH57xBLE.a(att.o)
                              ./APP/peripheral.o (ATT_GetMTU)
E:\WORK\JeremyWang_Gitee\wexcube\Examples\example3\LIB\libCH57xBLE.a(att_client.o)
                              E:\WORK\JeremyWang_Gitee\wexcube\Examples\example3\LIB\libCH57xBLE.a(att.o) (ATT_HandleValueConfirmation)
E:\WORK\JeremyWang_Gitee\wexcube\Examples\example3\LIB\libCH57xBLE.a(gap.o)
                              ./APP/peripheral.o (GAP_SetParamValue)
E:\WORK\JeremyWang_Gitee\wexcube\Examples\example3\LIB\libCH57xBLE.a(gap_central.o)
                              E:\WORK\JeremyWang_Gitee\wexcube\Examples\example3\LIB\libCH57xBLE.a(gap.o) (GAP_CentralParamInit)
E:\WORK\JeremyWang_Gitee\wexcube\Examples\example3\LIB\libCH57xBLE.a(gap_peripheral.o)
                              E:\WORK\JeremyWang_Gitee\wexcube\Examples\example3\LIB\libCH57xBLE.a(gap.o) (GAP_PeripheralParamInit)
E:\WORK\JeremyWang_Gitee\wexcube\Examples\example3\LIB\libCH57xBLE.a(gapgattserver.o)
                              ./APP/peripheral.o (GGS_SetParameter)
E:\WORK\JeremyWang_Gitee\wexcube\Examples\example3\LIB\libCH57xBLE.a(gatt.o)
                              ./APP/peripheral.o (GATT_bm_alloc)
E:\WORK\JeremyWang_Gitee\wexcube\Examples\example3\LIB\libCH57xBLE.a(gatt_uuid.o)
                              E:\WORK\JeremyWang_Gitee\wexcube\Examples\example3\LIB\libCH57xBLE.a(gatt.o) (serviceChangedUUID)
E:\WORK\JeremyWang_Gitee\wexcube\Examples\example3\LIB\libCH57xBLE.a(gattclientapp.o)
                              E:\WORK\JeremyWang_Gitee\wexcube\Examples\example3\LIB\libCH57xBLE.a(gatt.o) (gattGetClientStatus)
E:\WORK\JeremyWang_Gitee\wexcube\Examples\example3\LIB\libCH57xBLE.a(gattservapp.o)
                              ./Profile/gattprofile.o (GATTServApp_ReadCharCfg)
E:\WORK\JeremyWang_Gitee\wexcube\Examples\example3\LIB\libCH57xBLE.a(l2cap.o)
                              E:\WORK\JeremyWang_Gitee\wexcube\Examples\example3\LIB\libCH57xBLE.a(att.o) (L2CAP_GetMTU)
E:\WORK\JeremyWang_Gitee\wexcube\Examples\example3\LIB\libCH57xBLE.a(l2cap_input.o)
                              E:\WORK\JeremyWang_Gitee\wexcube\Examples\example3\LIB\libCH57xBLE.a(l2cap.o) (l2capProcessRxData)
E:\WORK\JeremyWang_Gitee\wexcube\Examples\example3\LIB\libCH57xBLE.a(l2cap_output.o)
                              E:\WORK\JeremyWang_Gitee\wexcube\Examples\example3\LIB\libCH57xBLE.a(l2cap_input.o) (l2capNotifyData)
E:\WORK\JeremyWang_Gitee\wexcube\Examples\example3\LIB\libCH57xBLE.a(l2cap_sdu.o)
                              E:\WORK\JeremyWang_Gitee\wexcube\Examples\example3\LIB\libCH57xBLE.a(l2cap_input.o) (l2capBuildDisconnectRsp)
E:\WORK\JeremyWang_Gitee\wexcube\Examples\example3\LIB\libCH57xBLE.a(linkdb.o)
                              E:\WORK\JeremyWang_Gitee\wexcube\Examples\example3\LIB\libCH57xBLE.a(l2cap.o) (linkDB_Init)
E:\WORK\JeremyWang_Gitee\wexcube\Examples\example3\LIB\libCH57xBLE.a(sm.o)
                              E:\WORK\JeremyWang_Gitee\wexcube\Examples\example3\LIB\libCH57xBLE.a(gap.o) (smStartEncryption)
E:\WORK\JeremyWang_Gitee\wexcube\Examples\example3\LIB\libCH57xBLE.a(host_input.o)
                              E:\WORK\JeremyWang_Gitee\wexcube\Examples\example3\LIB\libCH57xBLE.a(gap.o) (gBleHostPara)
E:\WORK\JeremyWang_Gitee\wexcube\Examples\example3\LIB\libCH57xBLE.a(host_output.o)
                              E:\WORK\JeremyWang_Gitee\wexcube\Examples\example3\LIB\libCH57xBLE.a(gap.o) (HCI_DisconnectCmd)
E:\WORK\JeremyWang_Gitee\wexcube\Examples\example3\LIB\libCH57xBLE.a(ll_connect.o)
                              E:\WORK\JeremyWang_Gitee\wexcube\Examples\example3\LIB\libCH57xBLE.a(tmos.o) (LL_GetNextConnectEventTime)
E:\WORK\JeremyWang_Gitee\wexcube\Examples\example3\LIB\libCH57xBLE.a(ll_core.o)
                              E:\WORK\JeremyWang_Gitee\wexcube\Examples\example3\LIB\libCH57xBLE.a(ll_connect.o) (LL_CoreGetCore)
E:\WORK\JeremyWang_Gitee\wexcube\Examples\example3\LIB\libCH57xBLE.a(ll_hop.o)
[...]
Memory Configuration

Name             Origin             Length             Attributes
FLASH            0x0000000000000000 0x0000000000070000 xr
RAM              0x0000000020003800 0x0000000000004800 xrw
*default*        0x0000000000000000 0xffffffffffffffff

Linker script and memory map

LOAD ./wexcube_sdk/wexcube.o
LOAD ./wexcube_sdk/wexcube_port.o
LOAD ./StdPeriphDriver/CH57x_adc.o
LOAD ./StdPeriphDriver/CH57x_clk.o
LOAD ./StdPeriphDriver/CH57x_flash.o
LOAD ./StdPeriphDriver/CH57x_gpio.o
LOAD ./StdPeriphDriver/CH57x_pwr.o
LOAD ./StdPeriphDriver/CH57x_sys.o
LOAD ./StdPeriphDriver/CH57x_timer0.o
LOAD ./StdPeriphDriver/CH57x_uart0.o
LOAD ./StdPeriphDriver/CH57x_uart1.o
LOAD ./StdPeriphDriver/CH57x_uart3.o
LOAD ./StdPeriphDriver/CH57x_usbdev.o
LOAD ./Startup/startup_CH573.o
LOAD ./RVMSIS/core_riscv.o
LOAD ./Profile/devinfoservice.o
LOAD ./Profile/gattprofile.o
LOAD ./HAL/KEY.o
LOAD ./HAL/LED.o
LOAD ./HAL/MCU.o
LOAD ./HAL/RTC.o
LOAD ./HAL/SLEEP.o
LOAD ./APP/usb_hid/usb_hid.o
LOAD ./APP/ble_uart_service/ble_uart_service_16bit.o
LOAD ./APP/app_drv_fifo/app_drv_fifo.o
LOAD ./APP/main.o
LOAD ./APP/peripheral.o
LOAD E:\WORK\JeremyWang_Gitee\wexcube\Examples\example3\StdPeriphDriver\libISP573.a
LOAD E:\WORK\JeremyWang_Gitee\wexcube\Examples\example3\LIB\libCH57xBLE.a
LOAD e:/mounriver/mounriver_studio/toolchain/risc-v embedded gcc/bin/../lib/gcc/riscv-none-embed/8.2.0/rv32imac/ilp32\libgcc.a
LOAD e:/mounriver/mounriver_studio/toolchain/risc-v embedded gcc/bin/../lib/gcc/riscv-none-embed/8.2.0/../../../../riscv-none-embed/lib/rv32imac/ilp32\libg_nano.a
LOAD e:/mounriver/mounriver_studio/toolchain/risc-v embedded gcc/bin/../lib/gcc/riscv-none-embed/8.2.0/../../../../riscv-none-embed/lib/rv32imac/ilp32\libc_nano.a
LOAD e:/mounriver/mounriver_studio/toolchain/risc-v embedded gcc/bin/../lib/gcc/riscv-none-embed/8.2.0/rv32imac/ilp32\libgcc.a
START GROUP
LOAD e:/mounriver/mounriver_studio/toolchain/risc-v embedded gcc/bin/../lib/gcc/riscv-none-embed/8.2.0/rv32imac/ilp32\libgcc.a
LOAD e:/mounriver/mounriver_studio/toolchain/risc-v embedded gcc/bin/../lib/gcc/riscv-none-embed/8.2.0/../../../../riscv-none-embed/lib/rv32imac/ilp32\libc_nano.a
LOAD e:/mounriver/mounriver_studio/toolchain/risc-v embedded gcc/bin/../lib/gcc/riscv-none-embed/8.2.0/../../../../riscv-none-embed/lib/rv32imac/ilp32\libnosys.a
END GROUP
START GROUP
LOAD e:/mounriver/mounriver_studio/toolchain/risc-v embedded gcc/bin/../lib/gcc/riscv-none-embed/8.2.0/rv32imac/ilp32\libgcc.a
LOAD e:/mounriver/mounriver_studio/toolchain/risc-v embedded gcc/bin/../lib/gcc/riscv-none-embed/8.2.0/../../../../riscv-none-embed/lib/rv32imac/ilp32\libc_nano.a
LOAD e:/mounriver/mounriver_studio/toolchain/risc-v embedded gcc/bin/../lib/gcc/riscv-none-embed/8.2.0/../../../../riscv-none-embed/lib/rv32imac/ilp32\libnosys.a
END GROUP

.init           0x0000000000000000        0x4
                0x0000000000000000                _sinit = .
                0x0000000000000000                . = ALIGN (0x4)
 *(SORT_NONE(.init))
 .init          0x0000000000000000        0x4 ./Startup/startup_CH573.o
                0x0000000000000000                _start
                0x0000000000000004                . = ALIGN (0x4)
                0x0000000000000004                _einit = .

.highcodelalign
                0x0000000000000004        0x0
                0x0000000000000004                . = ALIGN (0x4)
                0x0000000000000004                PROVIDE (_highcode_lma = .)

.highcode       0x0000000020003800     0x1338 load address 0x0000000000000004
                0x0000000020003800                . = ALIGN (0x4)
                0x0000000020003800                PROVIDE (_highcode_vma_start = .)
 *(.vector)
 .vector        0x0000000020003800       0x90 ./Startup/startup_CH573.o
 *(SORT_NONE(.vector_handler))
 .vector_handler
                0x0000000020003890       0x2c ./Startup/startup_CH573.o
                0x0000000020003890                NMI_Handler
                0x0000000020003894                SysTick_Handler
                0x0000000020003896                SW_Handler
                0x000000002000389a                GPIOA_IRQHandler
                0x000000002000389c                GPIOB_IRQHandler
                0x000000002000389e                SPI0_IRQHandler
                0x00000000200038a0                BB_IRQHandler
                0x00000000200038a2                LLE_IRQHandler
                0x00000000200038a6                TMR1_IRQHandler
                0x00000000200038a8                TMR2_IRQHandler
                0x00000000200038aa                UART0_IRQHandler
                0x00000000200038ac                UART1_IRQHandler
                0x00000000200038b0                ADC_IRQHandler
                0x00000000200038b2                PWMX_IRQHandler
                0x00000000200038b4                TMR3_IRQHandler
                0x00000000200038b6                UART2_IRQHandler
                0x00000000200038b8                UART3_IRQHandler
                0x00000000200038ba                WDOG_BAT_IRQHandler
 *(.highcode)
 .highcode      0x00000000200038bc      0x1a0 ./StdPeriphDriver/CH57x_sys.o
                0x00000000200038bc                SetSysClock
                0x00000000200039b8                SYS_ResetExecute
                0x00000000200039f0                HardFault_Handler
                0x0000000020003a26                mDelayuS
                0x0000000020003a34                mDelaymS
 .highcode      0x0000000020003a5c       0x16 ./HAL/RTC.o
                0x0000000020003a5c                RTC_IRQHandler
 .highcode      0x0000000020003a72        0xc ./APP/usb_hid/usb_hid.o
                0x0000000020003a72                USB_IRQHandler
 .highcode      0x0000000020003a7e      0x1da ./APP/main.o
                0x0000000020003a7e                Main_Circulation
                0x0000000020003c36                TMR0_IRQHandler
 .highcode      0x0000000020003c58      0x3ee E:\WORK\JeremyWang_Gitee\wexcube\Examples\example3\StdPeriphDriver\libISP573.a(ISP573.o)
                0x0000000020003c58                FLASH_ROM_BEG
                0x0000000020003c6a                FLASH_ROM_END
                0x0000000020003c78                FLASH_ROM_IN
                0x0000000020003c86                FLASH_ROM_OUT
                0x0000000020003c94                FLASH_ROM_ADDR
                0x0000000020003cdc                FLASH_ROM_WAIT
                0x0000000020003d14                FLASH_EEPROM_CMD
 .highcode      0x0000000020004046      0x23a E:\WORK\JeremyWang_Gitee\wexcube\Examples\example3\LIB\libCH57xBLE.a(tmos.o)
                0x0000000020004066                tmos_memcpy
                0x0000000020004086                tmos_memcpy_word
                0x00000000200040a2                TMOS_SystemProcess
 .highcode      0x0000000020004280       0xc2 E:\WORK\JeremyWang_Gitee\wexcube\Examples\example3\LIB\libCH57xBLE.a(tmos_hw.o)
                0x0000000020004280                BLE_GetHSEClock
                0x00000000200042be                RTC_Get32KClock
                0x00000000200042d6                SYS_GetTickCount
 .highcode      0x0000000020004342      0x13a E:\WORK\JeremyWang_Gitee\wexcube\Examples\example3\LIB\libCH57xBLE.a(ll_connect.o)
                0x0000000020004342                ll_connect_process_data
                0x0000000020004390                ll_connect_event_continue
 .highcode      0x000000002000447c      0x1b8 E:\WORK\JeremyWang_Gitee\wexcube\Examples\example3\LIB\libCH57xBLE.a(bb.o)
                0x000000002000447c                BB_RAM_IRQHandler
 .highcode      0x0000000020004634      0x1a0 E:\WORK\JeremyWang_Gitee\wexcube\Examples\example3\LIB\libCH57xBLE.a(ip.o)
                0x0000000020004634                ll_tx_wait_finish
                0x000000002000465e                ll_tx_wait_tx_dma
                0x00000000200046bc                ll_rx_wait_finish
                0x00000000200046f0                ll_rx_wait_tx_dma
                0x000000002000474a                ble_ll_chkcrc
 .highcode      0x00000000200047d4      0x17c E:\WORK\JeremyWang_Gitee\wexcube\Examples\example3\LIB\libCH57xBLE.a(lle.o)
                0x00000000200047d4                LLE_RAM_IRQHandler
 .highcode      0x0000000020004950       0x82 E:\WORK\JeremyWang_Gitee\wexcube\Examples\example3\LIB\libCH57xBLE.a(rf_fh.o)
                0x0000000020004950                RF_HopGetChannel
 .highcode      0x00000000200049d2       0x2c E:\WORK\JeremyWang_Gitee\wexcube\Examples\example3\LIB\libCH57xBLE.a(rfend.o)
                0x00000000200049d2                RFEND_WaitTune
 .highcode      0x00000000200049fe      0x13a E:\WORK\JeremyWang_Gitee\wexcube\Examples\example3\LIB\libCH57xBLE.a(memory.o)
                0x00000000200049fe                tmos_memory_allocate
                0x0000000020004a98                tmos_memory_free
 *(.highcode.*)
                0x0000000020004b38                . = ALIGN (0x4)
 *fill*         0x0000000020004b38        0x0 
                0x0000000020004b38                PROVIDE (_highcode_vma_end = .)

.text           0x000000000000133c    0x1bc40
                0x000000000000133c                . = ALIGN (0x4)
 *(SORT_NONE(.handle_reset))
 .handle_reset  0x000000000000133c       0xa2 ./Startup/startup_CH573.o
                0x000000000000133c                handle_reset
 *(.text)
 .text          0x00000000000013de       0xa8 e:/mounriver/mounriver_studio/toolchain/risc-v embedded gcc/bin/../lib/gcc/riscv-none-embed/8.2.0/../../../../riscv-none-embed/lib/rv32imac/ilp32\libg_nano.a(lib_a-memset.o)
                0x00000000000013de                memset
 *(.text.*)
 .text._wex_pop.constprop.6
                0x0000000000001486       0x9c ./wexcube_sdk/wexcube.o
 .text._wex_sendBasic.part.1
                0x0000000000001522       0x1c ./wexcube_sdk/wexcube.o
 .text.wex_reset
                0x000000000000153e       0x5a ./wexcube_sdk/wexcube.o
                0x000000000000153e                wex_reset
 .text.wex_init
                0x0000000000001598       0x40 ./wexcube_sdk/wexcube.o
                0x0000000000001598                wex_init
 .text.wex_start
                0x00000000000015d8        0x8 ./wexcube_sdk/wexcube.o
                0x00000000000015d8                wex_start
 .text.wex_push
                0x00000000000015e0       0x4e ./wexcube_sdk/wexcube.o
                0x00000000000015e0                wex_push
 .text.wex_process
                0x000000000000162e      0x30c ./wexcube_sdk/wexcube.o
                0x000000000000162e                wex_process
 .text.wex_port_init
                0x000000000000193a        0x2 ./wexcube_sdk/wexcube_port.o
                0x000000000000193a                wex_port_init
 .text.wex_port_send
                0x000000000000193c       0x20 ./wexcube_sdk/wexcube_port.o
                0x000000000000193c                wex_port_send
 .text.ADC_InterTSSampInit
                0x000000000000195c       0x28 ./StdPeriphDriver/CH57x_adc.o
                0x000000000000195c                ADC_InterTSSampInit
 .text.RTC_InitTime
                0x0000000000001984      0x134 ./StdPeriphDriver/CH57x_clk.o
                0x0000000000001984                RTC_InitTime
 .text.GPIOA_ModeCfg
                0x0000000000001ab8       0xa6 ./StdPeriphDriver/CH57x_gpio.o
                0x0000000000001ab8                GPIOA_ModeCfg
 .text.GetSysClock
                0x0000000000001b5e       0x42 ./StdPeriphDriver/CH57x_sys.o
                0x0000000000001b5e                GetSysClock
 .text.SYS_DisableAllIrq
                0x0000000000001ba0       0x1c ./StdPeriphDriver/CH57x_sys.o
                0x0000000000001ba0                SYS_DisableAllIrq
 .text.SYS_RecoverIrq
                0x0000000000001bbc       0x14 ./StdPeriphDriver/CH57x_sys.o
                0x0000000000001bbc                SYS_RecoverIrq
 .text.SYS_GetSysTickCnt
                0x0000000000001bd0        0xa ./StdPeriphDriver/CH57x_sys.o
                0x0000000000001bd0                SYS_GetSysTickCnt
 .text._write   0x0000000000001bda       0x28 ./StdPeriphDriver/CH57x_sys.o
                0x0000000000001bda                _write
 .text.TMR0_TimerInit
                0x0000000000001c02       0x14 ./StdPeriphDriver/CH57x_timer0.o
                0x0000000000001c02                TMR0_TimerInit
 .text.UART1_BaudRateCfg
                0x0000000000001c16       0x30 ./StdPeriphDriver/CH57x_uart1.o
                0x0000000000001c16                UART1_BaudRateCfg
 .text.UART1_DefInit
                0x0000000000001c46       0x32 ./StdPeriphDriver/CH57x_uart1.o
                0x0000000000001c46                UART1_DefInit
 .text.USB_DeviceInit
                0x0000000000001c78       0x7e ./StdPeriphDriver/CH57x_usbdev.o
                0x0000000000001c78                USB_DeviceInit
 .text.DevEP1_IN_Deal
                0x0000000000001cf6       0x16 ./StdPeriphDriver/CH57x_usbdev.o
                0x0000000000001cf6                DevEP1_IN_Deal
 .text.DevEP2_IN_Deal
                0x0000000000001d0c       0x16 ./StdPeriphDriver/CH57x_usbdev.o
                0x0000000000001d0c                DevEP2_IN_Deal
 .text.DevEP3_IN_Deal
                0x0000000000001d22       0x16 ./StdPeriphDriver/CH57x_usbdev.o
                0x0000000000001d22                DevEP3_IN_Deal
 .text.DevEP4_IN_Deal
                0x0000000000001d38       0x16 ./StdPeriphDriver/CH57x_usbdev.o
                0x0000000000001d38                DevEP4_IN_Deal
 .text.devInfo_ReadAttrCB
                0x0000000000001d4e      0x196 ./Profile/devinfoservice.o
 .text.DevInfo_AddService
                0x0000000000001ee4       0x18 ./Profile/devinfoservice.o
                0x0000000000001ee4                DevInfo_AddService
 .text.Lib_Read_Flash
                0x0000000000001efc       0x1c ./HAL/MCU.o
                0x0000000000001efc                Lib_Read_Flash
 .text.Lib_Write_Flash
                0x0000000000001f18       0x42 ./HAL/MCU.o
                0x0000000000001f18                Lib_Write_Flash
 .text.HAL_GetInterTempValue
                0x0000000000001f5a       0x70 ./HAL/MCU.o
                0x0000000000001f5a                HAL_GetInterTempValue
 .text.HAL_ProcessEvent
                0x0000000000001fca       0x7c ./HAL/MCU.o
                0x0000000000001fca                HAL_ProcessEvent
 .text.CH57X_BLEInit
                0x0000000000002046      0x11c ./HAL/MCU.o
                0x0000000000002046                CH57X_BLEInit
 .text.HAL_Init
                0x0000000000002162       0x34 ./HAL/MCU.o
                0x0000000000002162                HAL_Init
 .text.HAL_TimeInit
                0x0000000000002196       0x44 ./HAL/RTC.o
                0x0000000000002196                HAL_TimeInit
 .text.USB_HidInit
                0x00000000000021da       0x38 ./APP/usb_hid/usb_hid.o
                0x00000000000021da                USB_HidInit
 .text.DevHIDMouseReport
                0x0000000000002212       0x24 ./APP/usb_hid/usb_hid.o
                0x0000000000002212                DevHIDMouseReport
 .text.DevHIDMouseMidReport
                0x0000000000002236       0x2a ./APP/usb_hid/usb_hid.o
                0x0000000000002236                DevHIDMouseMidReport
 .text.DevHIDMouseMoveUpReport
                0x0000000000002260       0x2c ./APP/usb_hid/usb_hid.o
                0x0000000000002260                DevHIDMouseMoveUpReport
 .text.DevHIDMouseMoveLeftReport
                0x000000000000228c       0x2c ./APP/usb_hid/usb_hid.o
                0x000000000000228c                DevHIDMouseMoveLeftReport
 .text.DevHIDMouseMoveDownReport
                0x00000000000022b8       0x2c ./APP/usb_hid/usb_hid.o
                0x00000000000022b8                DevHIDMouseMoveDownReport
 .text.DevHIDMouseMoveRightReport
                0x00000000000022e4       0x2c ./APP/usb_hid/usb_hid.o
                0x00000000000022e4                DevHIDMouseMoveRightReport
 .text.DevHIDKeyReport
                0x0000000000002310       0x24 ./APP/usb_hid/usb_hid.o
                0x0000000000002310                DevHIDKeyReport
 .text.DevHIDKeyShiftReport
                0x0000000000002334       0x28 ./APP/usb_hid/usb_hid.o
                0x0000000000002334                DevHIDKeyShiftReport
 .text.DevEP1_OUT_Deal
                0x000000000000235c       0x24 ./APP/usb_hid/usb_hid.o
                0x000000000000235c                DevEP1_OUT_Deal
 .text.DevEP2_OUT_Deal
                0x0000000000002380       0x26 ./APP/usb_hid/usb_hid.o
                0x0000000000002380                DevEP2_OUT_Deal
 .text.DevEP3_OUT_Deal
                0x00000000000023a6       0x26 ./APP/usb_hid/usb_hid.o
                0x00000000000023a6                DevEP3_OUT_Deal
 .text.DevEP4_OUT_Deal
                0x00000000000023cc       0x26 ./APP/usb_hid/usb_hid.o
                0x00000000000023cc                DevEP4_OUT_Deal
 .text.USB_DevTransProcess
                0x00000000000023f2      0x7d2 ./APP/usb_hid/usb_hid.o
                0x00000000000023f2                USB_DevTransProcess
 .text.ble_uart_WriteAttrCB
                0x0000000000002bc4       0xba ./APP/ble_uart_service/ble_uart_service_16bit.o
 .text.ble_uart_ReadAttrCB
                0x0000000000002c7e       0x6e ./APP/ble_uart_service/ble_uart_service_16bit.o
 .text.ble_uart_HandleConnStatusCB
                0x0000000000002cec       0x3e ./APP/ble_uart_service/ble_uart_service_16bit.o
 .text.ble_uart_add_service
                0x0000000000002d2a       0x5a ./APP/ble_uart_service/ble_uart_service_16bit.o
                0x0000000000002d2a                ble_uart_add_service
 .text.ble_uart_notify_is_ready
                0x0000000000002d84       0x18 ./APP/ble_uart_service/ble_uart_service_16bit.o
                0x0000000000002d84                ble_uart_notify_is_ready
 .text.ble_uart_notify
                0x0000000000002d9c       0x46 ./APP/ble_uart_service/ble_uart_service_16bit.o
                0x0000000000002d9c                ble_uart_notify
 .text.app_drv_fifo_length
                0x0000000000002de2       0x12 ./APP/app_drv_fifo/app_drv_fifo.o
                0x0000000000002de2                app_drv_fifo_length
 .text.app_drv_fifo_init
                0x0000000000002df4       0x26 ./APP/app_drv_fifo/app_drv_fifo.o
                0x0000000000002df4                app_drv_fifo_init
 .text.app_drv_fifo_flush
                0x0000000000002e1a        0x6 ./APP/app_drv_fifo/app_drv_fifo.o
                0x0000000000002e1a                app_drv_fifo_flush
 .text.app_drv_fifo_write_from_same_addr
                0x0000000000002e20       0x66 ./APP/app_drv_fifo/app_drv_fifo.o
                0x0000000000002e20                app_drv_fifo_write_from_same_addr
 .text.app_drv_fifo_read
                0x0000000000002e86       0x62 ./APP/app_drv_fifo/app_drv_fifo.o
                0x0000000000002e86                app_drv_fifo_read
 .text.startup.main
                0x0000000000002ee8       0x7c ./APP/main.o
                0x0000000000002ee8                main
 .text.peripheralRssiCB
                0x0000000000002f64       0x12 ./APP/peripheral.o
 .text.on_bleuartServiceEvt
                0x0000000000002f76       0x58 ./APP/peripheral.o
                0x0000000000002f76                on_bleuartServiceEvt
 .text.Peripheral_ProcessEvent
                0x0000000000002fce      0x204 ./APP/peripheral.o
                0x0000000000002fce                Peripheral_ProcessEvent
 .text.peripheralParamUpdateCB
                0x00000000000031d2       0x30 ./APP/peripheral.o
 .text.Peripheral_LinkTerminated
                0x0000000000003202       0x44 ./APP/peripheral.o
 .text.peripheralStateNotificationCB
                0x0000000000003246      0x12a ./APP/peripheral.o
 .text.app_drv_process
                0x0000000000003370       0x2c ./APP/peripheral.o
                0x0000000000003370                app_drv_process
 .text.app_drv_init
                0x000000000000339c       0x38 ./APP/peripheral.o
                0x000000000000339c                app_drv_init
 .text.Peripheral_Init
                0x00000000000033d4      0x134 ./APP/peripheral.o
                0x00000000000033d4                Peripheral_Init
 .text.tmos_msg_enqueue
                0x0000000000003508       0x1e E:\WORK\JeremyWang_Gitee\wexcube\Examples\example3\LIB\libCH57xBLE.a(message.o)
                0x0000000000003508                tmos_msg_enqueue
 .text.tmos_msg_deallocate
                0x0000000000003526       0x2c E:\WORK\JeremyWang_Gitee\wexcube\Examples\example3\LIB\libCH57xBLE.a(message.o)
                0x0000000000003526                tmos_msg_deallocate
 .text.tmos_msg_allocate
                0x0000000000003552       0x3e E:\WORK\JeremyWang_Gitee\wexcube\Examples\example3\LIB\libCH57xBLE.a(message.o)
                0x0000000000003552                tmos_msg_allocate
 .text.tmos_msg_receive
                0x0000000000003590       0x68 E:\WORK\JeremyWang_Gitee\wexcube\Examples\example3\LIB\libCH57xBLE.a(message.o)
                0x0000000000003590                tmos_msg_receive
 .text.tmos_msg_send
                0x00000000000035f8       0x56 E:\WORK\JeremyWang_Gitee\wexcube\Examples\example3\LIB\libCH57xBLE.a(message.o)
                0x00000000000035f8                tmos_msg_send
 .text.tmos_msg_init
                0x000000000000364e        0x6 E:\WORK\JeremyWang_Gitee\wexcube\Examples\example3\LIB\libCH57xBLE.a(message.o)
                0x000000000000364e                tmos_msg_init
 .text.tmosFindTask
                0x0000000000003654       0x20 E:\WORK\JeremyWang_Gitee\wexcube\Examples\example3\LIB\libCH57xBLE.a(tmos.o)
 .text.TMOS_CbTimerProcessEvent
                0x0000000000003674       0x7c E:\WORK\JeremyWang_Gitee\wexcube\Examples\example3\LIB\libCH57xBLE.a(tmos.o)
                0x0000000000003674                TMOS_CbTimerProcessEvent
 .text.tmos_rand
                0x00000000000036f0       0x54 E:\WORK\JeremyWang_Gitee\wexcube\Examples\example3\LIB\libCH57xBLE.a(tmos.o)
                0x00000000000036f0                tmos_rand
 .text.tmos_query_sleep_time
                0x0000000000003744      0x18a E:\WORK\JeremyWang_Gitee\wexcube\Examples\example3\LIB\libCH57xBLE.a(tmos.o)
                0x0000000000003744                tmos_query_sleep_time
 .text.tmos_memset
                0x00000000000038ce       0x12 E:\WORK\JeremyWang_Gitee\wexcube\Examples\example3\LIB\libCH57xBLE.a(tmos.o)
                0x00000000000038ce                tmos_memset
 .text.tmos_strlen
                0x00000000000038e0       0x14 E:\WORK\JeremyWang_Gitee\wexcube\Examples\example3\LIB\libCH57xBLE.a(tmos.o)
                0x00000000000038e0                tmos_strlen
 .text.tmos_memdup
                0x00000000000038f4       0x3c E:\WORK\JeremyWang_Gitee\wexcube\Examples\example3\LIB\libCH57xBLE.a(tmos.o)
                0x00000000000038f4                tmos_memdup
 .text.tmos_memcmp
                0x0000000000003930       0x24 E:\WORK\JeremyWang_Gitee\wexcube\Examples\example3\LIB\libCH57xBLE.a(tmos.o)
                0x0000000000003930                tmos_memcmp
 .text.tmos_revmemcpy
                0x0000000000003954       0x1c E:\WORK\JeremyWang_Gitee\wexcube\Examples\example3\LIB\libCH57xBLE.a(tmos.o)
                0x0000000000003954                tmos_revmemcpy
 .text.tmos_isbufset
                0x0000000000003970       0x1e E:\WORK\JeremyWang_Gitee\wexcube\Examples\example3\LIB\libCH57xBLE.a(tmos.o)
                0x0000000000003970                tmos_isbufset
 .text.tmos_set_event
                0x000000000000398e       0x2a E:\WORK\JeremyWang_Gitee\wexcube\Examples\example3\LIB\libCH57xBLE.a(tmos.o)
                0x000000000000398e                tmos_set_event
 .text.tmos_query_system_time
                0x00000000000039b8       0xae E:\WORK\JeremyWang_Gitee\wexcube\Examples\example3\LIB\libCH57xBLE.a(tmos.o)
                0x00000000000039b8                tmos_query_system_time
 .text.tmos_clear_event
                0x0000000000003a66       0x2e E:\WORK\JeremyWang_Gitee\wexcube\Examples\example3\LIB\libCH57xBLE.a(tmos.o)
                0x0000000000003a66                tmos_clear_event
 .text.tmos_start_task
                0x0000000000003a94       0x8e E:\WORK\JeremyWang_Gitee\wexcube\Examples\example3\LIB\libCH57xBLE.a(tmos.o)
                0x0000000000003a94                tmos_start_task
 .text.tmos_start_callback_task
                0x0000000000003b22       0xac E:\WORK\JeremyWang_Gitee\wexcube\Examples\example3\LIB\libCH57xBLE.a(tmos.o)
                0x0000000000003b22                tmos_start_callback_task
 .text.tmos_start_reload_task
                0x0000000000003bce       0x30 E:\WORK\JeremyWang_Gitee\wexcube\Examples\example3\LIB\libCH57xBLE.a(tmos.o)
                0x0000000000003bce                tmos_start_reload_task
 .text.tmos_stop_task
                0x0000000000003bfe       0x32 E:\WORK\JeremyWang_Gitee\wexcube\Examples\example3\LIB\libCH57xBLE.a(tmos.o)
                0x0000000000003bfe                tmos_stop_task
 .text.tmos_stop_callback_task
                0x0000000000003c30       0x5c E:\WORK\JeremyWang_Gitee\wexcube\Examples\example3\LIB\libCH57xBLE.a(tmos.o)
                0x0000000000003c30                tmos_stop_callback_task
 .text.tmos_get_task_timer
                0x0000000000003c8c       0x16 E:\WORK\JeremyWang_Gitee\wexcube\Examples\example3\LIB\libCH57xBLE.a(tmos.o)
                0x0000000000003c8c                tmos_get_task_timer
 .text.tmos_update_callback_timer
                0x0000000000003ca2       0x62 E:\WORK\JeremyWang_Gitee\wexcube\Examples\example3\LIB\libCH57xBLE.a(tmos.o)
                0x0000000000003ca2                tmos_update_callback_timer
 .text.TMOS_TimerRegister
                0x0000000000003d04       0x1a E:\WORK\JeremyWang_Gitee\wexcube\Examples\example3\LIB\libCH57xBLE.a(tmos.o)
                0x0000000000003d04                TMOS_TimerRegister
 .text.TMOS_ProcessRegister
                0x0000000000003d1e       0x16 E:\WORK\JeremyWang_Gitee\wexcube\Examples\example3\LIB\libCH57xBLE.a(tmos.o)
                0x0000000000003d1e                TMOS_ProcessRegister
 .text.TMOS_Init
                0x0000000000003d34       0xbe E:\WORK\JeremyWang_Gitee\wexcube\Examples\example3\LIB\libCH57xBLE.a(tmos.o)
                0x0000000000003d34                TMOS_Init
 .text.TMOS_ProcessEventRegister
                0x0000000000003df2       0x38 E:\WORK\JeremyWang_Gitee\wexcube\Examples\example3\LIB\libCH57xBLE.a(tmos.o)
                0x0000000000003df2                TMOS_ProcessEventRegister
 .text.BLE_LibInit
                0x0000000000003e2a      0x156 E:\WORK\JeremyWang_Gitee\wexcube\Examples\example3\LIB\libCH57xBLE.a(tmos.o)
                0x0000000000003e2a                BLE_LibInit
 .text.ble_ll_common_rand8
                0x0000000000003f80       0x24 E:\WORK\JeremyWang_Gitee\wexcube\Examples\example3\LIB\libCH57xBLE.a(tmos_hw.o)
                0x0000000000003f80                ble_ll_common_rand8
 .text.ble_ll_common_rand16
                0x0000000000003fa4       0x24 E:\WORK\JeremyWang_Gitee\wexcube\Examples\example3\LIB\libCH57xBLE.a(tmos_hw.o)
                0x0000000000003fa4                ble_ll_common_rand16
 .text.ble_ll_common_rand32
                0x0000000000003fc8       0x20 E:\WORK\JeremyWang_Gitee\wexcube\Examples\example3\LIB\libCH57xBLE.a(tmos_hw.o)
                0x0000000000003fc8                ble_ll_common_rand32
 .text.ll_hw_temp_sample
                0x0000000000003fe8       0xc0 E:\WORK\JeremyWang_Gitee\wexcube\Examples\example3\LIB\libCH57xBLE.a(tmos_hw.o)
                0x0000000000003fe8                ll_hw_temp_sample
 .text.TMOS_TimerInit
                0x00000000000040a8       0x5c E:\WORK\JeremyWang_Gitee\wexcube\Examples\example3\LIB\libCH57xBLE.a(tmos_hw.o)
                0x00000000000040a8                TMOS_TimerInit
 .text.tmos_snv_init
                0x0000000000004104       0xba E:\WORK\JeremyWang_Gitee\wexcube\Examples\example3\LIB\libCH57xBLE.a(tmos_snv.o)
                0x0000000000004104                tmos_snv_init
 .text.tmos_snv_clear
                0x00000000000041be       0xac E:\WORK\JeremyWang_Gitee\wexcube\Examples\example3\LIB\libCH57xBLE.a(tmos_snv.o)
                0x00000000000041be                tmos_snv_clear
 .text.tmos_snv_read
                0x000000000000426a       0xea E:\WORK\JeremyWang_Gitee\wexcube\Examples\example3\LIB\libCH57xBLE.a(tmos_snv.o)
                0x000000000000426a                tmos_snv_read
 .text.tmos_snv_notify
                0x0000000000004354       0x5e E:\WORK\JeremyWang_Gitee\wexcube\Examples\example3\LIB\libCH57xBLE.a(tmos_snv.o)
                0x0000000000004354                tmos_snv_notify
 .text.tmos_snv_write
                0x00000000000043b2      0x116 E:\WORK\JeremyWang_Gitee\wexcube\Examples\example3\LIB\libCH57xBLE.a(tmos_snv.o)
                0x00000000000043b2                tmos_snv_write
 .text.tmos_snv_compact
                0x00000000000044c8       0x48 E:\WORK\JeremyWang_Gitee\wexcube\Examples\example3\LIB\libCH57xBLE.a(tmos_snv.o)
                0x00000000000044c8                tmos_snv_compact
 .text.ATT_BuildErrorRsp
                0x0000000000004510       0x26 E:\WORK\JeremyWang_Gitee\wexcube\Examples\example3\LIB\libCH57xBLE.a(att.o)
                0x0000000000004510                ATT_BuildErrorRsp
 .text.ATT_ParamInit
                0x0000000000004536        0xa E:\WORK\JeremyWang_Gitee\wexcube\Examples\example3\LIB\libCH57xBLE.a(att.o)
                0x0000000000004536                ATT_ParamInit
 .text.ATT_ConvertUUIDto128
                0x0000000000004540       0x46 E:\WORK\JeremyWang_Gitee\wexcube\Examples\example3\LIB\libCH57xBLE.a(att.o)
                0x0000000000004540                ATT_ConvertUUIDto128
 .text.ATT_CompareUUID
                0x0000000000004586       0x62 E:\WORK\JeremyWang_Gitee\wexcube\Examples\example3\LIB\libCH57xBLE.a(att.o)
                0x0000000000004586                ATT_CompareUUID
 .text.ATT_RegisterServer
                0x00000000000045e8        0x6 E:\WORK\JeremyWang_Gitee\wexcube\Examples\example3\LIB\libCH57xBLE.a(att.o)
                0x00000000000045e8                ATT_RegisterServer
 .text.ATT_ParsePacket
                0x00000000000045ee       0x94 E:\WORK\JeremyWang_Gitee\wexcube\Examples\example3\LIB\libCH57xBLE.a(att.o)
                0x00000000000045ee                ATT_ParsePacket
 .text.ATT_UpdateMTU
                0x0000000000004682       0x3c E:\WORK\JeremyWang_Gitee\wexcube\Examples\example3\LIB\libCH57xBLE.a(att.o)
                0x0000000000004682                ATT_UpdateMTU
 .text.ATT_GetMTU
                0x00000000000046be       0x1e E:\WORK\JeremyWang_Gitee\wexcube\Examples\example3\LIB\libCH57xBLE.a(att.o)
                0x00000000000046be                ATT_GetMTU
 .text.attSendMsg
                0x00000000000046dc       0xb6 E:\WORK\JeremyWang_Gitee\wexcube\Examples\example3\LIB\libCH57xBLE.a(att.o)
                0x00000000000046dc                attSendMsg
 .text.attSendRspMsg
                0x0000000000004792       0x46 E:\WORK\JeremyWang_Gitee\wexcube\Examples\example3\LIB\libCH57xBLE.a(att.o)
                0x0000000000004792                attSendRspMsg
 .text.ATT_ErrorRsp
                0x00000000000047d8       0x10 E:\WORK\JeremyWang_Gitee\wexcube\Examples\example3\LIB\libCH57xBLE.a(att.o)
                0x00000000000047d8                ATT_ErrorRsp
 .text.disconnectNext
                0x00000000000047e8       0x22 E:\WORK\JeremyWang_Gitee\wexcube\Examples\example3\LIB\libCH57xBLE.a(gap.o)
 .text.GAP_ParamInit
                0x000000000000480a       0x80 E:\WORK\JeremyWang_Gitee\wexcube\Examples\example3\LIB\libCH57xBLE.a(gap.o)
                0x000000000000480a                GAP_ParamInit
 .text.sendTerminateEvent
                0x000000000000488a       0x58 E:\WORK\JeremyWang_Gitee\wexcube\Examples\example3\LIB\libCH57xBLE.a(gap.o)
                0x000000000000488a                sendTerminateEvent
 .text.gapRegisterCentral
                0x00000000000048e2        0x6 E:\WORK\JeremyWang_Gitee\wexcube\Examples\example3\LIB\libCH57xBLE.a(gap.o)
                0x00000000000048e2                gapRegisterCentral
 .text.gapRegisterCentralConn
                0x00000000000048e8        0x6 E:\WORK\JeremyWang_Gitee\wexcube\Examples\example3\LIB\libCH57xBLE.a(gap.o)
                0x00000000000048e8                gapRegisterCentralConn
 .text.gapRegisterPeripheral
                0x00000000000048ee        0x6 E:\WORK\JeremyWang_Gitee\wexcube\Examples\example3\LIB\libCH57xBLE.a(gap.o)
                0x00000000000048ee                gapRegisterPeripheral
 .text.gapRegisterPeripheralConn
                0x00000000000048f4        0x6 E:\WORK\JeremyWang_Gitee\wexcube\Examples\example3\LIB\libCH57xBLE.a(gap.o)
                0x00000000000048f4                gapRegisterPeripheralConn
 .text.smGenerateRandBuf
                0x00000000000048fa       0x56 E:\WORK\JeremyWang_Gitee\wexcube\Examples\example3\LIB\libCH57xBLE.a(gap.o)
                0x00000000000048fa                smGenerateRandBuf
 .text.gapL2capConnParamUpdateReq
                0x0000000000004950       0x32 E:\WORK\JeremyWang_Gitee\wexcube\Examples\example3\LIB\libCH57xBLE.a(gap.o)
                0x0000000000004950                gapL2capConnParamUpdateReq
 .text.gapValidADType
                0x0000000000004982       0x16 E:\WORK\JeremyWang_Gitee\wexcube\Examples\example3\LIB\libCH57xBLE.a(gap.o)
                0x0000000000004982                gapValidADType
 .text.gapFindADType
                0x0000000000004998       0x8e E:\WORK\JeremyWang_Gitee\wexcube\Examples\example3\LIB\libCH57xBLE.a(gap.o)
                0x0000000000004998                gapFindADType
 .text.GAP_SecParamsInit
                0x0000000000004a26       0x9a E:\WORK\JeremyWang_Gitee\wexcube\Examples\example3\LIB\libCH57xBLE.a(gap.o)
                0x0000000000004a26                GAP_SecParamsInit
 .text.GAP_ParamsInit
                0x0000000000004ac0       0x48 E:\WORK\JeremyWang_Gitee\wexcube\Examples\example3\LIB\libCH57xBLE.a(gap.o)
                0x0000000000004ac0                GAP_ParamsInit
 .text.gapAddAddrAdj
                0x0000000000004b08       0x48 E:\WORK\JeremyWang_Gitee\wexcube\Examples\example3\LIB\libCH57xBLE.a(gap.o)
                0x0000000000004b08                gapAddAddrAdj
 .text.gapDetermineAddrType
                0x0000000000004b50       0x28 E:\WORK\JeremyWang_Gitee\wexcube\Examples\example3\LIB\libCH57xBLE.a(gap.o)
                0x0000000000004b50                gapDetermineAddrType
 .text.gapFreeAuthLink
                0x0000000000004b78       0x4a E:\WORK\JeremyWang_Gitee\wexcube\Examples\example3\LIB\libCH57xBLE.a(gap.o)
                0x0000000000004b78                gapFreeAuthLink
 .text.gapGetDevAddress
                0x0000000000004bc2       0x24 E:\WORK\JeremyWang_Gitee\wexcube\Examples\example3\LIB\libCH57xBLE.a(gap.o)
                0x0000000000004bc2                gapGetDevAddress
 .text.gapGetDevAddressMode
                0x0000000000004be6        0xa E:\WORK\JeremyWang_Gitee\wexcube\Examples\example3\LIB\libCH57xBLE.a(gap.o)
                0x0000000000004be6                gapGetDevAddressMode
 .text.gapGetIRK
                0x0000000000004bf0        0xc E:\WORK\JeremyWang_Gitee\wexcube\Examples\example3\LIB\libCH57xBLE.a(gap.o)
                0x0000000000004bf0                gapGetIRK
 .text.gapGetSRK
                0x0000000000004bfc        0xc E:\WORK\JeremyWang_Gitee\wexcube\Examples\example3\LIB\libCH57xBLE.a(gap.o)
                0x0000000000004bfc                gapGetSRK
 .text.gapGetSignCounter
                0x0000000000004c08        0xe E:\WORK\JeremyWang_Gitee\wexcube\Examples\example3\LIB\libCH57xBLE.a(gap.o)
                0x0000000000004c08                gapGetSignCounter
 .text.gapIncSignCounter
                0x0000000000004c16       0x28 E:\WORK\JeremyWang_Gitee\wexcube\Examples\example3\LIB\libCH57xBLE.a(gap.o)
                0x0000000000004c16                gapIncSignCounter
 .text.gapProcessConnEvt
                0x0000000000004c3e       0x48 E:\WORK\JeremyWang_Gitee\wexcube\Examples\example3\LIB\libCH57xBLE.a(gap.o)
                0x0000000000004c3e                gapProcessConnEvt
 .text.gapProcessDisconnectCompleteEvt
                0x0000000000004c86       0xa8 E:\WORK\JeremyWang_Gitee\wexcube\Examples\example3\LIB\libCH57xBLE.a(gap.o)
                0x0000000000004c86                gapProcessDisconnectCompleteEvt
 .text.sendAuthEvent
                0x0000000000004d2e      0x11a E:\WORK\JeremyWang_Gitee\wexcube\Examples\example3\LIB\libCH57xBLE.a(gap.o)
                0x0000000000004d2e                sendAuthEvent
 .text.gapSendBondCompleteEvent
                0x0000000000004e48       0x70 E:\WORK\JeremyWang_Gitee\wexcube\Examples\example3\LIB\libCH57xBLE.a(gap.o)
                0x0000000000004e48                gapSendBondCompleteEvent
 .text.gapSendPairingReqEvent
                0x0000000000004eb8       0x92 E:\WORK\JeremyWang_Gitee\wexcube\Examples\example3\LIB\libCH57xBLE.a(gap.o)
                0x0000000000004eb8                gapSendPairingReqEvent
 .text.gapSendSlaveSecurityReqEvent
                0x0000000000004f4a       0x68 E:\WORK\JeremyWang_Gitee\wexcube\Examples\example3\LIB\libCH57xBLE.a(gap.o)
                0x0000000000004f4a                gapSendSlaveSecurityReqEvent
 .text.gapSendDeviceInitDoneEvent
                0x0000000000004fb2       0x88 E:\WORK\JeremyWang_Gitee\wexcube\Examples\example3\LIB\libCH57xBLE.a(gap.o)
                0x0000000000004fb2                gapSendDeviceInitDoneEvent
 .text.gapSendLinkUpdateEvent
                0x000000000000503a       0x84 E:\WORK\JeremyWang_Gitee\wexcube\Examples\example3\LIB\libCH57xBLE.a(gap.o)
                0x000000000000503a                gapSendLinkUpdateEvent
 .text.gapSendEstLinkEvent
                0x00000000000050be       0xb8 E:\WORK\JeremyWang_Gitee\wexcube\Examples\example3\LIB\libCH57xBLE.a(gap.o)
                0x00000000000050be                gapSendEstLinkEvent
 .text.gapProcessNewAddr
                0x0000000000005176       0x3e E:\WORK\JeremyWang_Gitee\wexcube\Examples\example3\LIB\libCH57xBLE.a(gap.o)
                0x0000000000005176                gapProcessNewAddr
 .text.gapProcessRandomAddrComplete
                0x00000000000051b4       0xa2 E:\WORK\JeremyWang_Gitee\wexcube\Examples\example3\LIB\libCH57xBLE.a(gap.o)
                0x00000000000051b4                gapProcessRandomAddrComplete
 .text.GAP_Authenticate
                0x0000000000005256       0xd2 E:\WORK\JeremyWang_Gitee\wexcube\Examples\example3\LIB\libCH57xBLE.a(gap.o)
                0x0000000000005256                GAP_Authenticate
 .text.GAP_Bond
                0x0000000000005328       0xa2 E:\WORK\JeremyWang_Gitee\wexcube\Examples\example3\LIB\libCH57xBLE.a(gap.o)
                0x0000000000005328                GAP_Bond
 .text.GAP_GetParamValue
                0x00000000000053ca       0x1e E:\WORK\JeremyWang_Gitee\wexcube\Examples\example3\LIB\libCH57xBLE.a(gap.o)
                0x00000000000053ca                GAP_GetParamValue
 .text.GAP_PasscodeUpdate
                0x00000000000053e8       0x50 E:\WORK\JeremyWang_Gitee\wexcube\Examples\example3\LIB\libCH57xBLE.a(gap.o)
                0x00000000000053e8                GAP_PasscodeUpdate
 .text.GAP_RegisterForMsgs
                0x0000000000005438        0x6 E:\WORK\JeremyWang_Gitee\wexcube\Examples\example3\LIB\libCH57xBLE.a(gap.o)
                0x0000000000005438                GAP_RegisterForMsgs
 .text.GAP_ResolvePrivateAddr
                0x000000000000543e        0x4 E:\WORK\JeremyWang_Gitee\wexcube\Examples\example3\LIB\libCH57xBLE.a(gap.o)
                0x000000000000543e                GAP_ResolvePrivateAddr
 .text.gapPairingCompleteCB
                0x0000000000005442      0x188 E:\WORK\JeremyWang_Gitee\wexcube\Examples\example3\LIB\libCH57xBLE.a(gap.o)
                0x0000000000005442                gapPairingCompleteCB
 .text.gapPasskeyNeededCB
                0x00000000000055ca       0x8e E:\WORK\JeremyWang_Gitee\wexcube\Examples\example3\LIB\libCH57xBLE.a(gap.o)
                0x00000000000055ca                gapPasskeyNeededCB
 .text.gapFreeEstLink
                0x0000000000005658       0x20 E:\WORK\JeremyWang_Gitee\wexcube\Examples\example3\LIB\libCH57xBLE.a(gap.o)
                0x0000000000005658                gapFreeEstLink
 .text.gapUpdateConnSignCounter
                0x0000000000005678       0x7a E:\WORK\JeremyWang_Gitee\wexcube\Examples\example3\LIB\libCH57xBLE.a(gap.o)
                0x0000000000005678                gapUpdateConnSignCounter
 .text.GAP_SendSlaveSecurityRequest
                0x00000000000056f2       0x4c E:\WORK\JeremyWang_Gitee\wexcube\Examples\example3\LIB\libCH57xBLE.a(gap.o)
                0x00000000000056f2                GAP_SendSlaveSecurityRequest
 .text.GAP_Signable
                0x000000000000573e       0x66 E:\WORK\JeremyWang_Gitee\wexcube\Examples\example3\LIB\libCH57xBLE.a(gap.o)
                0x000000000000573e                GAP_Signable
 .text.GAP_TerminateAuth
                0x00000000000057a4       0x2a E:\WORK\JeremyWang_Gitee\wexcube\Examples\example3\LIB\libCH57xBLE.a(gap.o)
                0x00000000000057a4                GAP_TerminateAuth
 .text.GAP_NumActiveConnections
                0x00000000000057ce        0x4 E:\WORK\JeremyWang_Gitee\wexcube\Examples\example3\LIB\libCH57xBLE.a(gap.o)
                0x00000000000057ce                GAP_NumActiveConnections
 .text.GAP_TerminateLinkReq
                0x00000000000057d2       0x8e E:\WORK\JeremyWang_Gitee\wexcube\Examples\example3\LIB\libCH57xBLE.a(gap.o)
                0x00000000000057d2                GAP_TerminateLinkReq
 .text.GAP_SetParamValue
                0x0000000000005860       0x58 E:\WORK\JeremyWang_Gitee\wexcube\Examples\example3\LIB\libCH57xBLE.a(gap.o)
                0x0000000000005860                GAP_SetParamValue
 .text.GAP_Init
                0x00000000000058b8       0x44 E:\WORK\JeremyWang_Gitee\wexcube\Examples\example3\LIB\libCH57xBLE.a(gap.o)
                0x00000000000058b8                GAP_Init
 .text.GAP_ProcessEvent
                0x00000000000058fc      0x59a E:\WORK\JeremyWang_Gitee\wexcube\Examples\example3\LIB\libCH57xBLE.a(gap.o)
                0x00000000000058fc                GAP_ProcessEvent
 .text.gapSendScanEnable
                0x0000000000005e96       0x1e E:\WORK\JeremyWang_Gitee\wexcube\Examples\example3\LIB\libCH57xBLE.a(gap_central.o)
 .text.gapCentProcessConnEvt
                0x0000000000005eb4      0x104 E:\WORK\JeremyWang_Gitee\wexcube\Examples\example3\LIB\libCH57xBLE.a(gap_central.o)
                0x0000000000005eb4                gapCentProcessConnEvt
 .text.gapCancelLinkReq
                0x0000000000005fb8       0x38 E:\WORK\JeremyWang_Gitee\wexcube\Examples\example3\LIB\libCH57xBLE.a(gap_central.o)
                0x0000000000005fb8                gapCancelLinkReq
 .text.GAP_CentralParamInit
                0x0000000000005ff0       0x4c E:\WORK\JeremyWang_Gitee\wexcube\Examples\example3\LIB\libCH57xBLE.a(gap_central.o)
                0x0000000000005ff0                GAP_CentralParamInit
 .text.gapFreeScanRecs
                0x000000000000603c       0xa2 E:\WORK\JeremyWang_Gitee\wexcube\Examples\example3\LIB\libCH57xBLE.a(gap_central.o)
                0x000000000000603c                gapFreeScanRecs
 .text.gapSendDevDiscEvent
                0x00000000000060de      0x124 E:\WORK\JeremyWang_Gitee\wexcube\Examples\example3\LIB\libCH57xBLE.a(gap_central.o)
                0x00000000000060de                gapSendDevDiscEvent
 .text.gapSetScanParamStatus.part.2
                0x0000000000006202       0x40 E:\WORK\JeremyWang_Gitee\wexcube\Examples\example3\LIB\libCH57xBLE.a(gap_central.o)
 .text.gapCentProcessHCICmdEvt
                0x0000000000006242       0x3c E:\WORK\JeremyWang_Gitee\wexcube\Examples\example3\LIB\libCH57xBLE.a(gap_central.o)
                0x0000000000006242                gapCentProcessHCICmdEvt
 .text.gapProcessScanningEvt
                0x000000000000627e      0x32c E:\WORK\JeremyWang_Gitee\wexcube\Examples\example3\LIB\libCH57xBLE.a(gap_central.o)
                0x000000000000627e                gapProcessScanningEvt
 .text.gapProcessScanningDirectEvt
                0x00000000000065aa       0xfe E:\WORK\JeremyWang_Gitee\wexcube\Examples\example3\LIB\libCH57xBLE.a(gap_central.o)
                0x00000000000065aa                gapProcessScanningDirectEvt
 .text.GAP_CentConnRegister
                0x00000000000066a8       0x12 E:\WORK\JeremyWang_Gitee\wexcube\Examples\example3\LIB\libCH57xBLE.a(gap_central.o)
                0x00000000000066a8                GAP_CentConnRegister
 .text.GAP_CentDevMgrInit
                0x00000000000066ba       0x94 E:\WORK\JeremyWang_Gitee\wexcube\Examples\example3\LIB\libCH57xBLE.a(gap_central.o)
                0x00000000000066ba                GAP_CentDevMgrInit
 .text.gapFreeAdvertState
                0x000000000000674e       0x20 E:\WORK\JeremyWang_Gitee\wexcube\Examples\example3\LIB\libCH57xBLE.a(gap_peripheral.o)
 .text.gapPeriProcessConnEvt
                0x000000000000676e       0xbc E:\WORK\JeremyWang_Gitee\wexcube\Examples\example3\LIB\libCH57xBLE.a(gap_peripheral.o)
 .text.gapSetAdvParams
                0x000000000000682a       0x88 E:\WORK\JeremyWang_Gitee\wexcube\Examples\example3\LIB\libCH57xBLE.a(gap_peripheral.o)
 .text.GAP_PeripheralParamInit
                0x00000000000068b2       0x4a E:\WORK\JeremyWang_Gitee\wexcube\Examples\example3\LIB\libCH57xBLE.a(gap_peripheral.o)
                0x00000000000068b2                GAP_PeripheralParamInit
 .text.gapSendMakeDiscEvent
                0x00000000000068fc       0x50 E:\WORK\JeremyWang_Gitee\wexcube\Examples\example3\LIB\libCH57xBLE.a(gap_peripheral.o)
                0x00000000000068fc                gapSendMakeDiscEvent
 .text.gapPeriProcessHCICmdCompleteEvt
                0x000000000000694c      0x194 E:\WORK\JeremyWang_Gitee\wexcube\Examples\example3\LIB\libCH57xBLE.a(gap_peripheral.o)
 .text.GAP_MakeDiscoverable
                0x0000000000006ae0       0xf2 E:\WORK\JeremyWang_Gitee\wexcube\Examples\example3\LIB\libCH57xBLE.a(gap_peripheral.o)
                0x0000000000006ae0                GAP_MakeDiscoverable
 .text.GAP_EndDiscoverable
                0x0000000000006bd2       0x5c E:\WORK\JeremyWang_Gitee\wexcube\Examples\example3\LIB\libCH57xBLE.a(gap_peripheral.o)
                0x0000000000006bd2                GAP_EndDiscoverable
 .text.gapProcessAdvertisingEvt
                0x0000000000006c2e       0x8e E:\WORK\JeremyWang_Gitee\wexcube\Examples\example3\LIB\libCH57xBLE.a(gap_peripheral.o)
 .text.GAP_UpdateAdvertisingData
                0x0000000000006cbc       0xb8 E:\WORK\JeremyWang_Gitee\wexcube\Examples\example3\LIB\libCH57xBLE.a(gap_peripheral.o)
                0x0000000000006cbc                GAP_UpdateAdvertisingData
 .text.GAP_PeriConnRegister
                0x0000000000006d74       0x2a E:\WORK\JeremyWang_Gitee\wexcube\Examples\example3\LIB\libCH57xBLE.a(gap_peripheral.o)
                0x0000000000006d74                GAP_PeriConnRegister
 .text.GAP_PeriDevMgrInit
                0x0000000000006d9e       0xbc E:\WORK\JeremyWang_Gitee\wexcube\Examples\example3\LIB\libCH57xBLE.a(gap_peripheral.o)
                0x0000000000006d9e                GAP_PeriDevMgrInit
 .text.ggs_SetAttrWPermit
                0x0000000000006e5a       0x68 E:\WORK\JeremyWang_Gitee\wexcube\Examples\example3\LIB\libCH57xBLE.a(gapgattserver.o)
 .text.ggs_ReadAttrCB
                0x0000000000006ec2      0x152 E:\WORK\JeremyWang_Gitee\wexcube\Examples\example3\LIB\libCH57xBLE.a(gapgattserver.o)
 .text.ggs_WriteAttrCB
                0x0000000000007014      0x154 E:\WORK\JeremyWang_Gitee\wexcube\Examples\example3\LIB\libCH57xBLE.a(gapgattserver.o)
 .text.GGS_ParamInit
                0x0000000000007168      0x23a E:\WORK\JeremyWang_Gitee\wexcube\Examples\example3\LIB\libCH57xBLE.a(gapgattserver.o)
                0x0000000000007168                GGS_ParamInit
 .text.GGS_SetParameter
                0x00000000000073a2       0xde E:\WORK\JeremyWang_Gitee\wexcube\Examples\example3\LIB\libCH57xBLE.a(gapgattserver.o)
                0x00000000000073a2                GGS_SetParameter
 .text.GGS_AddService
                0x0000000000007480       0x2c E:\WORK\JeremyWang_Gitee\wexcube\Examples\example3\LIB\libCH57xBLE.a(gapgattserver.o)
                0x0000000000007480                GGS_AddService
 .text.GAP_DeviceInit
                0x00000000000074ac       0xd8 E:\WORK\JeremyWang_Gitee\wexcube\Examples\example3\LIB\libCH57xBLE.a(gapgattserver.o)
                0x00000000000074ac                GAP_DeviceInit
 .text.gattGetPayload
                0x0000000000007584       0x7e E:\WORK\JeremyWang_Gitee\wexcube\Examples\example3\LIB\libCH57xBLE.a(gatt.o)
                0x0000000000007584                gattGetPayload
 .text.gattNotifyEvent
                0x0000000000007602       0x80 E:\WORK\JeremyWang_Gitee\wexcube\Examples\example3\LIB\libCH57xBLE.a(gatt.o)
                0x0000000000007602                gattNotifyEvent
 .text.gattSendFlowCtrlEvt
                0x0000000000007682       0x4a E:\WORK\JeremyWang_Gitee\wexcube\Examples\example3\LIB\libCH57xBLE.a(gatt.o)
                0x0000000000007682                gattSendFlowCtrlEvt
 .text.gattStartTimer
                0x00000000000076cc        0xc E:\WORK\JeremyWang_Gitee\wexcube\Examples\example3\LIB\libCH57xBLE.a(gatt.o)
                0x00000000000076cc                gattStartTimer
 .text.gattStopTimer
                0x00000000000076d8       0x32 E:\WORK\JeremyWang_Gitee\wexcube\Examples\example3\LIB\libCH57xBLE.a(gatt.o)
                0x00000000000076d8                gattStopTimer
 .text.GATT_AppCompletedMsg
                0x000000000000770a       0x30 E:\WORK\JeremyWang_Gitee\wexcube\Examples\example3\LIB\libCH57xBLE.a(gatt.o)
                0x000000000000770a                GATT_AppCompletedMsg
 .text.GATT_NotifyEvent
                0x000000000000773a       0x4e E:\WORK\JeremyWang_Gitee\wexcube\Examples\example3\LIB\libCH57xBLE.a(gatt.o)
                0x000000000000773a                GATT_NotifyEvent
 .text.gattRegisterServer
                0x0000000000007788        0x6 E:\WORK\JeremyWang_Gitee\wexcube\Examples\example3\LIB\libCH57xBLE.a(gatt.o)
                0x0000000000007788                gattRegisterServer
 .text.GATT_UpdateMTU
                0x000000000000778e       0x5c E:\WORK\JeremyWang_Gitee\wexcube\Examples\example3\LIB\libCH57xBLE.a(gatt.o)
                0x000000000000778e                GATT_UpdateMTU
 .text.GATT_bm_alloc
                0x00000000000077ea       0xe8 E:\WORK\JeremyWang_Gitee\wexcube\Examples\example3\LIB\libCH57xBLE.a(gatt.o)
                0x00000000000077ea                GATT_bm_alloc
 .text.GATT_ServiceChangedInd
                0x00000000000078d2       0x94 E:\WORK\JeremyWang_Gitee\wexcube\Examples\example3\LIB\libCH57xBLE.a(gatt.o)
                0x00000000000078d2                GATT_ServiceChangedInd
 .text.GATT_bm_free
                0x0000000000007966       0x1c E:\WORK\JeremyWang_Gitee\wexcube\Examples\example3\LIB\libCH57xBLE.a(gatt.o)
                0x0000000000007966                GATT_bm_free
 .text.GATT_RegisterForPeriMsgs
                0x0000000000007982        0x6 E:\WORK\JeremyWang_Gitee\wexcube\Examples\example3\LIB\libCH57xBLE.a(gatt.o)
                0x0000000000007982                GATT_RegisterForPeriMsgs
 .text.GATT_Init
                0x0000000000007988       0x30 E:\WORK\JeremyWang_Gitee\wexcube\Examples\example3\LIB\libCH57xBLE.a(gatt.o)
                0x0000000000007988                GATT_Init
 .text.GATT_ProcessEvent
                0x00000000000079b8      0x136 E:\WORK\JeremyWang_Gitee\wexcube\Examples\example3\LIB\libCH57xBLE.a(gatt.o)
                0x00000000000079b8                GATT_ProcessEvent
 .text.gattProcessExchangeMTUReq
                0x0000000000007aee        0x4 E:\WORK\JeremyWang_Gitee\wexcube\Examples\example3\LIB\libCH57xBLE.a(gattservapp.o)
 .text.gattServerHandleTimerCB
                0x0000000000007af2       0x3c E:\WORK\JeremyWang_Gitee\wexcube\Examples\example3\LIB\libCH57xBLE.a(gattservapp.o)
 .text.gattProcessExecuteWriteReq
                0x0000000000007b2e        0x4 E:\WORK\JeremyWang_Gitee\wexcube\Examples\example3\LIB\libCH57xBLE.a(gattservapp.o)
 .text.GATTServApp_ParamInit
                0x0000000000007b32       0xd8 E:\WORK\JeremyWang_Gitee\wexcube\Examples\example3\LIB\libCH57xBLE.a(gattservapp.o)
                0x0000000000007b32                GATTServApp_ParamInit
 .text.GATTServApp_ReadCharCfg
                0x0000000000007c0a       0x12 E:\WORK\JeremyWang_Gitee\wexcube\Examples\example3\LIB\libCH57xBLE.a(gattservapp.o)
                0x0000000000007c0a                GATTServApp_ReadCharCfg
 .text.GATTServApp_WriteCharCfg
                0x0000000000007c1c       0x22 E:\WORK\JeremyWang_Gitee\wexcube\Examples\example3\LIB\libCH57xBLE.a(gattservapp.o)
                0x0000000000007c1c                GATTServApp_WriteCharCfg
 .text.GATTServApp_ProcessCCCWriteReq
                0x0000000000007c3e       0x60 E:\WORK\JeremyWang_Gitee\wexcube\Examples\example3\LIB\libCH57xBLE.a(gattservapp.o)
                0x0000000000007c3e                GATTServApp_ProcessCCCWriteReq
 .text.gattServApp_WriteAttrCB
                0x0000000000007c9e       0x34 E:\WORK\JeremyWang_Gitee\wexcube\Examples\example3\LIB\libCH57xBLE.a(gattservapp.o)
                0x0000000000007c9e                gattServApp_WriteAttrCB
 .text.GATTServApp_SendCCCUpdatedEvent
                0x0000000000007cd2       0x5e E:\WORK\JeremyWang_Gitee\wexcube\Examples\example3\LIB\libCH57xBLE.a(gattservapp.o)
                0x0000000000007cd2                GATTServApp_SendCCCUpdatedEvent
 .text.GATTServApp_SendServiceChangedInd
                0x0000000000007d30       0x38 E:\WORK\JeremyWang_Gitee\wexcube\Examples\example3\LIB\libCH57xBLE.a(gattservapp.o)
                0x0000000000007d30                GATTServApp_SendServiceChangedInd
 .text.gattServApp_ClearPrepareWriteQ
                0x0000000000007d68       0x4c E:\WORK\JeremyWang_Gitee\wexcube\Examples\example3\LIB\libCH57xBLE.a(gattservapp.o)
                0x0000000000007d68                gattServApp_ClearPrepareWriteQ
 .text.gattServApp_FindPrepareWriteQ
                0x0000000000007db4       0x32 E:\WORK\JeremyWang_Gitee\wexcube\Examples\example3\LIB\libCH57xBLE.a(gattservapp.o)
                0x0000000000007db4                gattServApp_FindPrepareWriteQ
 .text.gattServApp_FindServiceCBs
                0x0000000000007de6       0x18 E:\WORK\JeremyWang_Gitee\wexcube\Examples\example3\LIB\libCH57xBLE.a(gattservapp.o)
                0x0000000000007de6                gattServApp_FindServiceCBs
 .text.gattServApp_FindAuthorizeAttrCB
                0x0000000000007dfe       0x16 E:\WORK\JeremyWang_Gitee\wexcube\Examples\example3\LIB\libCH57xBLE.a(gattservapp.o)
                0x0000000000007dfe                gattServApp_FindAuthorizeAttrCB
 .text.gattServApp_IsWriteLong
                0x0000000000007e14       0xe6 E:\WORK\JeremyWang_Gitee\wexcube\Examples\example3\LIB\libCH57xBLE.a(gattservapp.o)
                0x0000000000007e14                gattServApp_IsWriteLong
 .text.gattFindService
                0x0000000000007efa       0x1c E:\WORK\JeremyWang_Gitee\wexcube\Examples\example3\LIB\libCH57xBLE.a(gattservapp.o)
                0x0000000000007efa                gattFindService
 .text.GATT_ServiceNumAttrs
                0x0000000000007f16       0x18 E:\WORK\JeremyWang_Gitee\wexcube\Examples\example3\LIB\libCH57xBLE.a(gattservapp.o)
                0x0000000000007f16                GATT_ServiceNumAttrs
 .text.GATT_ServiceEncKeySize
                0x0000000000007f2e       0x18 E:\WORK\JeremyWang_Gitee\wexcube\Examples\example3\LIB\libCH57xBLE.a(gattservapp.o)
                0x0000000000007f2e                GATT_ServiceEncKeySize
 .text.GATT_VerifyWritePermissions.part.7
                0x0000000000007f46       0x2e E:\WORK\JeremyWang_Gitee\wexcube\Examples\example3\LIB\libCH57xBLE.a(gattservapp.o)
 .text.gattResetServerInfo
                0x0000000000007f74       0x1c E:\WORK\JeremyWang_Gitee\wexcube\Examples\example3\LIB\libCH57xBLE.a(gattservapp.o)
                0x0000000000007f74                gattResetServerInfo
 .text.gattFindServerInfo
                0x0000000000007f90       0x32 E:\WORK\JeremyWang_Gitee\wexcube\Examples\example3\LIB\libCH57xBLE.a(gattservapp.o)
                0x0000000000007f90                gattFindServerInfo
 .text.gattServerHandleConnStatusCB
                0x0000000000007fc2       0x98 E:\WORK\JeremyWang_Gitee\wexcube\Examples\example3\LIB\libCH57xBLE.a(gattservapp.o)
                0x0000000000007fc2                gattServerHandleConnStatusCB
 .text.gattServerProcessMsgCB
                0x000000000000805a      0x1c0 E:\WORK\JeremyWang_Gitee\wexcube\Examples\example3\LIB\libCH57xBLE.a(gattservapp.o)
                0x000000000000805a                gattServerProcessMsgCB
 .text.gattServerNotifyTxCB
                0x000000000000821a       0x28 E:\WORK\JeremyWang_Gitee\wexcube\Examples\example3\LIB\libCH57xBLE.a(gattservapp.o)
 .text.GATT_FindHandle
                0x0000000000008242       0x4a E:\WORK\JeremyWang_Gitee\wexcube\Examples\example3\LIB\libCH57xBLE.a(gattservapp.o)
                0x0000000000008242                GATT_FindHandle
 .text.GATTServApp_WriteAttr
                0x000000000000828c       0xa8 E:\WORK\JeremyWang_Gitee\wexcube\Examples\example3\LIB\libCH57xBLE.a(gattservapp.o)
                0x000000000000828c                GATTServApp_WriteAttr
 .text.gattServApp_ProcessExecuteWriteReq
                0x0000000000008334      0x100 E:\WORK\JeremyWang_Gitee\wexcube\Examples\example3\LIB\libCH57xBLE.a(gattservapp.o)
                0x0000000000008334                gattServApp_ProcessExecuteWriteReq
 .text.GATTServApp_UpdateCharCfg
                0x0000000000008434       0x1e E:\WORK\JeremyWang_Gitee\wexcube\Examples\example3\LIB\libCH57xBLE.a(gattservapp.o)
                0x0000000000008434                GATTServApp_UpdateCharCfg
 .text.gattServApp_ProcessPrepareWriteReq
                0x0000000000008452      0x10e E:\WORK\JeremyWang_Gitee\wexcube\Examples\example3\LIB\libCH57xBLE.a(gattservapp.o)
                0x0000000000008452                gattServApp_ProcessPrepareWriteReq
 .text.gattServApp_ProcessWriteReq
                0x0000000000008560       0xb0 E:\WORK\JeremyWang_Gitee\wexcube\Examples\example3\LIB\libCH57xBLE.a(gattservapp.o)
                0x0000000000008560                gattServApp_ProcessWriteReq
 .text.GATT_Indication
                0x0000000000008610       0xa4 E:\WORK\JeremyWang_Gitee\wexcube\Examples\example3\LIB\libCH57xBLE.a(gattservapp.o)
                0x0000000000008610                GATT_Indication
 .text.GATT_FindHandleUUID
                0x00000000000086b4       0x94 E:\WORK\JeremyWang_Gitee\wexcube\Examples\example3\LIB\libCH57xBLE.a(gattservapp.o)
                0x00000000000086b4                GATT_FindHandleUUID
 .text.gattProcessReadByGrpTypeReq
                0x0000000000008748       0x60 E:\WORK\JeremyWang_Gitee\wexcube\Examples\example3\LIB\libCH57xBLE.a(gattservapp.o)
 .text.gattProcessReadByTypeReq
                0x00000000000087a8       0x34 E:\WORK\JeremyWang_Gitee\wexcube\Examples\example3\LIB\libCH57xBLE.a(gattservapp.o)
 .text.gattProcessFindByTypeValueReq
                0x00000000000087dc       0x34 E:\WORK\JeremyWang_Gitee\wexcube\Examples\example3\LIB\libCH57xBLE.a(gattservapp.o)
 .text.gattProcessFindInfoReq
                0x0000000000008810      0x1aa E:\WORK\JeremyWang_Gitee\wexcube\Examples\example3\LIB\libCH57xBLE.a(gattservapp.o)
 .text.GATT_Notification
                0x00000000000089ba       0x78 E:\WORK\JeremyWang_Gitee\wexcube\Examples\example3\LIB\libCH57xBLE.a(gattservapp.o)
                0x00000000000089ba                GATT_Notification
 .text.GATT_VerifyWritePermissions
                0x0000000000008a32       0x6a E:\WORK\JeremyWang_Gitee\wexcube\Examples\example3\LIB\libCH57xBLE.a(gattservapp.o)
                0x0000000000008a32                GATT_VerifyWritePermissions
 .text.gattProcessWriteReq
                0x0000000000008a9c       0x36 E:\WORK\JeremyWang_Gitee\wexcube\Examples\example3\LIB\libCH57xBLE.a(gattservapp.o)
 .text.GATT_VerifyPrepareWritePermissions
                0x0000000000008ad2       0x56 E:\WORK\JeremyWang_Gitee\wexcube\Examples\example3\LIB\libCH57xBLE.a(gattservapp.o)
                0x0000000000008ad2                GATT_VerifyPrepareWritePermissions
 .text.gattProcessPrepareWriteReq
                0x0000000000008b28       0x36 E:\WORK\JeremyWang_Gitee\wexcube\Examples\example3\LIB\libCH57xBLE.a(gattservapp.o)
 .text.GATT_FindNextAttr
                0x0000000000008b5e       0xc2 E:\WORK\JeremyWang_Gitee\wexcube\Examples\example3\LIB\libCH57xBLE.a(gattservapp.o)
                0x0000000000008b5e                GATT_FindNextAttr
 .text.GATTServApp_ReadAttr
                0x0000000000008c20      0x2e2 E:\WORK\JeremyWang_Gitee\wexcube\Examples\example3\LIB\libCH57xBLE.a(gattservapp.o)
                0x0000000000008c20                GATTServApp_ReadAttr
 .text.gattServApp_ProcessReadMultiReq
                0x0000000000008f02      0x16e E:\WORK\JeremyWang_Gitee\wexcube\Examples\example3\LIB\libCH57xBLE.a(gattservapp.o)
                0x0000000000008f02                gattServApp_ProcessReadMultiReq
 .text.gattServApp_ProcessFindByTypeValueReq
                0x0000000000009070      0x19c E:\WORK\JeremyWang_Gitee\wexcube\Examples\example3\LIB\libCH57xBLE.a(gattservapp.o)
                0x0000000000009070                gattServApp_ProcessFindByTypeValueReq
 .text.GATT_VerifyReadPermissions
                0x000000000000920c       0x68 E:\WORK\JeremyWang_Gitee\wexcube\Examples\example3\LIB\libCH57xBLE.a(gattservapp.o)
                0x000000000000920c                GATT_VerifyReadPermissions
 .text.gattProcessReadMultiReq
                0x0000000000009274       0xae E:\WORK\JeremyWang_Gitee\wexcube\Examples\example3\LIB\libCH57xBLE.a(gattservapp.o)
 .text.gattProcessReadReq
                0x0000000000009322       0x30 E:\WORK\JeremyWang_Gitee\wexcube\Examples\example3\LIB\libCH57xBLE.a(gattservapp.o)
 .text.gattServApp_ProcessReadByGrpTypeReq
                0x0000000000009352      0x21c E:\WORK\JeremyWang_Gitee\wexcube\Examples\example3\LIB\libCH57xBLE.a(gattservapp.o)
                0x0000000000009352                gattServApp_ProcessReadByGrpTypeReq
 .text.gattServApp_ProcessReadByTypeReq
                0x000000000000956e      0x1ae E:\WORK\JeremyWang_Gitee\wexcube\Examples\example3\LIB\libCH57xBLE.a(gattservapp.o)
                0x000000000000956e                gattServApp_ProcessReadByTypeReq
 .text.GATT_RegisterService
                0x000000000000971c       0xee E:\WORK\JeremyWang_Gitee\wexcube\Examples\example3\LIB\libCH57xBLE.a(gattservapp.o)
                0x000000000000971c                GATT_RegisterService
 .text.GATTServApp_RegisterService
                0x000000000000980a       0x7c E:\WORK\JeremyWang_Gitee\wexcube\Examples\example3\LIB\libCH57xBLE.a(gattservapp.o)
                0x000000000000980a                GATTServApp_RegisterService
 .text.GATTServApp_AddService
                0x0000000000009886       0x2c E:\WORK\JeremyWang_Gitee\wexcube\Examples\example3\LIB\libCH57xBLE.a(gattservapp.o)
                0x0000000000009886                GATTServApp_AddService
 .text.GATTServApp_RegisterForMsg
                0x00000000000098b2        0x6 E:\WORK\JeremyWang_Gitee\wexcube\Examples\example3\LIB\libCH57xBLE.a(gattservapp.o)
                0x00000000000098b2                GATTServApp_RegisterForMsg
 .text.GATTServApp_InitCharCfg
                0x00000000000098b8       0x1e E:\WORK\JeremyWang_Gitee\wexcube\Examples\example3\LIB\libCH57xBLE.a(gattservapp.o)
                0x00000000000098b8                GATTServApp_InitCharCfg
 .text.gattServApp_HandleConnStatusCB
                0x00000000000098d6       0x74 E:\WORK\JeremyWang_Gitee\wexcube\Examples\example3\LIB\libCH57xBLE.a(gattservapp.o)
                0x00000000000098d6                gattServApp_HandleConnStatusCB
 .text.GATT_InitServer
                0x000000000000994a       0xac E:\WORK\JeremyWang_Gitee\wexcube\Examples\example3\LIB\libCH57xBLE.a(gattservapp.o)
                0x000000000000994a                GATT_InitServer
 .text.GATTServApp_Init
                0x00000000000099f6       0x3a E:\WORK\JeremyWang_Gitee\wexcube\Examples\example3\LIB\libCH57xBLE.a(gattservapp.o)
                0x00000000000099f6                GATTServApp_Init
 .text.GATTServApp_ProcessEvent
                0x0000000000009a30      0x398 E:\WORK\JeremyWang_Gitee\wexcube\Examples\example3\LIB\libCH57xBLE.a(gattservapp.o)
                0x0000000000009a30                GATTServApp_ProcessEvent
 .text.l2capAllocConnChannel
                0x0000000000009dc8       0xd8 E:\WORK\JeremyWang_Gitee\wexcube\Examples\example3\LIB\libCH57xBLE.a(l2cap.o)
                0x0000000000009dc8                l2capAllocConnChannel
 .text.l2capFindLocalCID
                0x0000000000009ea0       0x2c E:\WORK\JeremyWang_Gitee\wexcube\Examples\example3\LIB\libCH57xBLE.a(l2cap.o)
                0x0000000000009ea0                l2capFindLocalCID
 .text.l2capFindLocalId
                0x0000000000009ecc       0x30 E:\WORK\JeremyWang_Gitee\wexcube\Examples\example3\LIB\libCH57xBLE.a(l2cap.o)
                0x0000000000009ecc                l2capFindLocalId
 .text.l2capFindPsm
                0x0000000000009efc       0x2c E:\WORK\JeremyWang_Gitee\wexcube\Examples\example3\LIB\libCH57xBLE.a(l2cap.o)
                0x0000000000009efc                l2capFindPsm
 .text.l2capFindRemoteCID
                0x0000000000009f28       0x3c E:\WORK\JeremyWang_Gitee\wexcube\Examples\example3\LIB\libCH57xBLE.a(l2cap.o)
                0x0000000000009f28                l2capFindRemoteCID
 .text.l2capFreeChannel
                0x0000000000009f64       0x4a E:\WORK\JeremyWang_Gitee\wexcube\Examples\example3\LIB\libCH57xBLE.a(l2cap.o)
                0x0000000000009f64                l2capFreeChannel
 .text.l2capDisconnectChannel
                0x0000000000009fae       0x28 E:\WORK\JeremyWang_Gitee\wexcube\Examples\example3\LIB\libCH57xBLE.a(l2cap.o)
                0x0000000000009fae                l2capDisconnectChannel
 .text.l2capHandleTimerCB
                0x0000000000009fd6       0x2c E:\WORK\JeremyWang_Gitee\wexcube\Examples\example3\LIB\libCH57xBLE.a(l2cap.o)
                0x0000000000009fd6                l2capHandleTimerCB
 .text.l2capFreePendingPkt
                0x000000000000a002       0x58 E:\WORK\JeremyWang_Gitee\wexcube\Examples\example3\LIB\libCH57xBLE.a(l2cap.o)
                0x000000000000a002                l2capFreePendingPkt
 .text.l2capGetCoChannelInfo
                0x000000000000a05a       0x7e E:\WORK\JeremyWang_Gitee\wexcube\Examples\example3\LIB\libCH57xBLE.a(l2cap.o)
                0x000000000000a05a                l2capGetCoChannelInfo
 .text.l2capNumActiveChannnels
                0x000000000000a0d8       0x44 E:\WORK\JeremyWang_Gitee\wexcube\Examples\example3\LIB\libCH57xBLE.a(l2cap.o)
                0x000000000000a0d8                l2capNumActiveChannnels
 .text.l2capStartTimer
                0x000000000000a11c       0x1a E:\WORK\JeremyWang_Gitee\wexcube\Examples\example3\LIB\libCH57xBLE.a(l2cap.o)
                0x000000000000a11c                l2capStartTimer
 .text.l2capStopTimer
                0x000000000000a136       0x1e E:\WORK\JeremyWang_Gitee\wexcube\Examples\example3\LIB\libCH57xBLE.a(l2cap.o)
                0x000000000000a136                l2capStopTimer
 .text.l2capDisconnectAllChannels
                0x000000000000a154       0xdc E:\WORK\JeremyWang_Gitee\wexcube\Examples\example3\LIB\libCH57xBLE.a(l2cap.o)
                0x000000000000a154                l2capDisconnectAllChannels
 .text.l2capHandleConnStatusCB
                0x000000000000a230       0x3c E:\WORK\JeremyWang_Gitee\wexcube\Examples\example3\LIB\libCH57xBLE.a(l2cap.o)
                0x000000000000a230                l2capHandleConnStatusCB
 .text.l2capHandleRxError
                0x000000000000a26c        0x6 E:\WORK\JeremyWang_Gitee\wexcube\Examples\example3\LIB\libCH57xBLE.a(l2cap.o)
                0x000000000000a26c                l2capHandleRxError
 .text.L2CAP_GetMTU
                0x000000000000a272        0x6 E:\WORK\JeremyWang_Gitee\wexcube\Examples\example3\LIB\libCH57xBLE.a(l2cap.o)
                0x000000000000a272                L2CAP_GetMTU
 .text.L2CAP_HostNumCompletedPkts
                0x000000000000a278       0x28 E:\WORK\JeremyWang_Gitee\wexcube\Examples\example3\LIB\libCH57xBLE.a(l2cap.o)
                0x000000000000a278                L2CAP_HostNumCompletedPkts
 .text.L2CAP_ParseConnectReq
                0x000000000000a2a0       0x5e E:\WORK\JeremyWang_Gitee\wexcube\Examples\example3\LIB\libCH57xBLE.a(l2cap.o)
                0x000000000000a2a0                L2CAP_ParseConnectReq
 .text.L2CAP_ParseFlowCtrlCredit
                0x000000000000a2fe       0x2e E:\WORK\JeremyWang_Gitee\wexcube\Examples\example3\LIB\libCH57xBLE.a(l2cap.o)
                0x000000000000a2fe                L2CAP_ParseFlowCtrlCredit
 .text.L2CAP_RegisterApp
                0x000000000000a32c       0x30 E:\WORK\JeremyWang_Gitee\wexcube\Examples\example3\LIB\libCH57xBLE.a(l2cap.o)
                0x000000000000a32c                L2CAP_RegisterApp
 .text.L2CAP_SetBufSize
                0x000000000000a35c       0x10 E:\WORK\JeremyWang_Gitee\wexcube\Examples\example3\LIB\libCH57xBLE.a(l2cap.o)
                0x000000000000a35c                L2CAP_SetBufSize
 .text.L2CAP_bm_alloc
                0x000000000000a36c       0x2a E:\WORK\JeremyWang_Gitee\wexcube\Examples\example3\LIB\libCH57xBLE.a(l2cap.o)
                0x000000000000a36c                L2CAP_bm_alloc
 .text.L2CAP_Init
                0x000000000000a396       0xee E:\WORK\JeremyWang_Gitee\wexcube\Examples\example3\LIB\libCH57xBLE.a(l2cap.o)
                0x000000000000a396                L2CAP_Init
 .text.L2CAP_ProcessEvent
                0x000000000000a484       0xc8 E:\WORK\JeremyWang_Gitee\wexcube\Examples\example3\LIB\libCH57xBLE.a(l2cap.o)
                0x000000000000a484                L2CAP_ProcessEvent
 .text.l2capParseCmdReject
                0x000000000000a54c       0x5e E:\WORK\JeremyWang_Gitee\wexcube\Examples\example3\LIB\libCH57xBLE.a(l2cap_input.o)
                0x000000000000a54c                l2capParseCmdReject
 .text.l2capParseDisconnectReq
                0x000000000000a5aa       0x2e E:\WORK\JeremyWang_Gitee\wexcube\Examples\example3\LIB\libCH57xBLE.a(l2cap_input.o)
                0x000000000000a5aa                l2capParseDisconnectReq
 .text.l2capParseDisconnectRsp
                0x000000000000a5d8       0x2e E:\WORK\JeremyWang_Gitee\wexcube\Examples\example3\LIB\libCH57xBLE.a(l2cap_input.o)
                0x000000000000a5d8                l2capParseDisconnectRsp
 .text.L2CAP_ParseParamUpdateReq
                0x000000000000a606       0x4e E:\WORK\JeremyWang_Gitee\wexcube\Examples\example3\LIB\libCH57xBLE.a(l2cap_input.o)
                0x000000000000a606                L2CAP_ParseParamUpdateReq
 .text.l2capParseParamUpdateRsp
                0x000000000000a654       0x1e E:\WORK\JeremyWang_Gitee\wexcube\Examples\example3\LIB\libCH57xBLE.a(l2cap_input.o)
                0x000000000000a654                l2capParseParamUpdateRsp
 .text.l2capProcessConnectReq
                0x000000000000a672       0xfc E:\WORK\JeremyWang_Gitee\wexcube\Examples\example3\LIB\libCH57xBLE.a(l2cap_input.o)
                0x000000000000a672                l2capProcessConnectReq
 .text.l2capParseConnectRsp
                0x000000000000a76e       0x5e E:\WORK\JeremyWang_Gitee\wexcube\Examples\example3\LIB\libCH57xBLE.a(l2cap_input.o)
                0x000000000000a76e                l2capParseConnectRsp
 .text.l2capParseSignalHdr
                0x000000000000a7cc       0x22 E:\WORK\JeremyWang_Gitee\wexcube\Examples\example3\LIB\libCH57xBLE.a(l2cap_input.o)
                0x000000000000a7cc                l2capParseSignalHdr
 .text.l2capParsePacket
                0x000000000000a7ee       0x8c E:\WORK\JeremyWang_Gitee\wexcube\Examples\example3\LIB\libCH57xBLE.a(l2cap_input.o)
                0x000000000000a7ee                l2capParsePacket
 .text.l2capProcessReq
                0x000000000000a87a      0x15a E:\WORK\JeremyWang_Gitee\wexcube\Examples\example3\LIB\libCH57xBLE.a(l2cap_input.o)
                0x000000000000a87a                l2capProcessReq
 .text.l2capProcessRsp
                0x000000000000a9d4      0x150 E:\WORK\JeremyWang_Gitee\wexcube\Examples\example3\LIB\libCH57xBLE.a(l2cap_input.o)
                0x000000000000a9d4                l2capProcessRsp
 .text.l2capProcessRxData
                0x000000000000ab24       0xf8 E:\WORK\JeremyWang_Gitee\wexcube\Examples\example3\LIB\libCH57xBLE.a(l2cap_input.o)
                0x000000000000ab24                l2capProcessRxData
 .text.l2capNotifyData
                0x000000000000ac1c       0x5a E:\WORK\JeremyWang_Gitee\wexcube\Examples\example3\LIB\libCH57xBLE.a(l2cap_output.o)
                0x000000000000ac1c                l2capNotifyData
 .text.l2capNotifySignal
                0x000000000000ac76       0x76 E:\WORK\JeremyWang_Gitee\wexcube\Examples\example3\LIB\libCH57xBLE.a(l2cap_output.o)
                0x000000000000ac76                l2capNotifySignal
 .text.l2capNotifyCreditEvt
                0x000000000000acec       0x9c E:\WORK\JeremyWang_Gitee\wexcube\Examples\example3\LIB\libCH57xBLE.a(l2cap_output.o)
                0x000000000000acec                l2capNotifyCreditEvt
 .text.l2capNotifyChannelEstEvt
                0x000000000000ad88       0x58 E:\WORK\JeremyWang_Gitee\wexcube\Examples\example3\LIB\libCH57xBLE.a(l2cap_output.o)
                0x000000000000ad88                l2capNotifyChannelEstEvt
 .text.l2capNotifyChannelTermEvt
                0x000000000000ade0       0x3e E:\WORK\JeremyWang_Gitee\wexcube\Examples\example3\LIB\libCH57xBLE.a(l2cap_output.o)
                0x000000000000ade0                l2capNotifyChannelTermEvt
 .text.l2capNotifyEvent
                0x000000000000ae1e       0x66 E:\WORK\JeremyWang_Gitee\wexcube\Examples\example3\LIB\libCH57xBLE.a(l2cap_output.o)
                0x000000000000ae1e                l2capNotifyEvent
 .text.l2capStoreFCPkt
                0x000000000000ae84       0x32 E:\WORK\JeremyWang_Gitee\wexcube\Examples\example3\LIB\libCH57xBLE.a(l2cap_output.o)
                0x000000000000ae84                l2capStoreFCPkt
 .text.l2capFreeTxSDU
                0x000000000000aeb6       0x9a E:\WORK\JeremyWang_Gitee\wexcube\Examples\example3\LIB\libCH57xBLE.a(l2cap_output.o)
                0x000000000000aeb6                l2capFreeTxSDU
 .text.l2capReassembleSegment
                0x000000000000af50      0x174 E:\WORK\JeremyWang_Gitee\wexcube\Examples\example3\LIB\libCH57xBLE.a(l2cap_output.o)
                0x000000000000af50                l2capReassembleSegment
 .text.l2capEncapSendData
                0x000000000000b0c4       0xec E:\WORK\JeremyWang_Gitee\wexcube\Examples\example3\LIB\libCH57xBLE.a(l2cap_output.o)
                0x000000000000b0c4                l2capEncapSendData
 .text.l2capSendFCPkt.part.3
                0x000000000000b1b0       0x70 E:\WORK\JeremyWang_Gitee\wexcube\Examples\example3\LIB\libCH57xBLE.a(l2cap_output.o)
 .text.l2capSendSegment
                0x000000000000b220      0x108 E:\WORK\JeremyWang_Gitee\wexcube\Examples\example3\LIB\libCH57xBLE.a(l2cap_output.o)
                0x000000000000b220                l2capSendSegment
 .text.l2capSendNextSegment
                0x000000000000b328       0xb4 E:\WORK\JeremyWang_Gitee\wexcube\Examples\example3\LIB\libCH57xBLE.a(l2cap_output.o)
                0x000000000000b328                l2capSendNextSegment
 .text.l2capSendPkt
                0x000000000000b3dc       0x3a E:\WORK\JeremyWang_Gitee\wexcube\Examples\example3\LIB\libCH57xBLE.a(l2cap_output.o)
                0x000000000000b3dc                l2capSendPkt
 .text.L2CAP_SendData
                0x000000000000b416       0x78 E:\WORK\JeremyWang_Gitee\wexcube\Examples\example3\LIB\libCH57xBLE.a(l2cap_output.o)
                0x000000000000b416                L2CAP_SendData
 .text.l2capSendCmd
                0x000000000000b48e       0x8a E:\WORK\JeremyWang_Gitee\wexcube\Examples\example3\LIB\libCH57xBLE.a(l2cap_output.o)
                0x000000000000b48e                l2capSendCmd
 .text.l2capSendReq
                0x000000000000b518       0xc4 E:\WORK\JeremyWang_Gitee\wexcube\Examples\example3\LIB\libCH57xBLE.a(l2cap_output.o)
                0x000000000000b518                l2capSendReq
 .text.l2capBuildDisconnectReq
                0x000000000000b5dc       0x28 E:\WORK\JeremyWang_Gitee\wexcube\Examples\example3\LIB\libCH57xBLE.a(l2cap_sdu.o)
 .text.l2capBuildParamUpdateReq
                0x000000000000b604       0x4c E:\WORK\JeremyWang_Gitee\wexcube\Examples\example3\LIB\libCH57xBLE.a(l2cap_sdu.o)
 .text.l2capBuildParamUpdateRsp
                0x000000000000b650       0x16 E:\WORK\JeremyWang_Gitee\wexcube\Examples\example3\LIB\libCH57xBLE.a(l2cap_sdu.o)
 .text.l2capBuildConnectRsp
                0x000000000000b666       0x5e E:\WORK\JeremyWang_Gitee\wexcube\Examples\example3\LIB\libCH57xBLE.a(l2cap_sdu.o)
 .text.l2capBuildCmdReject
                0x000000000000b6c4       0x62 E:\WORK\JeremyWang_Gitee\wexcube\Examples\example3\LIB\libCH57xBLE.a(l2cap_sdu.o)
                0x000000000000b6c4                l2capBuildCmdReject
 .text.l2capBuildDisconnectRsp
                0x000000000000b726       0x28 E:\WORK\JeremyWang_Gitee\wexcube\Examples\example3\LIB\libCH57xBLE.a(l2cap_sdu.o)
                0x000000000000b726                l2capBuildDisconnectRsp
 .text.l2capSendConnectRsp
                0x000000000000b74e       0xa2 E:\WORK\JeremyWang_Gitee\wexcube\Examples\example3\LIB\libCH57xBLE.a(l2cap_sdu.o)
                0x000000000000b74e                l2capSendConnectRsp
 .text.L2CAP_CmdReject
                0x000000000000b7f0       0x12 E:\WORK\JeremyWang_Gitee\wexcube\Examples\example3\LIB\libCH57xBLE.a(l2cap_sdu.o)
                0x000000000000b7f0                L2CAP_CmdReject
 .text.L2CAP_DisconnectReq
                0x000000000000b802       0x2a E:\WORK\JeremyWang_Gitee\wexcube\Examples\example3\LIB\libCH57xBLE.a(l2cap_sdu.o)
                0x000000000000b802                L2CAP_DisconnectReq
 .text.L2CAP_ConnParamUpdateReq
                0x000000000000b82c       0x16 E:\WORK\JeremyWang_Gitee\wexcube\Examples\example3\LIB\libCH57xBLE.a(l2cap_sdu.o)
                0x000000000000b82c                L2CAP_ConnParamUpdateReq
 .text.L2CAP_ConnParamUpdateRsp
                0x000000000000b842       0x12 E:\WORK\JeremyWang_Gitee\wexcube\Examples\example3\LIB\libCH57xBLE.a(l2cap_sdu.o)
                0x000000000000b842                L2CAP_ConnParamUpdateRsp
 .text.reportStatusChange
                0x000000000000b854       0x3e E:\WORK\JeremyWang_Gitee\wexcube\Examples\example3\LIB\libCH57xBLE.a(linkdb.o)
 .text.linkDB_Init
                0x000000000000b892       0x76 E:\WORK\JeremyWang_Gitee\wexcube\Examples\example3\LIB\libCH57xBLE.a(linkdb.o)
                0x000000000000b892                linkDB_Init
 .text.linkDB_Find
                0x000000000000b908       0x2c E:\WORK\JeremyWang_Gitee\wexcube\Examples\example3\LIB\libCH57xBLE.a(linkdb.o)
                0x000000000000b908                linkDB_Find
 .text.linkDB_Authen
                0x000000000000b934       0x5c E:\WORK\JeremyWang_Gitee\wexcube\Examples\example3\LIB\libCH57xBLE.a(linkdb.o)
                0x000000000000b934                linkDB_Authen
 .text.linkDB_FindFirst
                0x000000000000b990       0x38 E:\WORK\JeremyWang_Gitee\wexcube\Examples\example3\LIB\libCH57xBLE.a(linkdb.o)
                0x000000000000b990                linkDB_FindFirst
 .text.linkDB_MTU
                0x000000000000b9c8       0x18 E:\WORK\JeremyWang_Gitee\wexcube\Examples\example3\LIB\libCH57xBLE.a(linkdb.o)
                0x000000000000b9c8                linkDB_MTU
 .text.linkDB_NumActive
                0x000000000000b9e0       0x2e E:\WORK\JeremyWang_Gitee\wexcube\Examples\example3\LIB\libCH57xBLE.a(linkdb.o)
                0x000000000000b9e0                linkDB_NumActive
 .text.linkDB_NumConns
                0x000000000000ba0e        0x6 E:\WORK\JeremyWang_Gitee\wexcube\Examples\example3\LIB\libCH57xBLE.a(linkdb.o)
                0x000000000000ba0e                linkDB_NumConns
 .text.linkDB_Register
                0x000000000000ba14       0x28 E:\WORK\JeremyWang_Gitee\wexcube\Examples\example3\LIB\libCH57xBLE.a(linkdb.o)
                0x000000000000ba14                linkDB_Register
 .text.linkDB_Remove
                0x000000000000ba3c       0x48 E:\WORK\JeremyWang_Gitee\wexcube\Examples\example3\LIB\libCH57xBLE.a(linkdb.o)
                0x000000000000ba3c                linkDB_Remove
 .text.linkDB_Role
                0x000000000000ba84       0x18 E:\WORK\JeremyWang_Gitee\wexcube\Examples\example3\LIB\libCH57xBLE.a(linkdb.o)
                0x000000000000ba84                linkDB_Role
 .text.linkDB_State
                0x000000000000ba9c       0x30 E:\WORK\JeremyWang_Gitee\wexcube\Examples\example3\LIB\libCH57xBLE.a(linkdb.o)
                0x000000000000ba9c                linkDB_State
 .text.linkDB_UpdateMTU
                0x000000000000bacc       0x28 E:\WORK\JeremyWang_Gitee\wexcube\Examples\example3\LIB\libCH57xBLE.a(linkdb.o)
                0x000000000000bacc                linkDB_UpdateMTU
 .text.linkDB_PerformFunc
                0x000000000000baf4       0x52 E:\WORK\JeremyWang_Gitee\wexcube\Examples\example3\LIB\libCH57xBLE.a(linkdb.o)
                0x000000000000baf4                linkDB_PerformFunc
 .text.linkDB_PeripheralLinkNum
                0x000000000000bb46       0x3e E:\WORK\JeremyWang_Gitee\wexcube\Examples\example3\LIB\libCH57xBLE.a(linkdb.o)
                0x000000000000bb46                linkDB_PeripheralLinkNum
 .text.linkDB_GetSMEvtID
                0x000000000000bb84       0x58 E:\WORK\JeremyWang_Gitee\wexcube\Examples\example3\LIB\libCH57xBLE.a(linkdb.o)
                0x000000000000bb84                linkDB_GetSMEvtID
 .text.linkDB_Add
                0x000000000000bbdc       0xb2 E:\WORK\JeremyWang_Gitee\wexcube\Examples\example3\LIB\libCH57xBLE.a(linkdb.o)
                0x000000000000bbdc                linkDB_Add
 .text.linkDB_GetHandleFromSMEvtID
                0x000000000000bc8e       0x32 E:\WORK\JeremyWang_Gitee\wexcube\Examples\example3\LIB\libCH57xBLE.a(linkdb.o)
                0x000000000000bc8e                linkDB_GetHandleFromSMEvtID
 .text.linkDB_GetPairingParam
                0x000000000000bcc0       0x54 E:\WORK\JeremyWang_Gitee\wexcube\Examples\example3\LIB\libCH57xBLE.a(linkdb.o)
                0x000000000000bcc0                linkDB_GetPairingParam
 .text.linkDB_NeedSendKey
                0x000000000000bd14       0x42 E:\WORK\JeremyWang_Gitee\wexcube\Examples\example3\LIB\libCH57xBLE.a(linkdb.o)
                0x000000000000bd14                linkDB_NeedSendKey
 .text.smpBuildPairingFailed
                0x000000000000bd56       0x1a E:\WORK\JeremyWang_Gitee\wexcube\Examples\example3\LIB\libCH57xBLE.a(sm.o)
                0x000000000000bd56                smpBuildPairingFailed
 .text.SM_StartEncryption
                0x000000000000bd70       0x98 E:\WORK\JeremyWang_Gitee\wexcube\Examples\example3\LIB\libCH57xBLE.a(sm.o)
                0x000000000000bd70                SM_StartEncryption
 .text.smpBuildEncInfo
                0x000000000000be08       0x30 E:\WORK\JeremyWang_Gitee\wexcube\Examples\example3\LIB\libCH57xBLE.a(sm.o)
                0x000000000000be08                smpBuildEncInfo
 .text.smpBuildIdentityAddrInfo
                0x000000000000be38       0x3a E:\WORK\JeremyWang_Gitee\wexcube\Examples\example3\LIB\libCH57xBLE.a(sm.o)
                0x000000000000be38                smpBuildIdentityAddrInfo
 .text.smpBuildIdentityInfo
                0x000000000000be72       0x30 E:\WORK\JeremyWang_Gitee\wexcube\Examples\example3\LIB\libCH57xBLE.a(sm.o)
                0x000000000000be72                smpBuildIdentityInfo
 .text.smpBuildMasterID
                0x000000000000bea2       0x44 E:\WORK\JeremyWang_Gitee\wexcube\Examples\example3\LIB\libCH57xBLE.a(sm.o)
                0x000000000000bea2                smpBuildMasterID
 .text.smpBuildPairingConfirm
                0x000000000000bee6       0x30 E:\WORK\JeremyWang_Gitee\wexcube\Examples\example3\LIB\libCH57xBLE.a(sm.o)
                0x000000000000bee6                smpBuildPairingConfirm
 .text.smpBuildPairingRandom
                0x000000000000bf16       0x30 E:\WORK\JeremyWang_Gitee\wexcube\Examples\example3\LIB\libCH57xBLE.a(sm.o)
                0x000000000000bf16                smpBuildPairingRandom
 .text.smpBuildSigningInfo
                0x000000000000bf46       0x30 E:\WORK\JeremyWang_Gitee\wexcube\Examples\example3\LIB\libCH57xBLE.a(sm.o)
                0x000000000000bf46                smpBuildSigningInfo
 .text.SM_ParamInit
                0x000000000000bf76       0x5a E:\WORK\JeremyWang_Gitee\wexcube\Examples\example3\LIB\libCH57xBLE.a(sm.o)
                0x000000000000bf76                SM_ParamInit
 .text.smDetermineKeySize
                0x000000000000bfd0       0x20 E:\WORK\JeremyWang_Gitee\wexcube\Examples\example3\LIB\libCH57xBLE.a(sm.o)
                0x000000000000bfd0                smDetermineKeySize
 .text.smProcessRandComplete
                0x000000000000bff0       0x9e E:\WORK\JeremyWang_Gitee\wexcube\Examples\example3\LIB\libCH57xBLE.a(sm.o)
                0x000000000000bff0                smProcessRandComplete
 .text.smSavePairInfo
                0x000000000000c08e      0x186 E:\WORK\JeremyWang_Gitee\wexcube\Examples\example3\LIB\libCH57xBLE.a(sm.o)
                0x000000000000c08e                smSavePairInfo
 .text.smSetPairingReqRsp
                0x000000000000c214       0x38 E:\WORK\JeremyWang_Gitee\wexcube\Examples\example3\LIB\libCH57xBLE.a(sm.o)
                0x000000000000c214                smSetPairingReqRsp
 .text.smStartEncryption
                0x000000000000c24c       0x16 E:\WORK\JeremyWang_Gitee\wexcube\Examples\example3\LIB\libCH57xBLE.a(sm.o)
                0x000000000000c24c                smStartEncryption
 .text.smStartRspTimer
                0x000000000000c262       0x36 E:\WORK\JeremyWang_Gitee\wexcube\Examples\example3\LIB\libCH57xBLE.a(sm.o)
                0x000000000000c262                smStartRspTimer
 .text.smSendSMMsg
                0x000000000000c298       0x5c E:\WORK\JeremyWang_Gitee\wexcube\Examples\example3\LIB\libCH57xBLE.a(sm.o)
                0x000000000000c298                smSendSMMsg
 .text.smGenerateConfirm
                0x000000000000c2f4       0x34 E:\WORK\JeremyWang_Gitee\wexcube\Examples\example3\LIB\libCH57xBLE.a(sm.o)
                0x000000000000c2f4                smGenerateConfirm
 .text.smGenerateRandMsg
                0x000000000000c328       0x34 E:\WORK\JeremyWang_Gitee\wexcube\Examples\example3\LIB\libCH57xBLE.a(sm.o)
                0x000000000000c328                smGenerateRandMsg
 .text.smPairingSendEncInfo
                0x000000000000c35c       0x10 E:\WORK\JeremyWang_Gitee\wexcube\Examples\example3\LIB\libCH57xBLE.a(sm.o)
                0x000000000000c35c                smPairingSendEncInfo
 .text.smPairingSendIdentityAddrInfo
                0x000000000000c36c       0x38 E:\WORK\JeremyWang_Gitee\wexcube\Examples\example3\LIB\libCH57xBLE.a(sm.o)
                0x000000000000c36c                smPairingSendIdentityAddrInfo
 .text.smPairingSendIdentityInfo
                0x000000000000c3a4       0x10 E:\WORK\JeremyWang_Gitee\wexcube\Examples\example3\LIB\libCH57xBLE.a(sm.o)
                0x000000000000c3a4                smPairingSendIdentityInfo
 .text.smPairingSendMasterID
                0x000000000000c3b4       0x38 E:\WORK\JeremyWang_Gitee\wexcube\Examples\example3\LIB\libCH57xBLE.a(sm.o)
                0x000000000000c3b4                smPairingSendMasterID
 .text.smPairingSendSingingInfo
                0x000000000000c3ec       0x10 E:\WORK\JeremyWang_Gitee\wexcube\Examples\example3\LIB\libCH57xBLE.a(sm.o)
                0x000000000000c3ec                smPairingSendSingingInfo
 .text.smInitiatorSendNextKeyInfo
                0x000000000000c3fc      0x1c2 E:\WORK\JeremyWang_Gitee\wexcube\Examples\example3\LIB\libCH57xBLE.a(sm.o)
                0x000000000000c3fc                smInitiatorSendNextKeyInfo
 .text.smResponderSendNextKeyInfo
                0x000000000000c5be      0x216 E:\WORK\JeremyWang_Gitee\wexcube\Examples\example3\LIB\libCH57xBLE.a(sm.o)
                0x000000000000c5be                smResponderSendNextKeyInfo
 .text.smGeneratePairingReqRsp
                0x000000000000c7d4       0x3e E:\WORK\JeremyWang_Gitee\wexcube\Examples\example3\LIB\libCH57xBLE.a(sm.o)
                0x000000000000c7d4                smGeneratePairingReqRsp
 .text.smStopRspTimer
                0x000000000000c812        0xa E:\WORK\JeremyWang_Gitee\wexcube\Examples\example3\LIB\libCH57xBLE.a(sm.o)
                0x000000000000c812                smStopRspTimer
 .text.smFreePairingParams
                0x000000000000c81c       0x68 E:\WORK\JeremyWang_Gitee\wexcube\Examples\example3\LIB\libCH57xBLE.a(sm.o)
                0x000000000000c81c                smFreePairingParams
 .text.smEndPairing
                0x000000000000c884       0x5c E:\WORK\JeremyWang_Gitee\wexcube\Examples\example3\LIB\libCH57xBLE.a(sm.o)
                0x000000000000c884                smEndPairing
 .text.setupInitiatorKeys
                0x000000000000c8e0       0x82 E:\WORK\JeremyWang_Gitee\wexcube\Examples\example3\LIB\libCH57xBLE.a(sm.o)
                0x000000000000c8e0                setupInitiatorKeys
 .text.smNextPairingState
                0x000000000000c962       0x56 E:\WORK\JeremyWang_Gitee\wexcube\Examples\example3\LIB\libCH57xBLE.a(sm.o)
                0x000000000000c962                smNextPairingState
 .text.smProcessEncryptChange
                0x000000000000c9b8       0xde E:\WORK\JeremyWang_Gitee\wexcube\Examples\example3\LIB\libCH57xBLE.a(sm.o)
                0x000000000000c9b8                smProcessEncryptChange
 .text.smSendFailAndEnd
                0x000000000000ca96       0x38 E:\WORK\JeremyWang_Gitee\wexcube\Examples\example3\LIB\libCH57xBLE.a(sm.o)
                0x000000000000ca96                smSendFailAndEnd
 .text.smProcessPairingReq
                0x000000000000cace       0x3c E:\WORK\JeremyWang_Gitee\wexcube\Examples\example3\LIB\libCH57xBLE.a(sm.o)
                0x000000000000cace                smProcessPairingReq
 .text.smLinkCheck
                0x000000000000cb0a       0x34 E:\WORK\JeremyWang_Gitee\wexcube\Examples\example3\LIB\libCH57xBLE.a(sm.o)
                0x000000000000cb0a                smLinkCheck
 .text.smTimedOut
                0x000000000000cb3e       0x20 E:\WORK\JeremyWang_Gitee\wexcube\Examples\example3\LIB\libCH57xBLE.a(sm.o)
                0x000000000000cb3e                smTimedOut
 .text.smUint8ToAuthReq
                0x000000000000cb5e        0x6 E:\WORK\JeremyWang_Gitee\wexcube\Examples\example3\LIB\libCH57xBLE.a(sm.o)
                0x000000000000cb5e                smUint8ToAuthReq
 .text.sm_ah    0x000000000000cb64       0x7e E:\WORK\JeremyWang_Gitee\wexcube\Examples\example3\LIB\libCH57xBLE.a(sm.o)
                0x000000000000cb64                sm_ah
 .text.sm_xor   0x000000000000cbe2       0x24 E:\WORK\JeremyWang_Gitee\wexcube\Examples\example3\LIB\libCH57xBLE.a(sm.o)
                0x000000000000cbe2                sm_xor
 .text.sm_c1new
                0x000000000000cc06      0x11c E:\WORK\JeremyWang_Gitee\wexcube\Examples\example3\LIB\libCH57xBLE.a(sm.o)
                0x000000000000cc06                sm_c1new
 .text.sm_s1    0x000000000000cd22       0x86 E:\WORK\JeremyWang_Gitee\wexcube\Examples\example3\LIB\libCH57xBLE.a(sm.o)
                0x000000000000cd22                sm_s1
 .text.smResponderProcessLTKReq
                0x000000000000cda8      0x1b8 E:\WORK\JeremyWang_Gitee\wexcube\Examples\example3\LIB\libCH57xBLE.a(sm.o)
                0x000000000000cda8                smResponderProcessLTKReq
 .text.xor_128  0x000000000000cf60       0x28 E:\WORK\JeremyWang_Gitee\wexcube\Examples\example3\LIB\libCH57xBLE.a(sm.o)
                0x000000000000cf60                xor_128
 .text.leftshift_onebit
                0x000000000000cf88       0x2e E:\WORK\JeremyWang_Gitee\wexcube\Examples\example3\LIB\libCH57xBLE.a(sm.o)
                0x000000000000cf88                leftshift_onebit
 .text.padding  0x000000000000cfb6       0x38 E:\WORK\JeremyWang_Gitee\wexcube\Examples\example3\LIB\libCH57xBLE.a(sm.o)
                0x000000000000cfb6                padding
 .text.generate_subkey
                0x000000000000cfee       0xd0 E:\WORK\JeremyWang_Gitee\wexcube\Examples\example3\LIB\libCH57xBLE.a(sm.o)
                0x000000000000cfee                generate_subkey
 .text.sm_CMAC  0x000000000000d0be      0x16e E:\WORK\JeremyWang_Gitee\wexcube\Examples\example3\LIB\libCH57xBLE.a(sm.o)
                0x000000000000d0be                sm_CMAC
 .text.smpBuildPairingReqRsp
                0x000000000000d22c       0xc6 E:\WORK\JeremyWang_Gitee\wexcube\Examples\example3\LIB\libCH57xBLE.a(sm.o)
                0x000000000000d22c                smpBuildPairingReqRsp
 .text.smpBuildPairingReq
                0x000000000000d2f2        0xa E:\WORK\JeremyWang_Gitee\wexcube\Examples\example3\LIB\libCH57xBLE.a(sm.o)
                0x000000000000d2f2                smpBuildPairingReq
 .text.smpBuildPairingRsp
                0x000000000000d2fc        0xa E:\WORK\JeremyWang_Gitee\wexcube\Examples\example3\LIB\libCH57xBLE.a(sm.o)
                0x000000000000d2fc                smpBuildPairingRsp
 .text.sm_c1    0x000000000000d306       0xb4 E:\WORK\JeremyWang_Gitee\wexcube\Examples\example3\LIB\libCH57xBLE.a(sm.o)
                0x000000000000d306                sm_c1
 .text.smpBuildSecurityReq
                0x000000000000d3ba       0x1a E:\WORK\JeremyWang_Gitee\wexcube\Examples\example3\LIB\libCH57xBLE.a(sm.o)