Archive member included to satisfy reference by file (symbol)

E:\WORK\WeXCube\Hardware\USB_HID_BLE0\StdPeriphDriver\libISP573.a(ISP573.o)
                              ./StdPeriphDriver/CH57x_flash.o (FLASH_EEPROM_CMD)
E:\WORK\WeXCube\Hardware\USB_HID_BLE0\LIB\libCH57xBLE.a(message.o)
                              ./HAL/MCU.o (tmos_msg_deallocate)
E:\WORK\WeXCube\Hardware\USB_HID_BLE0\LIB\libCH57xBLE.a(tmos.o)
                              ./Profile/devinfoservice.o (tmos_memcpy)
E:\WORK\WeXCube\Hardware\USB_HID_BLE0\LIB\libCH57xBLE.a(tmos_hw.o)
                              E:\WORK\WeXCube\Hardware\USB_HID_BLE0\LIB\libCH57xBLE.a(tmos.o) (RTC_Get32KClock)
E:\WORK\WeXCube\Hardware\USB_HID_BLE0\LIB\libCH57xBLE.a(tmos_snv.o)
                              E:\WORK\WeXCube\Hardware\USB_HID_BLE0\LIB\libCH57xBLE.a(tmos.o) (tmos_snv_init)
E:\WORK\WeXCube\Hardware\USB_HID_BLE0\LIB\libCH57xBLE.a(att.o)
                              ./APP/peripheral.o (ATT_GetMTU)
E:\WORK\WeXCube\Hardware\USB_HID_BLE0\LIB\libCH57xBLE.a(att_client.o)
                              E:\WORK\WeXCube\Hardware\USB_HID_BLE0\LIB\libCH57xBLE.a(att.o) (ATT_HandleValueConfirmation)
E:\WORK\WeXCube\Hardware\USB_HID_BLE0\LIB\libCH57xBLE.a(gap.o)
                              ./APP/peripheral.o (GAP_SetParamValue)
E:\WORK\WeXCube\Hardware\USB_HID_BLE0\LIB\libCH57xBLE.a(gap_central.o)
                              E:\WORK\WeXCube\Hardware\USB_HID_BLE0\LIB\libCH57xBLE.a(gap.o) (GAP_CentralParamInit)
E:\WORK\WeXCube\Hardware\USB_HID_BLE0\LIB\libCH57xBLE.a(gap_peripheral.o)
                              E:\WORK\WeXCube\Hardware\USB_HID_BLE0\LIB\libCH57xBLE.a(gap.o) (GAP_PeripheralParamInit)
E:\WORK\WeXCube\Hardware\USB_HID_BLE0\LIB\libCH57xBLE.a(gapgattserver.o)
                              ./APP/peripheral.o (GGS_SetParameter)
E:\WORK\WeXCube\Hardware\USB_HID_BLE0\LIB\libCH57xBLE.a(gatt.o)
                              ./APP/peripheral.o (GATT_bm_alloc)
E:\WORK\WeXCube\Hardware\USB_HID_BLE0\LIB\libCH57xBLE.a(gatt_uuid.o)
                              E:\WORK\WeXCube\Hardware\USB_HID_BLE0\LIB\libCH57xBLE.a(gatt.o) (serviceChangedUUID)
E:\WORK\WeXCube\Hardware\USB_HID_BLE0\LIB\libCH57xBLE.a(gattclientapp.o)
                              E:\WORK\WeXCube\Hardware\USB_HID_BLE0\LIB\libCH57xBLE.a(gatt.o) (gattGetClientStatus)
E:\WORK\WeXCube\Hardware\USB_HID_BLE0\LIB\libCH57xBLE.a(gattservapp.o)
                              ./Profile/gattprofile.o (GATTServApp_ReadCharCfg)
E:\WORK\WeXCube\Hardware\USB_HID_BLE0\LIB\libCH57xBLE.a(l2cap.o)
                              E:\WORK\WeXCube\Hardware\USB_HID_BLE0\LIB\libCH57xBLE.a(att.o) (L2CAP_GetMTU)
E:\WORK\WeXCube\Hardware\USB_HID_BLE0\LIB\libCH57xBLE.a(l2cap_input.o)
                              E:\WORK\WeXCube\Hardware\USB_HID_BLE0\LIB\libCH57xBLE.a(l2cap.o) (l2capProcessRxData)
E:\WORK\WeXCube\Hardware\USB_HID_BLE0\LIB\libCH57xBLE.a(l2cap_output.o)
                              E:\WORK\WeXCube\Hardware\USB_HID_BLE0\LIB\libCH57xBLE.a(l2cap_input.o) (l2capNotifyData)
E:\WORK\WeXCube\Hardware\USB_HID_BLE0\LIB\libCH57xBLE.a(l2cap_sdu.o)
                              E:\WORK\WeXCube\Hardware\USB_HID_BLE0\LIB\libCH57xBLE.a(l2cap_input.o) (l2capBuildDisconnectRsp)
E:\WORK\WeXCube\Hardware\USB_HID_BLE0\LIB\libCH57xBLE.a(linkdb.o)
                              E:\WORK\WeXCube\Hardware\USB_HID_BLE0\LIB\libCH57xBLE.a(l2cap.o) (linkDB_Init)
E:\WORK\WeXCube\Hardware\USB_HID_BLE0\LIB\libCH57xBLE.a(sm.o)
                              E:\WORK\WeXCube\Hardware\USB_HID_BLE0\LIB\libCH57xBLE.a(gap.o) (smStartEncryption)
E:\WORK\WeXCube\Hardware\USB_HID_BLE0\LIB\libCH57xBLE.a(host_input.o)
                              E:\WORK\WeXCube\Hardware\USB_HID_BLE0\LIB\libCH57xBLE.a(gap.o) (gBleHostPara)
E:\WORK\WeXCube\Hardware\USB_HID_BLE0\LIB\libCH57xBLE.a(host_output.o)
                              E:\WORK\WeXCube\Hardware\USB_HID_BLE0\LIB\libCH57xBLE.a(gap.o) (HCI_DisconnectCmd)
E:\WORK\WeXCube\Hardware\USB_HID_BLE0\LIB\libCH57xBLE.a(ll_connect.o)
                              E:\WORK\WeXCube\Hardware\USB_HID_BLE0\LIB\libCH57xBLE.a(tmos.o) (LL_GetNextConnectEventTime)
E:\WORK\WeXCube\Hardware\USB_HID_BLE0\LIB\libCH57xBLE.a(ll_core.o)
                              E:\WORK\WeXCube\Hardware\USB_HID_BLE0\LIB\libCH57xBLE.a(ll_connect.o) (LL_CoreGetCore)
E:\WORK\WeXCube\Hardware\USB_HID_BLE0\LIB\libCH57xBLE.a(ll_hop.o)
                              E:\WORK\WeXCube\Hardware\USB_HID_BLE0\LIB\libCH57xBLE.a(ll_connect.o) (LL_HopGetChannel)
E:\WORK\WeXCube\Hardware\USB_HID_BLE0\LIB\libCH57xBLE.a(ll_master.o)
                              E:\WORK\WeXCube\Hardware\USB_HID_BLE0\LIB\libCH57xBLE.a(ll_connect.o) (ll_master_process)
E:\WORK\WeXCube\Hardware\USB_HID_BLE0\LIB\libCH57xBLE.a(ll_pdu.o)
                              E:\WORK\WeXCube\Hardware\USB_HID_BLE0\LIB\libCH57xBLE.a(ll_master.o) (LL_ConnectionUpdateReq)
E:\WORK\WeXCube\Hardware\USB_HID_BLE0\LIB\libCH57xBLE.a(ll_report.o)
[...]
Memory Configuration

Name             Origin             Length             Attributes
FLASH            0x0000000000000000 0x0000000000070000 xr
RAM              0x0000000020003800 0x0000000000004800 xrw
*default*        0x0000000000000000 0xffffffffffffffff

Linker script and memory map

LOAD ./wexcube_sdk/wexcube.o
LOAD ./wexcube_sdk/wexcube_port.o
LOAD ./StdPeriphDriver/CH57x_adc.o
LOAD ./StdPeriphDriver/CH57x_clk.o
LOAD ./StdPeriphDriver/CH57x_flash.o
LOAD ./StdPeriphDriver/CH57x_gpio.o
LOAD ./StdPeriphDriver/CH57x_pwr.o
LOAD ./StdPeriphDriver/CH57x_sys.o
LOAD ./StdPeriphDriver/CH57x_timer0.o
LOAD ./StdPeriphDriver/CH57x_uart0.o
LOAD ./StdPeriphDriver/CH57x_uart1.o
LOAD ./StdPeriphDriver/CH57x_uart3.o
LOAD ./StdPeriphDriver/CH57x_usbdev.o
LOAD ./Startup/startup_CH573.o
LOAD ./RVMSIS/core_riscv.o
LOAD ./Profile/devinfoservice.o
LOAD ./Profile/gattprofile.o
LOAD ./HAL/KEY.o
LOAD ./HAL/LED.o
LOAD ./HAL/MCU.o
LOAD ./HAL/RTC.o
LOAD ./HAL/SLEEP.o
LOAD ./APP/usb_hid/usb_hid.o
LOAD ./APP/ble_uart_service/ble_uart_service_16bit.o
LOAD ./APP/app_drv_fifo/app_drv_fifo.o
LOAD ./APP/main.o
LOAD ./APP/peripheral.o
LOAD E:\WORK\WeXCube\Hardware\USB_HID_BLE0\StdPeriphDriver\libISP573.a
LOAD E:\WORK\WeXCube\Hardware\USB_HID_BLE0\LIB\libCH57xBLE.a
LOAD e:/mounriver/mounriver_studio/toolchain/risc-v embedded gcc/bin/../lib/gcc/riscv-none-embed/8.2.0/rv32imac/ilp32\libgcc.a
LOAD e:/mounriver/mounriver_studio/toolchain/risc-v embedded gcc/bin/../lib/gcc/riscv-none-embed/8.2.0/../../../../riscv-none-embed/lib/rv32imac/ilp32\libg_nano.a
LOAD e:/mounriver/mounriver_studio/toolchain/risc-v embedded gcc/bin/../lib/gcc/riscv-none-embed/8.2.0/../../../../riscv-none-embed/lib/rv32imac/ilp32\libc_nano.a
LOAD e:/mounriver/mounriver_studio/toolchain/risc-v embedded gcc/bin/../lib/gcc/riscv-none-embed/8.2.0/rv32imac/ilp32\libgcc.a
START GROUP
LOAD e:/mounriver/mounriver_studio/toolchain/risc-v embedded gcc/bin/../lib/gcc/riscv-none-embed/8.2.0/rv32imac/ilp32\libgcc.a
LOAD e:/mounriver/mounriver_studio/toolchain/risc-v embedded gcc/bin/../lib/gcc/riscv-none-embed/8.2.0/../../../../riscv-none-embed/lib/rv32imac/ilp32\libc_nano.a
LOAD e:/mounriver/mounriver_studio/toolchain/risc-v embedded gcc/bin/../lib/gcc/riscv-none-embed/8.2.0/../../../../riscv-none-embed/lib/rv32imac/ilp32\libnosys.a
END GROUP
START GROUP
LOAD e:/mounriver/mounriver_studio/toolchain/risc-v embedded gcc/bin/../lib/gcc/riscv-none-embed/8.2.0/rv32imac/ilp32\libgcc.a
LOAD e:/mounriver/mounriver_studio/toolchain/risc-v embedded gcc/bin/../lib/gcc/riscv-none-embed/8.2.0/../../../../riscv-none-embed/lib/rv32imac/ilp32\libc_nano.a
LOAD e:/mounriver/mounriver_studio/toolchain/risc-v embedded gcc/bin/../lib/gcc/riscv-none-embed/8.2.0/../../../../riscv-none-embed/lib/rv32imac/ilp32\libnosys.a
END GROUP

.init           0x0000000000000000        0x4
                0x0000000000000000                _sinit = .
                0x0000000000000000                . = ALIGN (0x4)
 *(SORT_NONE(.init))
 .init          0x0000000000000000        0x4 ./Startup/startup_CH573.o
                0x0000000000000000                _start
                0x0000000000000004                . = ALIGN (0x4)
                0x0000000000000004                _einit = .

.highcodelalign
                0x0000000000000004        0x0
                0x0000000000000004                . = ALIGN (0x4)
                0x0000000000000004                PROVIDE (_highcode_lma = .)

.highcode       0x0000000020003800     0x11fc load address 0x0000000000000004
                0x0000000020003800                . = ALIGN (0x4)
                0x0000000020003800                PROVIDE (_highcode_vma_start = .)
 *(.vector)
 .vector        0x0000000020003800       0x90 ./Startup/startup_CH573.o
 *(SORT_NONE(.vector_handler))
 .vector_handler
                0x0000000020003890       0x2c ./Startup/startup_CH573.o
                0x0000000020003890                NMI_Handler
                0x0000000020003894                SysTick_Handler
                0x0000000020003896                SW_Handler
                0x0000000020003898                TMR0_IRQHandler
                0x000000002000389a                GPIOA_IRQHandler
                0x000000002000389c                GPIOB_IRQHandler
                0x000000002000389e                SPI0_IRQHandler
                0x00000000200038a0                BB_IRQHandler
                0x00000000200038a2                LLE_IRQHandler
                0x00000000200038a6                TMR1_IRQHandler
                0x00000000200038a8                TMR2_IRQHandler
                0x00000000200038aa                UART0_IRQHandler
                0x00000000200038ac                UART1_IRQHandler
                0x00000000200038b0                ADC_IRQHandler
                0x00000000200038b2                PWMX_IRQHandler
                0x00000000200038b4                TMR3_IRQHandler
                0x00000000200038b6                UART2_IRQHandler
                0x00000000200038b8                UART3_IRQHandler
                0x00000000200038ba                WDOG_BAT_IRQHandler
 *(.highcode)
 .highcode      0x00000000200038bc      0x1a0 ./StdPeriphDriver/CH57x_sys.o
                0x00000000200038bc                SetSysClock
                0x00000000200039b8                SYS_ResetExecute
                0x00000000200039f0                HardFault_Handler
                0x0000000020003a26                mDelayuS
                0x0000000020003a34                mDelaymS
 .highcode      0x0000000020003a5c       0x16 ./HAL/RTC.o
                0x0000000020003a5c                RTC_IRQHandler
 .highcode      0x0000000020003a72        0xc ./APP/usb_hid/usb_hid.o
                0x0000000020003a72                USB_IRQHandler
 .highcode      0x0000000020003a7e       0x9c ./APP/main.o
                0x0000000020003a7e                Main_Circulation
 .highcode      0x0000000020003b1a      0x3ee E:\WORK\WeXCube\Hardware\USB_HID_BLE0\StdPeriphDriver\libISP573.a(ISP573.o)
                0x0000000020003b1a                FLASH_ROM_BEG
                0x0000000020003b2c                FLASH_ROM_END
                0x0000000020003b3a                FLASH_ROM_IN
                0x0000000020003b48                FLASH_ROM_OUT
                0x0000000020003b56                FLASH_ROM_ADDR
                0x0000000020003b9e                FLASH_ROM_WAIT
                0x0000000020003bd6                FLASH_EEPROM_CMD
 .highcode      0x0000000020003f08      0x23a E:\WORK\WeXCube\Hardware\USB_HID_BLE0\LIB\libCH57xBLE.a(tmos.o)
                0x0000000020003f28                tmos_memcpy
                0x0000000020003f48                tmos_memcpy_word
                0x0000000020003f64                TMOS_SystemProcess
 .highcode      0x0000000020004142       0xc2 E:\WORK\WeXCube\Hardware\USB_HID_BLE0\LIB\libCH57xBLE.a(tmos_hw.o)
                0x0000000020004142                BLE_GetHSEClock
                0x0000000020004180                RTC_Get32KClock
                0x0000000020004198                SYS_GetTickCount
 .highcode      0x0000000020004204      0x13a E:\WORK\WeXCube\Hardware\USB_HID_BLE0\LIB\libCH57xBLE.a(ll_connect.o)
                0x0000000020004204                ll_connect_process_data
                0x0000000020004252                ll_connect_event_continue
 .highcode      0x000000002000433e      0x1b8 E:\WORK\WeXCube\Hardware\USB_HID_BLE0\LIB\libCH57xBLE.a(bb.o)
                0x000000002000433e                BB_RAM_IRQHandler
 .highcode      0x00000000200044f6      0x1a0 E:\WORK\WeXCube\Hardware\USB_HID_BLE0\LIB\libCH57xBLE.a(ip.o)
                0x00000000200044f6                ll_tx_wait_finish
                0x0000000020004520                ll_tx_wait_tx_dma
                0x000000002000457e                ll_rx_wait_finish
                0x00000000200045b2                ll_rx_wait_tx_dma
                0x000000002000460c                ble_ll_chkcrc
 .highcode      0x0000000020004696      0x17c E:\WORK\WeXCube\Hardware\USB_HID_BLE0\LIB\libCH57xBLE.a(lle.o)
                0x0000000020004696                LLE_RAM_IRQHandler
 .highcode      0x0000000020004812       0x82 E:\WORK\WeXCube\Hardware\USB_HID_BLE0\LIB\libCH57xBLE.a(rf_fh.o)
                0x0000000020004812                RF_HopGetChannel
 .highcode      0x0000000020004894       0x2c E:\WORK\WeXCube\Hardware\USB_HID_BLE0\LIB\libCH57xBLE.a(rfend.o)
                0x0000000020004894                RFEND_WaitTune
 .highcode      0x00000000200048c0      0x13a E:\WORK\WeXCube\Hardware\USB_HID_BLE0\LIB\libCH57xBLE.a(memory.o)
                0x00000000200048c0                tmos_memory_allocate
                0x000000002000495a                tmos_memory_free
 *(.highcode.*)
                0x00000000200049fc                . = ALIGN (0x4)
 *fill*         0x00000000200049fa        0x2 
                0x00000000200049fc                PROVIDE (_highcode_vma_end = .)

.text           0x0000000000001200    0x1b9cc
                0x0000000000001200                . = ALIGN (0x4)
 *(SORT_NONE(.handle_reset))
 .handle_reset  0x0000000000001200       0xa2 ./Startup/startup_CH573.o
                0x0000000000001200                handle_reset
 *(.text)
 .text          0x00000000000012a2       0xa8 e:/mounriver/mounriver_studio/toolchain/risc-v embedded gcc/bin/../lib/gcc/riscv-none-embed/8.2.0/../../../../riscv-none-embed/lib/rv32imac/ilp32\libg_nano.a(lib_a-memset.o)
                0x00000000000012a2                memset
 *(.text.*)
 .text._wex_pop.constprop.6
                0x000000000000134a       0x9c ./wexcube_sdk/wexcube.o
 .text._wex_sendBasic.part.1
                0x00000000000013e6       0x1c ./wexcube_sdk/wexcube.o
 .text.wex_reset
                0x0000000000001402       0x5a ./wexcube_sdk/wexcube.o
                0x0000000000001402                wex_reset
 .text.wex_init
                0x000000000000145c       0x40 ./wexcube_sdk/wexcube.o
                0x000000000000145c                wex_init
 .text.wex_start
                0x000000000000149c        0x8 ./wexcube_sdk/wexcube.o
                0x000000000000149c                wex_start
 .text.wex_push
                0x00000000000014a4       0x4e ./wexcube_sdk/wexcube.o
                0x00000000000014a4                wex_push
 .text.wex_process
                0x00000000000014f2      0x30c ./wexcube_sdk/wexcube.o
                0x00000000000014f2                wex_process
 .text.wex_port_init
                0x00000000000017fe        0x2 ./wexcube_sdk/wexcube_port.o
                0x00000000000017fe                wex_port_init
 .text.wex_port_send
                0x0000000000001800       0x20 ./wexcube_sdk/wexcube_port.o
                0x0000000000001800                wex_port_send
 .text.ADC_InterTSSampInit
                0x0000000000001820       0x28 ./StdPeriphDriver/CH57x_adc.o
                0x0000000000001820                ADC_InterTSSampInit
 .text.RTC_InitTime
                0x0000000000001848      0x134 ./StdPeriphDriver/CH57x_clk.o
                0x0000000000001848                RTC_InitTime
 .text.GPIOA_ModeCfg
                0x000000000000197c       0xa6 ./StdPeriphDriver/CH57x_gpio.o
                0x000000000000197c                GPIOA_ModeCfg
 .text.GetSysClock
                0x0000000000001a22       0x42 ./StdPeriphDriver/CH57x_sys.o
                0x0000000000001a22                GetSysClock
 .text.SYS_DisableAllIrq
                0x0000000000001a64       0x1c ./StdPeriphDriver/CH57x_sys.o
                0x0000000000001a64                SYS_DisableAllIrq
 .text.SYS_RecoverIrq
                0x0000000000001a80       0x14 ./StdPeriphDriver/CH57x_sys.o
                0x0000000000001a80                SYS_RecoverIrq
 .text.SYS_GetSysTickCnt
                0x0000000000001a94        0xa ./StdPeriphDriver/CH57x_sys.o
                0x0000000000001a94                SYS_GetSysTickCnt
 .text._write   0x0000000000001a9e       0x28 ./StdPeriphDriver/CH57x_sys.o
                0x0000000000001a9e                _write
 .text.UART1_BaudRateCfg
                0x0000000000001ac6       0x30 ./StdPeriphDriver/CH57x_uart1.o
                0x0000000000001ac6                UART1_BaudRateCfg
 .text.UART1_DefInit
                0x0000000000001af6       0x32 ./StdPeriphDriver/CH57x_uart1.o
                0x0000000000001af6                UART1_DefInit
 .text.USB_DeviceInit
                0x0000000000001b28       0x7e ./StdPeriphDriver/CH57x_usbdev.o
                0x0000000000001b28                USB_DeviceInit
 .text.DevEP1_IN_Deal
                0x0000000000001ba6       0x16 ./StdPeriphDriver/CH57x_usbdev.o
                0x0000000000001ba6                DevEP1_IN_Deal
 .text.DevEP2_IN_Deal
                0x0000000000001bbc       0x16 ./StdPeriphDriver/CH57x_usbdev.o
                0x0000000000001bbc                DevEP2_IN_Deal
 .text.DevEP3_IN_Deal
                0x0000000000001bd2       0x16 ./StdPeriphDriver/CH57x_usbdev.o
                0x0000000000001bd2                DevEP3_IN_Deal
 .text.DevEP4_IN_Deal
                0x0000000000001be8       0x16 ./StdPeriphDriver/CH57x_usbdev.o
                0x0000000000001be8                DevEP4_IN_Deal
 .text.devInfo_ReadAttrCB
                0x0000000000001bfe      0x196 ./Profile/devinfoservice.o
 .text.DevInfo_AddService
                0x0000000000001d94       0x18 ./Profile/devinfoservice.o
                0x0000000000001d94                DevInfo_AddService
 .text.Lib_Read_Flash
                0x0000000000001dac       0x1c ./HAL/MCU.o
                0x0000000000001dac                Lib_Read_Flash
 .text.Lib_Write_Flash
                0x0000000000001dc8       0x42 ./HAL/MCU.o
                0x0000000000001dc8                Lib_Write_Flash
 .text.HAL_GetInterTempValue
                0x0000000000001e0a       0x70 ./HAL/MCU.o
                0x0000000000001e0a                HAL_GetInterTempValue
 .text.HAL_ProcessEvent
                0x0000000000001e7a       0x7c ./HAL/MCU.o
                0x0000000000001e7a                HAL_ProcessEvent
 .text.CH57X_BLEInit
                0x0000000000001ef6      0x11c ./HAL/MCU.o
                0x0000000000001ef6                CH57X_BLEInit
 .text.HAL_Init
                0x0000000000002012       0x34 ./HAL/MCU.o
                0x0000000000002012                HAL_Init
 .text.HAL_TimeInit
                0x0000000000002046       0x44 ./HAL/RTC.o
                0x0000000000002046                HAL_TimeInit
 .text.USB_HidInit
                0x000000000000208a       0x38 ./APP/usb_hid/usb_hid.o
                0x000000000000208a                USB_HidInit
 .text.DevHIDVolumeCodeReport
                0x00000000000020c2        0xe ./APP/usb_hid/usb_hid.o
                0x00000000000020c2                DevHIDVolumeCodeReport
 .text.DevEP1_OUT_Deal
                0x00000000000020d0       0x24 ./APP/usb_hid/usb_hid.o
                0x00000000000020d0                DevEP1_OUT_Deal
 .text.DevEP2_OUT_Deal
                0x00000000000020f4       0x24 ./APP/usb_hid/usb_hid.o
                0x00000000000020f4                DevEP2_OUT_Deal
 .text.DevEP3_OUT_Deal
                0x0000000000002118       0x24 ./APP/usb_hid/usb_hid.o
                0x0000000000002118                DevEP3_OUT_Deal
 .text.DevEP4_OUT_Deal
                0x000000000000213c       0x24 ./APP/usb_hid/usb_hid.o
                0x000000000000213c                DevEP4_OUT_Deal
 .text.USB_DevTransProcess
                0x0000000000002160      0x7aa ./APP/usb_hid/usb_hid.o
                0x0000000000002160                USB_DevTransProcess
 .text.ble_uart_WriteAttrCB
                0x000000000000290a       0xba ./APP/ble_uart_service/ble_uart_service_16bit.o
 .text.ble_uart_ReadAttrCB
                0x00000000000029c4       0x6e ./APP/ble_uart_service/ble_uart_service_16bit.o
 .text.ble_uart_HandleConnStatusCB
                0x0000000000002a32       0x3e ./APP/ble_uart_service/ble_uart_service_16bit.o
 .text.ble_uart_add_service
                0x0000000000002a70       0x5a ./APP/ble_uart_service/ble_uart_service_16bit.o
                0x0000000000002a70                ble_uart_add_service
 .text.ble_uart_notify_is_ready
                0x0000000000002aca       0x18 ./APP/ble_uart_service/ble_uart_service_16bit.o
                0x0000000000002aca                ble_uart_notify_is_ready
 .text.ble_uart_notify
                0x0000000000002ae2       0x46 ./APP/ble_uart_service/ble_uart_service_16bit.o
                0x0000000000002ae2                ble_uart_notify
 .text.app_drv_fifo_length
                0x0000000000002b28       0x12 ./APP/app_drv_fifo/app_drv_fifo.o
                0x0000000000002b28                app_drv_fifo_length
 .text.app_drv_fifo_init
                0x0000000000002b3a       0x26 ./APP/app_drv_fifo/app_drv_fifo.o
                0x0000000000002b3a                app_drv_fifo_init
 .text.app_drv_fifo_flush
                0x0000000000002b60        0x6 ./APP/app_drv_fifo/app_drv_fifo.o
                0x0000000000002b60                app_drv_fifo_flush
 .text.app_drv_fifo_write_from_same_addr
                0x0000000000002b66       0x66 ./APP/app_drv_fifo/app_drv_fifo.o
                0x0000000000002b66                app_drv_fifo_write_from_same_addr
 .text.app_drv_fifo_read
                0x0000000000002bcc       0x62 ./APP/app_drv_fifo/app_drv_fifo.o
                0x0000000000002bcc                app_drv_fifo_read
 .text.startup.main
                0x0000000000002c2e       0x56 ./APP/main.o
                0x0000000000002c2e                main
 .text.peripheralRssiCB
                0x0000000000002c84       0x12 ./APP/peripheral.o
 .text.on_bleuartServiceEvt
                0x0000000000002c96       0x58 ./APP/peripheral.o
                0x0000000000002c96                on_bleuartServiceEvt
 .text.Peripheral_ProcessEvent
                0x0000000000002cee      0x204 ./APP/peripheral.o
                0x0000000000002cee                Peripheral_ProcessEvent
 .text.peripheralParamUpdateCB
                0x0000000000002ef2       0x30 ./APP/peripheral.o
 .text.Peripheral_LinkTerminated
                0x0000000000002f22       0x44 ./APP/peripheral.o
 .text.peripheralStateNotificationCB
                0x0000000000002f66      0x12a ./APP/peripheral.o
 .text.app_drv_process
                0x0000000000003090       0x2c ./APP/peripheral.o
                0x0000000000003090                app_drv_process
 .text.app_drv_init
                0x00000000000030bc       0x38 ./APP/peripheral.o
                0x00000000000030bc                app_drv_init
 .text.Peripheral_Init
                0x00000000000030f4      0x134 ./APP/peripheral.o
                0x00000000000030f4                Peripheral_Init
 .text.tmos_msg_enqueue
                0x0000000000003228       0x1e E:\WORK\WeXCube\Hardware\USB_HID_BLE0\LIB\libCH57xBLE.a(message.o)
                0x0000000000003228                tmos_msg_enqueue
 .text.tmos_msg_deallocate
                0x0000000000003246       0x2c E:\WORK\WeXCube\Hardware\USB_HID_BLE0\LIB\libCH57xBLE.a(message.o)
                0x0000000000003246                tmos_msg_deallocate
 .text.tmos_msg_allocate
                0x0000000000003272       0x3e E:\WORK\WeXCube\Hardware\USB_HID_BLE0\LIB\libCH57xBLE.a(message.o)
                0x0000000000003272                tmos_msg_allocate
 .text.tmos_msg_receive
                0x00000000000032b0       0x68 E:\WORK\WeXCube\Hardware\USB_HID_BLE0\LIB\libCH57xBLE.a(message.o)
                0x00000000000032b0                tmos_msg_receive
 .text.tmos_msg_send
                0x0000000000003318       0x56 E:\WORK\WeXCube\Hardware\USB_HID_BLE0\LIB\libCH57xBLE.a(message.o)
                0x0000000000003318                tmos_msg_send
 .text.tmos_msg_init
                0x000000000000336e        0x6 E:\WORK\WeXCube\Hardware\USB_HID_BLE0\LIB\libCH57xBLE.a(message.o)
                0x000000000000336e                tmos_msg_init
 .text.tmosFindTask
                0x0000000000003374       0x20 E:\WORK\WeXCube\Hardware\USB_HID_BLE0\LIB\libCH57xBLE.a(tmos.o)
 .text.TMOS_CbTimerProcessEvent
                0x0000000000003394       0x7c E:\WORK\WeXCube\Hardware\USB_HID_BLE0\LIB\libCH57xBLE.a(tmos.o)
                0x0000000000003394                TMOS_CbTimerProcessEvent
 .text.tmos_rand
                0x0000000000003410       0x54 E:\WORK\WeXCube\Hardware\USB_HID_BLE0\LIB\libCH57xBLE.a(tmos.o)
                0x0000000000003410                tmos_rand
 .text.tmos_query_sleep_time
                0x0000000000003464      0x18a E:\WORK\WeXCube\Hardware\USB_HID_BLE0\LIB\libCH57xBLE.a(tmos.o)
                0x0000000000003464                tmos_query_sleep_time
 .text.tmos_memset
                0x00000000000035ee       0x12 E:\WORK\WeXCube\Hardware\USB_HID_BLE0\LIB\libCH57xBLE.a(tmos.o)
                0x00000000000035ee                tmos_memset
 .text.tmos_strlen
                0x0000000000003600       0x14 E:\WORK\WeXCube\Hardware\USB_HID_BLE0\LIB\libCH57xBLE.a(tmos.o)
                0x0000000000003600                tmos_strlen
 .text.tmos_memdup
                0x0000000000003614       0x3c E:\WORK\WeXCube\Hardware\USB_HID_BLE0\LIB\libCH57xBLE.a(tmos.o)
                0x0000000000003614                tmos_memdup
 .text.tmos_memcmp
                0x0000000000003650       0x24 E:\WORK\WeXCube\Hardware\USB_HID_BLE0\LIB\libCH57xBLE.a(tmos.o)
                0x0000000000003650                tmos_memcmp
 .text.tmos_revmemcpy
                0x0000000000003674       0x1c E:\WORK\WeXCube\Hardware\USB_HID_BLE0\LIB\libCH57xBLE.a(tmos.o)
                0x0000000000003674                tmos_revmemcpy
 .text.tmos_isbufset
                0x0000000000003690       0x1e E:\WORK\WeXCube\Hardware\USB_HID_BLE0\LIB\libCH57xBLE.a(tmos.o)
                0x0000000000003690                tmos_isbufset
 .text.tmos_set_event
                0x00000000000036ae       0x2a E:\WORK\WeXCube\Hardware\USB_HID_BLE0\LIB\libCH57xBLE.a(tmos.o)
                0x00000000000036ae                tmos_set_event
 .text.tmos_query_system_time
                0x00000000000036d8       0xae E:\WORK\WeXCube\Hardware\USB_HID_BLE0\LIB\libCH57xBLE.a(tmos.o)
                0x00000000000036d8                tmos_query_system_time
 .text.tmos_clear_event
                0x0000000000003786       0x2e E:\WORK\WeXCube\Hardware\USB_HID_BLE0\LIB\libCH57xBLE.a(tmos.o)
                0x0000000000003786                tmos_clear_event
 .text.tmos_start_task
                0x00000000000037b4       0x8e E:\WORK\WeXCube\Hardware\USB_HID_BLE0\LIB\libCH57xBLE.a(tmos.o)
                0x00000000000037b4                tmos_start_task
 .text.tmos_start_callback_task
                0x0000000000003842       0xac E:\WORK\WeXCube\Hardware\USB_HID_BLE0\LIB\libCH57xBLE.a(tmos.o)
                0x0000000000003842                tmos_start_callback_task
 .text.tmos_start_reload_task
                0x00000000000038ee       0x30 E:\WORK\WeXCube\Hardware\USB_HID_BLE0\LIB\libCH57xBLE.a(tmos.o)
                0x00000000000038ee                tmos_start_reload_task
 .text.tmos_stop_task
                0x000000000000391e       0x32 E:\WORK\WeXCube\Hardware\USB_HID_BLE0\LIB\libCH57xBLE.a(tmos.o)
                0x000000000000391e                tmos_stop_task
 .text.tmos_stop_callback_task
                0x0000000000003950       0x5c E:\WORK\WeXCube\Hardware\USB_HID_BLE0\LIB\libCH57xBLE.a(tmos.o)
                0x0000000000003950                tmos_stop_callback_task
 .text.tmos_get_task_timer
                0x00000000000039ac       0x16 E:\WORK\WeXCube\Hardware\USB_HID_BLE0\LIB\libCH57xBLE.a(tmos.o)
                0x00000000000039ac                tmos_get_task_timer
 .text.tmos_update_callback_timer
                0x00000000000039c2       0x62 E:\WORK\WeXCube\Hardware\USB_HID_BLE0\LIB\libCH57xBLE.a(tmos.o)
                0x00000000000039c2                tmos_update_callback_timer
 .text.TMOS_TimerRegister
                0x0000000000003a24       0x1a E:\WORK\WeXCube\Hardware\USB_HID_BLE0\LIB\libCH57xBLE.a(tmos.o)
                0x0000000000003a24                TMOS_TimerRegister
 .text.TMOS_ProcessRegister
                0x0000000000003a3e       0x16 E:\WORK\WeXCube\Hardware\USB_HID_BLE0\LIB\libCH57xBLE.a(tmos.o)
                0x0000000000003a3e                TMOS_ProcessRegister
 .text.TMOS_Init
                0x0000000000003a54       0xbe E:\WORK\WeXCube\Hardware\USB_HID_BLE0\LIB\libCH57xBLE.a(tmos.o)
                0x0000000000003a54                TMOS_Init
 .text.TMOS_ProcessEventRegister
                0x0000000000003b12       0x38 E:\WORK\WeXCube\Hardware\USB_HID_BLE0\LIB\libCH57xBLE.a(tmos.o)
                0x0000000000003b12                TMOS_ProcessEventRegister
 .text.BLE_LibInit
                0x0000000000003b4a      0x156 E:\WORK\WeXCube\Hardware\USB_HID_BLE0\LIB\libCH57xBLE.a(tmos.o)
                0x0000000000003b4a                BLE_LibInit
 .text.ble_ll_common_rand8
                0x0000000000003ca0       0x24 E:\WORK\WeXCube\Hardware\USB_HID_BLE0\LIB\libCH57xBLE.a(tmos_hw.o)
                0x0000000000003ca0                ble_ll_common_rand8
 .text.ble_ll_common_rand16
                0x0000000000003cc4       0x24 E:\WORK\WeXCube\Hardware\USB_HID_BLE0\LIB\libCH57xBLE.a(tmos_hw.o)
                0x0000000000003cc4                ble_ll_common_rand16
 .text.ble_ll_common_rand32
                0x0000000000003ce8       0x20 E:\WORK\WeXCube\Hardware\USB_HID_BLE0\LIB\libCH57xBLE.a(tmos_hw.o)
                0x0000000000003ce8                ble_ll_common_rand32
 .text.ll_hw_temp_sample
                0x0000000000003d08       0xc0 E:\WORK\WeXCube\Hardware\USB_HID_BLE0\LIB\libCH57xBLE.a(tmos_hw.o)
                0x0000000000003d08                ll_hw_temp_sample
 .text.TMOS_TimerInit
                0x0000000000003dc8       0x5c E:\WORK\WeXCube\Hardware\USB_HID_BLE0\LIB\libCH57xBLE.a(tmos_hw.o)
                0x0000000000003dc8                TMOS_TimerInit
 .text.tmos_snv_init
                0x0000000000003e24       0xba E:\WORK\WeXCube\Hardware\USB_HID_BLE0\LIB\libCH57xBLE.a(tmos_snv.o)
                0x0000000000003e24                tmos_snv_init
 .text.tmos_snv_clear
                0x0000000000003ede       0xac E:\WORK\WeXCube\Hardware\USB_HID_BLE0\LIB\libCH57xBLE.a(tmos_snv.o)
                0x0000000000003ede                tmos_snv_clear
 .text.tmos_snv_read
                0x0000000000003f8a       0xea E:\WORK\WeXCube\Hardware\USB_HID_BLE0\LIB\libCH57xBLE.a(tmos_snv.o)
                0x0000000000003f8a                tmos_snv_read
 .text.tmos_snv_notify
                0x0000000000004074       0x5e E:\WORK\WeXCube\Hardware\USB_HID_BLE0\LIB\libCH57xBLE.a(tmos_snv.o)
                0x0000000000004074                tmos_snv_notify
 .text.tmos_snv_write
                0x00000000000040d2      0x116 E:\WORK\WeXCube\Hardware\USB_HID_BLE0\LIB\libCH57xBLE.a(tmos_snv.o)
                0x00000000000040d2                tmos_snv_write
 .text.tmos_snv_compact
                0x00000000000041e8       0x48 E:\WORK\WeXCube\Hardware\USB_HID_BLE0\LIB\libCH57xBLE.a(tmos_snv.o)
                0x00000000000041e8                tmos_snv_compact
 .text.ATT_BuildErrorRsp
                0x0000000000004230       0x26 E:\WORK\WeXCube\Hardware\USB_HID_BLE0\LIB\libCH57xBLE.a(att.o)
                0x0000000000004230                ATT_BuildErrorRsp
 .text.ATT_ParamInit
                0x0000000000004256        0xa E:\WORK\WeXCube\Hardware\USB_HID_BLE0\LIB\libCH57xBLE.a(att.o)
                0x0000000000004256                ATT_ParamInit
 .text.ATT_ConvertUUIDto128
                0x0000000000004260       0x46 E:\WORK\WeXCube\Hardware\USB_HID_BLE0\LIB\libCH57xBLE.a(att.o)
                0x0000000000004260                ATT_ConvertUUIDto128
 .text.ATT_CompareUUID
                0x00000000000042a6       0x62 E:\WORK\WeXCube\Hardware\USB_HID_BLE0\LIB\libCH57xBLE.a(att.o)
                0x00000000000042a6                ATT_CompareUUID
 .text.ATT_RegisterServer
                0x0000000000004308        0x6 E:\WORK\WeXCube\Hardware\USB_HID_BLE0\LIB\libCH57xBLE.a(att.o)
                0x0000000000004308                ATT_RegisterServer
 .text.ATT_ParsePacket
                0x000000000000430e       0x94 E:\WORK\WeXCube\Hardware\USB_HID_BLE0\LIB\libCH57xBLE.a(att.o)
                0x000000000000430e                ATT_ParsePacket
 .text.ATT_UpdateMTU
                0x00000000000043a2       0x3c E:\WORK\WeXCube\Hardware\USB_HID_BLE0\LIB\libCH57xBLE.a(att.o)
                0x00000000000043a2                ATT_UpdateMTU
 .text.ATT_GetMTU
                0x00000000000043de       0x1e E:\WORK\WeXCube\Hardware\USB_HID_BLE0\LIB\libCH57xBLE.a(att.o)
                0x00000000000043de                ATT_GetMTU
 .text.attSendMsg
                0x00000000000043fc       0xb6 E:\WORK\WeXCube\Hardware\USB_HID_BLE0\LIB\libCH57xBLE.a(att.o)
                0x00000000000043fc                attSendMsg
 .text.attSendRspMsg
                0x00000000000044b2       0x46 E:\WORK\WeXCube\Hardware\USB_HID_BLE0\LIB\libCH57xBLE.a(att.o)
                0x00000000000044b2                attSendRspMsg
 .text.ATT_ErrorRsp
                0x00000000000044f8       0x10 E:\WORK\WeXCube\Hardware\USB_HID_BLE0\LIB\libCH57xBLE.a(att.o)
                0x00000000000044f8                ATT_ErrorRsp
 .text.disconnectNext
                0x0000000000004508       0x22 E:\WORK\WeXCube\Hardware\USB_HID_BLE0\LIB\libCH57xBLE.a(gap.o)
 .text.GAP_ParamInit
                0x000000000000452a       0x80 E:\WORK\WeXCube\Hardware\USB_HID_BLE0\LIB\libCH57xBLE.a(gap.o)
                0x000000000000452a                GAP_ParamInit
 .text.sendTerminateEvent
                0x00000000000045aa       0x58 E:\WORK\WeXCube\Hardware\USB_HID_BLE0\LIB\libCH57xBLE.a(gap.o)
                0x00000000000045aa                sendTerminateEvent
 .text.gapRegisterCentral
                0x0000000000004602        0x6 E:\WORK\WeXCube\Hardware\USB_HID_BLE0\LIB\libCH57xBLE.a(gap.o)
                0x0000000000004602                gapRegisterCentral
 .text.gapRegisterCentralConn
                0x0000000000004608        0x6 E:\WORK\WeXCube\Hardware\USB_HID_BLE0\LIB\libCH57xBLE.a(gap.o)
                0x0000000000004608                gapRegisterCentralConn
 .text.gapRegisterPeripheral
                0x000000000000460e        0x6 E:\WORK\WeXCube\Hardware\USB_HID_BLE0\LIB\libCH57xBLE.a(gap.o)
                0x000000000000460e                gapRegisterPeripheral
 .text.gapRegisterPeripheralConn
                0x0000000000004614        0x6 E:\WORK\WeXCube\Hardware\USB_HID_BLE0\LIB\libCH57xBLE.a(gap.o)
                0x0000000000004614                gapRegisterPeripheralConn
 .text.smGenerateRandBuf
                0x000000000000461a       0x56 E:\WORK\WeXCube\Hardware\USB_HID_BLE0\LIB\libCH57xBLE.a(gap.o)
                0x000000000000461a                smGenerateRandBuf
 .text.gapL2capConnParamUpdateReq
                0x0000000000004670       0x32 E:\WORK\WeXCube\Hardware\USB_HID_BLE0\LIB\libCH57xBLE.a(gap.o)
                0x0000000000004670                gapL2capConnParamUpdateReq
 .text.gapValidADType
                0x00000000000046a2       0x16 E:\WORK\WeXCube\Hardware\USB_HID_BLE0\LIB\libCH57xBLE.a(gap.o)
                0x00000000000046a2                gapValidADType
 .text.gapFindADType
                0x00000000000046b8       0x8e E:\WORK\WeXCube\Hardware\USB_HID_BLE0\LIB\libCH57xBLE.a(gap.o)
                0x00000000000046b8                gapFindADType
 .text.GAP_SecParamsInit
                0x0000000000004746       0x9a E:\WORK\WeXCube\Hardware\USB_HID_BLE0\LIB\libCH57xBLE.a(gap.o)
                0x0000000000004746                GAP_SecParamsInit
 .text.GAP_ParamsInit
                0x00000000000047e0       0x48 E:\WORK\WeXCube\Hardware\USB_HID_BLE0\LIB\libCH57xBLE.a(gap.o)
                0x00000000000047e0                GAP_ParamsInit
 .text.gapAddAddrAdj
                0x0000000000004828       0x48 E:\WORK\WeXCube\Hardware\USB_HID_BLE0\LIB\libCH57xBLE.a(gap.o)
                0x0000000000004828                gapAddAddrAdj
 .text.gapDetermineAddrType
                0x0000000000004870       0x28 E:\WORK\WeXCube\Hardware\USB_HID_BLE0\LIB\libCH57xBLE.a(gap.o)
                0x0000000000004870                gapDetermineAddrType
 .text.gapFreeAuthLink
                0x0000000000004898       0x4a E:\WORK\WeXCube\Hardware\USB_HID_BLE0\LIB\libCH57xBLE.a(gap.o)
                0x0000000000004898                gapFreeAuthLink
 .text.gapGetDevAddress
                0x00000000000048e2       0x24 E:\WORK\WeXCube\Hardware\USB_HID_BLE0\LIB\libCH57xBLE.a(gap.o)
                0x00000000000048e2                gapGetDevAddress
 .text.gapGetDevAddressMode
                0x0000000000004906        0xa E:\WORK\WeXCube\Hardware\USB_HID_BLE0\LIB\libCH57xBLE.a(gap.o)
                0x0000000000004906                gapGetDevAddressMode
 .text.gapGetIRK
                0x0000000000004910        0xc E:\WORK\WeXCube\Hardware\USB_HID_BLE0\LIB\libCH57xBLE.a(gap.o)
                0x0000000000004910                gapGetIRK
 .text.gapGetSRK
                0x000000000000491c        0xc E:\WORK\WeXCube\Hardware\USB_HID_BLE0\LIB\libCH57xBLE.a(gap.o)
                0x000000000000491c                gapGetSRK
 .text.gapGetSignCounter
                0x0000000000004928        0xe E:\WORK\WeXCube\Hardware\USB_HID_BLE0\LIB\libCH57xBLE.a(gap.o)
                0x0000000000004928                gapGetSignCounter
 .text.gapIncSignCounter
                0x0000000000004936       0x28 E:\WORK\WeXCube\Hardware\USB_HID_BLE0\LIB\libCH57xBLE.a(gap.o)
                0x0000000000004936                gapIncSignCounter
 .text.gapProcessConnEvt
                0x000000000000495e       0x48 E:\WORK\WeXCube\Hardware\USB_HID_BLE0\LIB\libCH57xBLE.a(gap.o)
                0x000000000000495e                gapProcessConnEvt
 .text.gapProcessDisconnectCompleteEvt
                0x00000000000049a6       0xa8 E:\WORK\WeXCube\Hardware\USB_HID_BLE0\LIB\libCH57xBLE.a(gap.o)
                0x00000000000049a6                gapProcessDisconnectCompleteEvt
 .text.sendAuthEvent
                0x0000000000004a4e      0x11a E:\WORK\WeXCube\Hardware\USB_HID_BLE0\LIB\libCH57xBLE.a(gap.o)
                0x0000000000004a4e                sendAuthEvent
 .text.gapSendBondCompleteEvent
                0x0000000000004b68       0x70 E:\WORK\WeXCube\Hardware\USB_HID_BLE0\LIB\libCH57xBLE.a(gap.o)
                0x0000000000004b68                gapSendBondCompleteEvent
 .text.gapSendPairingReqEvent
                0x0000000000004bd8       0x92 E:\WORK\WeXCube\Hardware\USB_HID_BLE0\LIB\libCH57xBLE.a(gap.o)
                0x0000000000004bd8                gapSendPairingReqEvent
 .text.gapSendSlaveSecurityReqEvent
                0x0000000000004c6a       0x68 E:\WORK\WeXCube\Hardware\USB_HID_BLE0\LIB\libCH57xBLE.a(gap.o)
                0x0000000000004c6a                gapSendSlaveSecurityReqEvent
 .text.gapSendDeviceInitDoneEvent
                0x0000000000004cd2       0x88 E:\WORK\WeXCube\Hardware\USB_HID_BLE0\LIB\libCH57xBLE.a(gap.o)
                0x0000000000004cd2                gapSendDeviceInitDoneEvent
 .text.gapSendLinkUpdateEvent
                0x0000000000004d5a       0x84 E:\WORK\WeXCube\Hardware\USB_HID_BLE0\LIB\libCH57xBLE.a(gap.o)
                0x0000000000004d5a                gapSendLinkUpdateEvent
 .text.gapSendEstLinkEvent
                0x0000000000004dde       0xb8 E:\WORK\WeXCube\Hardware\USB_HID_BLE0\LIB\libCH57xBLE.a(gap.o)
                0x0000000000004dde                gapSendEstLinkEvent
 .text.gapProcessNewAddr
                0x0000000000004e96       0x3e E:\WORK\WeXCube\Hardware\USB_HID_BLE0\LIB\libCH57xBLE.a(gap.o)
                0x0000000000004e96                gapProcessNewAddr
 .text.gapProcessRandomAddrComplete
                0x0000000000004ed4       0xa2 E:\WORK\WeXCube\Hardware\USB_HID_BLE0\LIB\libCH57xBLE.a(gap.o)
                0x0000000000004ed4                gapProcessRandomAddrComplete
 .text.GAP_Authenticate
                0x0000000000004f76       0xd2 E:\WORK\WeXCube\Hardware\USB_HID_BLE0\LIB\libCH57xBLE.a(gap.o)
                0x0000000000004f76                GAP_Authenticate
 .text.GAP_Bond
                0x0000000000005048       0xa2 E:\WORK\WeXCube\Hardware\USB_HID_BLE0\LIB\libCH57xBLE.a(gap.o)
                0x0000000000005048                GAP_Bond
 .text.GAP_GetParamValue
                0x00000000000050ea       0x1e E:\WORK\WeXCube\Hardware\USB_HID_BLE0\LIB\libCH57xBLE.a(gap.o)
                0x00000000000050ea                GAP_GetParamValue
 .text.GAP_PasscodeUpdate
                0x0000000000005108       0x50 E:\WORK\WeXCube\Hardware\USB_HID_BLE0\LIB\libCH57xBLE.a(gap.o)
                0x0000000000005108                GAP_PasscodeUpdate
 .text.GAP_RegisterForMsgs
                0x0000000000005158        0x6 E:\WORK\WeXCube\Hardware\USB_HID_BLE0\LIB\libCH57xBLE.a(gap.o)
                0x0000000000005158                GAP_RegisterForMsgs
 .text.GAP_ResolvePrivateAddr
                0x000000000000515e        0x4 E:\WORK\WeXCube\Hardware\USB_HID_BLE0\LIB\libCH57xBLE.a(gap.o)
                0x000000000000515e                GAP_ResolvePrivateAddr
 .text.gapPairingCompleteCB
                0x0000000000005162      0x188 E:\WORK\WeXCube\Hardware\USB_HID_BLE0\LIB\libCH57xBLE.a(gap.o)
                0x0000000000005162                gapPairingCompleteCB
 .text.gapPasskeyNeededCB
                0x00000000000052ea       0x8e E:\WORK\WeXCube\Hardware\USB_HID_BLE0\LIB\libCH57xBLE.a(gap.o)
                0x00000000000052ea                gapPasskeyNeededCB
 .text.gapFreeEstLink
                0x0000000000005378       0x20 E:\WORK\WeXCube\Hardware\USB_HID_BLE0\LIB\libCH57xBLE.a(gap.o)
                0x0000000000005378                gapFreeEstLink
 .text.gapUpdateConnSignCounter
                0x0000000000005398       0x7a E:\WORK\WeXCube\Hardware\USB_HID_BLE0\LIB\libCH57xBLE.a(gap.o)
                0x0000000000005398                gapUpdateConnSignCounter
 .text.GAP_SendSlaveSecurityRequest
                0x0000000000005412       0x4c E:\WORK\WeXCube\Hardware\USB_HID_BLE0\LIB\libCH57xBLE.a(gap.o)
                0x0000000000005412                GAP_SendSlaveSecurityRequest
 .text.GAP_Signable
                0x000000000000545e       0x66 E:\WORK\WeXCube\Hardware\USB_HID_BLE0\LIB\libCH57xBLE.a(gap.o)
                0x000000000000545e                GAP_Signable
 .text.GAP_TerminateAuth
                0x00000000000054c4       0x2a E:\WORK\WeXCube\Hardware\USB_HID_BLE0\LIB\libCH57xBLE.a(gap.o)
                0x00000000000054c4                GAP_TerminateAuth
 .text.GAP_NumActiveConnections
                0x00000000000054ee        0x4 E:\WORK\WeXCube\Hardware\USB_HID_BLE0\LIB\libCH57xBLE.a(gap.o)
                0x00000000000054ee                GAP_NumActiveConnections
 .text.GAP_TerminateLinkReq
                0x00000000000054f2       0x8e E:\WORK\WeXCube\Hardware\USB_HID_BLE0\LIB\libCH57xBLE.a(gap.o)
                0x00000000000054f2                GAP_TerminateLinkReq
 .text.GAP_SetParamValue
                0x0000000000005580       0x58 E:\WORK\WeXCube\Hardware\USB_HID_BLE0\LIB\libCH57xBLE.a(gap.o)
                0x0000000000005580                GAP_SetParamValue
 .text.GAP_Init
                0x00000000000055d8       0x44 E:\WORK\WeXCube\Hardware\USB_HID_BLE0\LIB\libCH57xBLE.a(gap.o)
                0x00000000000055d8                GAP_Init
 .text.GAP_ProcessEvent
                0x000000000000561c      0x59a E:\WORK\WeXCube\Hardware\USB_HID_BLE0\LIB\libCH57xBLE.a(gap.o)
                0x000000000000561c                GAP_ProcessEvent
 .text.gapSendScanEnable
                0x0000000000005bb6       0x1e E:\WORK\WeXCube\Hardware\USB_HID_BLE0\LIB\libCH57xBLE.a(gap_central.o)
 .text.gapCentProcessConnEvt
                0x0000000000005bd4      0x104 E:\WORK\WeXCube\Hardware\USB_HID_BLE0\LIB\libCH57xBLE.a(gap_central.o)
                0x0000000000005bd4                gapCentProcessConnEvt
 .text.gapCancelLinkReq
                0x0000000000005cd8       0x38 E:\WORK\WeXCube\Hardware\USB_HID_BLE0\LIB\libCH57xBLE.a(gap_central.o)
                0x0000000000005cd8                gapCancelLinkReq
 .text.GAP_CentralParamInit
                0x0000000000005d10       0x4c E:\WORK\WeXCube\Hardware\USB_HID_BLE0\LIB\libCH57xBLE.a(gap_central.o)
                0x0000000000005d10                GAP_CentralParamInit
 .text.gapFreeScanRecs
                0x0000000000005d5c       0xa2 E:\WORK\WeXCube\Hardware\USB_HID_BLE0\LIB\libCH57xBLE.a(gap_central.o)
                0x0000000000005d5c                gapFreeScanRecs
 .text.gapSendDevDiscEvent
                0x0000000000005dfe      0x124 E:\WORK\WeXCube\Hardware\USB_HID_BLE0\LIB\libCH57xBLE.a(gap_central.o)
                0x0000000000005dfe                gapSendDevDiscEvent
 .text.gapSetScanParamStatus.part.2
                0x0000000000005f22       0x40 E:\WORK\WeXCube\Hardware\USB_HID_BLE0\LIB\libCH57xBLE.a(gap_central.o)
 .text.gapCentProcessHCICmdEvt
                0x0000000000005f62       0x3c E:\WORK\WeXCube\Hardware\USB_HID_BLE0\LIB\libCH57xBLE.a(gap_central.o)
                0x0000000000005f62                gapCentProcessHCICmdEvt
 .text.gapProcessScanningEvt
                0x0000000000005f9e      0x32c E:\WORK\WeXCube\Hardware\USB_HID_BLE0\LIB\libCH57xBLE.a(gap_central.o)
                0x0000000000005f9e                gapProcessScanningEvt
 .text.gapProcessScanningDirectEvt
                0x00000000000062ca       0xfe E:\WORK\WeXCube\Hardware\USB_HID_BLE0\LIB\libCH57xBLE.a(gap_central.o)
                0x00000000000062ca                gapProcessScanningDirectEvt
 .text.GAP_CentConnRegister
                0x00000000000063c8       0x12 E:\WORK\WeXCube\Hardware\USB_HID_BLE0\LIB\libCH57xBLE.a(gap_central.o)
                0x00000000000063c8                GAP_CentConnRegister
 .text.GAP_CentDevMgrInit
                0x00000000000063da       0x94 E:\WORK\WeXCube\Hardware\USB_HID_BLE0\LIB\libCH57xBLE.a(gap_central.o)
                0x00000000000063da                GAP_CentDevMgrInit
 .text.gapFreeAdvertState
                0x000000000000646e       0x20 E:\WORK\WeXCube\Hardware\USB_HID_BLE0\LIB\libCH57xBLE.a(gap_peripheral.o)
 .text.gapPeriProcessConnEvt
                0x000000000000648e       0xbc E:\WORK\WeXCube\Hardware\USB_HID_BLE0\LIB\libCH57xBLE.a(gap_peripheral.o)
 .text.gapSetAdvParams
                0x000000000000654a       0x88 E:\WORK\WeXCube\Hardware\USB_HID_BLE0\LIB\libCH57xBLE.a(gap_peripheral.o)
 .text.GAP_PeripheralParamInit
                0x00000000000065d2       0x4a E:\WORK\WeXCube\Hardware\USB_HID_BLE0\LIB\libCH57xBLE.a(gap_peripheral.o)
                0x00000000000065d2                GAP_PeripheralParamInit
 .text.gapSendMakeDiscEvent
                0x000000000000661c       0x50 E:\WORK\WeXCube\Hardware\USB_HID_BLE0\LIB\libCH57xBLE.a(gap_peripheral.o)
                0x000000000000661c                gapSendMakeDiscEvent
 .text.gapPeriProcessHCICmdCompleteEvt
                0x000000000000666c      0x194 E:\WORK\WeXCube\Hardware\USB_HID_BLE0\LIB\libCH57xBLE.a(gap_peripheral.o)
 .text.GAP_MakeDiscoverable
                0x0000000000006800       0xf2 E:\WORK\WeXCube\Hardware\USB_HID_BLE0\LIB\libCH57xBLE.a(gap_peripheral.o)
                0x0000000000006800                GAP_MakeDiscoverable
 .text.GAP_EndDiscoverable
                0x00000000000068f2       0x5c E:\WORK\WeXCube\Hardware\USB_HID_BLE0\LIB\libCH57xBLE.a(gap_peripheral.o)
                0x00000000000068f2                GAP_EndDiscoverable
 .text.gapProcessAdvertisingEvt
                0x000000000000694e       0x8e E:\WORK\WeXCube\Hardware\USB_HID_BLE0\LIB\libCH57xBLE.a(gap_peripheral.o)
 .text.GAP_UpdateAdvertisingData
                0x00000000000069dc       0xb8 E:\WORK\WeXCube\Hardware\USB_HID_BLE0\LIB\libCH57xBLE.a(gap_peripheral.o)
                0x00000000000069dc                GAP_UpdateAdvertisingData
 .text.GAP_PeriConnRegister
                0x0000000000006a94       0x2a E:\WORK\WeXCube\Hardware\USB_HID_BLE0\LIB\libCH57xBLE.a(gap_peripheral.o)
                0x0000000000006a94                GAP_PeriConnRegister
 .text.GAP_PeriDevMgrInit
                0x0000000000006abe       0xbc E:\WORK\WeXCube\Hardware\USB_HID_BLE0\LIB\libCH57xBLE.a(gap_peripheral.o)
                0x0000000000006abe                GAP_PeriDevMgrInit
 .text.ggs_SetAttrWPermit
                0x0000000000006b7a       0x68 E:\WORK\WeXCube\Hardware\USB_HID_BLE0\LIB\libCH57xBLE.a(gapgattserver.o)
 .text.ggs_ReadAttrCB
                0x0000000000006be2      0x152 E:\WORK\WeXCube\Hardware\USB_HID_BLE0\LIB\libCH57xBLE.a(gapgattserver.o)
 .text.ggs_WriteAttrCB
                0x0000000000006d34      0x154 E:\WORK\WeXCube\Hardware\USB_HID_BLE0\LIB\libCH57xBLE.a(gapgattserver.o)
 .text.GGS_ParamInit
                0x0000000000006e88      0x23a E:\WORK\WeXCube\Hardware\USB_HID_BLE0\LIB\libCH57xBLE.a(gapgattserver.o)
                0x0000000000006e88                GGS_ParamInit
 .text.GGS_SetParameter
                0x00000000000070c2       0xde E:\WORK\WeXCube\Hardware\USB_HID_BLE0\LIB\libCH57xBLE.a(gapgattserver.o)
                0x00000000000070c2                GGS_SetParameter
 .text.GGS_AddService
                0x00000000000071a0       0x2c E:\WORK\WeXCube\Hardware\USB_HID_BLE0\LIB\libCH57xBLE.a(gapgattserver.o)
                0x00000000000071a0                GGS_AddService
 .text.GAP_DeviceInit
                0x00000000000071cc       0xd8 E:\WORK\WeXCube\Hardware\USB_HID_BLE0\LIB\libCH57xBLE.a(gapgattserver.o)
                0x00000000000071cc                GAP_DeviceInit
 .text.gattGetPayload
                0x00000000000072a4       0x7e E:\WORK\WeXCube\Hardware\USB_HID_BLE0\LIB\libCH57xBLE.a(gatt.o)
                0x00000000000072a4                gattGetPayload
 .text.gattNotifyEvent
                0x0000000000007322       0x80 E:\WORK\WeXCube\Hardware\USB_HID_BLE0\LIB\libCH57xBLE.a(gatt.o)
                0x0000000000007322                gattNotifyEvent
 .text.gattSendFlowCtrlEvt
                0x00000000000073a2       0x48 E:\WORK\WeXCube\Hardware\USB_HID_BLE0\LIB\libCH57xBLE.a(gatt.o)
                0x00000000000073a2                gattSendFlowCtrlEvt
 .text.gattStartTimer
                0x00000000000073ea        0xc E:\WORK\WeXCube\Hardware\USB_HID_BLE0\LIB\libCH57xBLE.a(gatt.o)
                0x00000000000073ea                gattStartTimer
 .text.gattStopTimer
                0x00000000000073f6       0x32 E:\WORK\WeXCube\Hardware\USB_HID_BLE0\LIB\libCH57xBLE.a(gatt.o)
                0x00000000000073f6                gattStopTimer
 .text.GATT_AppCompletedMsg
                0x0000000000007428       0x30 E:\WORK\WeXCube\Hardware\USB_HID_BLE0\LIB\libCH57xBLE.a(gatt.o)
                0x0000000000007428                GATT_AppCompletedMsg
 .text.GATT_NotifyEvent
                0x0000000000007458       0x4e E:\WORK\WeXCube\Hardware\USB_HID_BLE0\LIB\libCH57xBLE.a(gatt.o)
                0x0000000000007458                GATT_NotifyEvent
 .text.gattRegisterServer
                0x00000000000074a6        0x6 E:\WORK\WeXCube\Hardware\USB_HID_BLE0\LIB\libCH57xBLE.a(gatt.o)
                0x00000000000074a6                gattRegisterServer
 .text.GATT_UpdateMTU
                0x00000000000074ac       0x5c E:\WORK\WeXCube\Hardware\USB_HID_BLE0\LIB\libCH57xBLE.a(gatt.o)
                0x00000000000074ac                GATT_UpdateMTU
 .text.GATT_bm_alloc
                0x0000000000007508       0xe8 E:\WORK\WeXCube\Hardware\USB_HID_BLE0\LIB\libCH57xBLE.a(gatt.o)
                0x0000000000007508                GATT_bm_alloc
 .text.GATT_ServiceChangedInd
                0x00000000000075f0       0x94 E:\WORK\WeXCube\Hardware\USB_HID_BLE0\LIB\libCH57xBLE.a(gatt.o)
                0x00000000000075f0                GATT_ServiceChangedInd
 .text.GATT_bm_free
                0x0000000000007684       0x1c E:\WORK\WeXCube\Hardware\USB_HID_BLE0\LIB\libCH57xBLE.a(gatt.o)
                0x0000000000007684                GATT_bm_free
 .text.GATT_RegisterForPeriMsgs
                0x00000000000076a0        0x6 E:\WORK\WeXCube\Hardware\USB_HID_BLE0\LIB\libCH57xBLE.a(gatt.o)
                0x00000000000076a0                GATT_RegisterForPeriMsgs
 .text.GATT_Init
                0x00000000000076a6       0x30 E:\WORK\WeXCube\Hardware\USB_HID_BLE0\LIB\libCH57xBLE.a(gatt.o)
                0x00000000000076a6                GATT_Init
 .text.GATT_ProcessEvent
                0x00000000000076d6      0x136 E:\WORK\WeXCube\Hardware\USB_HID_BLE0\LIB\libCH57xBLE.a(gatt.o)
                0x00000000000076d6                GATT_ProcessEvent
 .text.gattProcessExchangeMTUReq
                0x000000000000780c        0x4 E:\WORK\WeXCube\Hardware\USB_HID_BLE0\LIB\libCH57xBLE.a(gattservapp.o)
 .text.gattServerHandleTimerCB
                0x0000000000007810       0x3c E:\WORK\WeXCube\Hardware\USB_HID_BLE0\LIB\libCH57xBLE.a(gattservapp.o)
 .text.gattProcessExecuteWriteReq
                0x000000000000784c        0x4 E:\WORK\WeXCube\Hardware\USB_HID_BLE0\LIB\libCH57xBLE.a(gattservapp.o)
 .text.GATTServApp_ParamInit
                0x0000000000007850       0xd8 E:\WORK\WeXCube\Hardware\USB_HID_BLE0\LIB\libCH57xBLE.a(gattservapp.o)
                0x0000000000007850                GATTServApp_ParamInit
 .text.GATTServApp_ReadCharCfg
                0x0000000000007928       0x12 E:\WORK\WeXCube\Hardware\USB_HID_BLE0\LIB\libCH57xBLE.a(gattservapp.o)
                0x0000000000007928                GATTServApp_ReadCharCfg
 .text.GATTServApp_WriteCharCfg
                0x000000000000793a       0x22 E:\WORK\WeXCube\Hardware\USB_HID_BLE0\LIB\libCH57xBLE.a(gattservapp.o)
                0x000000000000793a                GATTServApp_WriteCharCfg
 .text.GATTServApp_ProcessCCCWriteReq
                0x000000000000795c       0x5c E:\WORK\WeXCube\Hardware\USB_HID_BLE0\LIB\libCH57xBLE.a(gattservapp.o)
                0x000000000000795c                GATTServApp_ProcessCCCWriteReq
 .text.gattServApp_WriteAttrCB
                0x00000000000079b8       0x34 E:\WORK\WeXCube\Hardware\USB_HID_BLE0\LIB\libCH57xBLE.a(gattservapp.o)
                0x00000000000079b8                gattServApp_WriteAttrCB
 .text.GATTServApp_SendCCCUpdatedEvent
                0x00000000000079ec       0x5e E:\WORK\WeXCube\Hardware\USB_HID_BLE0\LIB\libCH57xBLE.a(gattservapp.o)
                0x00000000000079ec                GATTServApp_SendCCCUpdatedEvent
 .text.GATTServApp_SendServiceChangedInd
                0x0000000000007a4a       0x38 E:\WORK\WeXCube\Hardware\USB_HID_BLE0\LIB\libCH57xBLE.a(gattservapp.o)
                0x0000000000007a4a                GATTServApp_SendServiceChangedInd
 .text.gattServApp_ClearPrepareWriteQ
                0x0000000000007a82       0x4c E:\WORK\WeXCube\Hardware\USB_HID_BLE0\LIB\libCH57xBLE.a(gattservapp.o)
                0x0000000000007a82                gattServApp_ClearPrepareWriteQ
 .text.gattServApp_FindPrepareWriteQ
                0x0000000000007ace       0x32 E:\WORK\WeXCube\Hardware\USB_HID_BLE0\LIB\libCH57xBLE.a(gattservapp.o)
                0x0000000000007ace                gattServApp_FindPrepareWriteQ
 .text.gattServApp_FindServiceCBs
                0x0000000000007b00       0x18 E:\WORK\WeXCube\Hardware\USB_HID_BLE0\LIB\libCH57xBLE.a(gattservapp.o)
                0x0000000000007b00                gattServApp_FindServiceCBs
 .text.gattServApp_FindAuthorizeAttrCB
                0x0000000000007b18       0x14 E:\WORK\WeXCube\Hardware\USB_HID_BLE0\LIB\libCH57xBLE.a(gattservapp.o)
                0x0000000000007b18                gattServApp_FindAuthorizeAttrCB
 .text.gattServApp_IsWriteLong
                0x0000000000007b2c       0xe6 E:\WORK\WeXCube\Hardware\USB_HID_BLE0\LIB\libCH57xBLE.a(gattservapp.o)
                0x0000000000007b2c                gattServApp_IsWriteLong
 .text.gattFindService
                0x0000000000007c12       0x1c E:\WORK\WeXCube\Hardware\USB_HID_BLE0\LIB\libCH57xBLE.a(gattservapp.o)
                0x0000000000007c12                gattFindService
 .text.GATT_ServiceNumAttrs
                0x0000000000007c2e       0x16 E:\WORK\WeXCube\Hardware\USB_HID_BLE0\LIB\libCH57xBLE.a(gattservapp.o)
                0x0000000000007c2e                GATT_ServiceNumAttrs
 .text.GATT_ServiceEncKeySize
                0x0000000000007c44       0x18 E:\WORK\WeXCube\Hardware\USB_HID_BLE0\LIB\libCH57xBLE.a(gattservapp.o)
                0x0000000000007c44                GATT_ServiceEncKeySize
 .text.GATT_VerifyWritePermissions.part.7
                0x0000000000007c5c       0x2c E:\WORK\WeXCube\Hardware\USB_HID_BLE0\LIB\libCH57xBLE.a(gattservapp.o)
 .text.gattResetServerInfo
                0x0000000000007c88       0x1c E:\WORK\WeXCube\Hardware\USB_HID_BLE0\LIB\libCH57xBLE.a(gattservapp.o)
                0x0000000000007c88                gattResetServerInfo
 .text.gattFindServerInfo
                0x0000000000007ca4       0x32 E:\WORK\WeXCube\Hardware\USB_HID_BLE0\LIB\libCH57xBLE.a(gattservapp.o)
                0x0000000000007ca4                gattFindServerInfo
 .text.gattServerHandleConnStatusCB
                0x0000000000007cd6       0x98 E:\WORK\WeXCube\Hardware\USB_HID_BLE0\LIB\libCH57xBLE.a(gattservapp.o)
                0x0000000000007cd6                gattServerHandleConnStatusCB
 .text.gattServerProcessMsgCB
                0x0000000000007d6e      0x1c0 E:\WORK\WeXCube\Hardware\USB_HID_BLE0\LIB\libCH57xBLE.a(gattservapp.o)
                0x0000000000007d6e                gattServerProcessMsgCB
 .text.gattServerNotifyTxCB
                0x0000000000007f2e       0x28 E:\WORK\WeXCube\Hardware\USB_HID_BLE0\LIB\libCH57xBLE.a(gattservapp.o)
 .text.GATT_FindHandle
                0x0000000000007f56       0x4a E:\WORK\WeXCube\Hardware\USB_HID_BLE0\LIB\libCH57xBLE.a(gattservapp.o)
                0x0000000000007f56                GATT_FindHandle
 .text.GATTServApp_WriteAttr
                0x0000000000007fa0       0xa8 E:\WORK\WeXCube\Hardware\USB_HID_BLE0\LIB\libCH57xBLE.a(gattservapp.o)
                0x0000000000007fa0                GATTServApp_WriteAttr
 .text.gattServApp_ProcessExecuteWriteReq
                0x0000000000008048      0x100 E:\WORK\WeXCube\Hardware\USB_HID_BLE0\LIB\libCH57xBLE.a(gattservapp.o)
                0x0000000000008048                gattServApp_ProcessExecuteWriteReq
 .text.GATTServApp_UpdateCharCfg
                0x0000000000008148       0x1e E:\WORK\WeXCube\Hardware\USB_HID_BLE0\LIB\libCH57xBLE.a(gattservapp.o)
                0x0000000000008148                GATTServApp_UpdateCharCfg
 .text.gattServApp_ProcessPrepareWriteReq
                0x0000000000008166      0x10e E:\WORK\WeXCube\Hardware\USB_HID_BLE0\LIB\libCH57xBLE.a(gattservapp.o)
                0x0000000000008166                gattServApp_ProcessPrepareWriteReq
 .text.gattServApp_ProcessWriteReq
                0x0000000000008274       0xb0 E:\WORK\WeXCube\Hardware\USB_HID_BLE0\LIB\libCH57xBLE.a(gattservapp.o)
                0x0000000000008274                gattServApp_ProcessWriteReq
 .text.GATT_Indication
                0x0000000000008324       0xa4 E:\WORK\WeXCube\Hardware\USB_HID_BLE0\LIB\libCH57xBLE.a(gattservapp.o)
                0x0000000000008324                GATT_Indication
 .text.GATT_FindHandleUUID
                0x00000000000083c8       0x94 E:\WORK\WeXCube\Hardware\USB_HID_BLE0\LIB\libCH57xBLE.a(gattservapp.o)
                0x00000000000083c8                GATT_FindHandleUUID
 .text.gattProcessReadByGrpTypeReq
                0x000000000000845c       0x60 E:\WORK\WeXCube\Hardware\USB_HID_BLE0\LIB\libCH57xBLE.a(gattservapp.o)
 .text.gattProcessReadByTypeReq
                0x00000000000084bc       0x34 E:\WORK\WeXCube\Hardware\USB_HID_BLE0\LIB\libCH57xBLE.a(gattservapp.o)
 .text.gattProcessFindByTypeValueReq
                0x00000000000084f0       0x34 E:\WORK\WeXCube\Hardware\USB_HID_BLE0\LIB\libCH57xBLE.a(gattservapp.o)
 .text.gattProcessFindInfoReq
                0x0000000000008524      0x1aa E:\WORK\WeXCube\Hardware\USB_HID_BLE0\LIB\libCH57xBLE.a(gattservapp.o)
 .text.GATT_Notification
                0x00000000000086ce       0x78 E:\WORK\WeXCube\Hardware\USB_HID_BLE0\LIB\libCH57xBLE.a(gattservapp.o)
                0x00000000000086ce                GATT_Notification
 .text.GATT_VerifyWritePermissions
                0x0000000000008746       0x6a E:\WORK\WeXCube\Hardware\USB_HID_BLE0\LIB\libCH57xBLE.a(gattservapp.o)
                0x0000000000008746                GATT_VerifyWritePermissions
 .text.gattProcessWriteReq
                0x00000000000087b0       0x36 E:\WORK\WeXCube\Hardware\USB_HID_BLE0\LIB\libCH57xBLE.a(gattservapp.o)
 .text.GATT_VerifyPrepareWritePermissions
                0x00000000000087e6       0x56 E:\WORK\WeXCube\Hardware\USB_HID_BLE0\LIB\libCH57xBLE.a(gattservapp.o)
                0x00000000000087e6                GATT_VerifyPrepareWritePermissions
 .text.gattProcessPrepareWriteReq
                0x000000000000883c       0x36 E:\WORK\WeXCube\Hardware\USB_HID_BLE0\LIB\libCH57xBLE.a(gattservapp.o)
 .text.GATT_FindNextAttr
                0x0000000000008872       0xc2 E:\WORK\WeXCube\Hardware\USB_HID_BLE0\LIB\libCH57xBLE.a(gattservapp.o)
                0x0000000000008872                GATT_FindNextAttr
 .text.GATTServApp_ReadAttr
                0x0000000000008934      0x2e2 E:\WORK\WeXCube\Hardware\USB_HID_BLE0\LIB\libCH57xBLE.a(gattservapp.o)
                0x0000000000008934                GATTServApp_ReadAttr
 .text.gattServApp_ProcessReadMultiReq
                0x0000000000008c16      0x16e E:\WORK\WeXCube\Hardware\USB_HID_BLE0\LIB\libCH57xBLE.a(gattservapp.o)
                0x0000000000008c16                gattServApp_ProcessReadMultiReq
 .text.gattServApp_ProcessFindByTypeValueReq
                0x0000000000008d84      0x19c E:\WORK\WeXCube\Hardware\USB_HID_BLE0\LIB\libCH57xBLE.a(gattservapp.o)
                0x0000000000008d84                gattServApp_ProcessFindByTypeValueReq
 .text.GATT_VerifyReadPermissions
                0x0000000000008f20       0x68 E:\WORK\WeXCube\Hardware\USB_HID_BLE0\LIB\libCH57xBLE.a(gattservapp.o)
                0x0000000000008f20                GATT_VerifyReadPermissions
 .text.gattProcessReadMultiReq
                0x0000000000008f88       0xae E:\WORK\WeXCube\Hardware\USB_HID_BLE0\LIB\libCH57xBLE.a(gattservapp.o)
 .text.gattProcessReadReq
                0x0000000000009036       0x30 E:\WORK\WeXCube\Hardware\USB_HID_BLE0\LIB\libCH57xBLE.a(gattservapp.o)
 .text.gattServApp_ProcessReadByGrpTypeReq
                0x0000000000009066      0x21c E:\WORK\WeXCube\Hardware\USB_HID_BLE0\LIB\libCH57xBLE.a(gattservapp.o)
                0x0000000000009066                gattServApp_ProcessReadByGrpTypeReq
 .text.gattServApp_ProcessReadByTypeReq
                0x0000000000009282      0x1ae E:\WORK\WeXCube\Hardware\USB_HID_BLE0\LIB\libCH57xBLE.a(gattservapp.o)
                0x0000000000009282                gattServApp_ProcessReadByTypeReq
 .text.GATT_RegisterService
                0x0000000000009430       0xee E:\WORK\WeXCube\Hardware\USB_HID_BLE0\LIB\libCH57xBLE.a(gattservapp.o)
                0x0000000000009430                GATT_RegisterService
 .text.GATTServApp_RegisterService
                0x000000000000951e       0x7c E:\WORK\WeXCube\Hardware\USB_HID_BLE0\LIB\libCH57xBLE.a(gattservapp.o)
                0x000000000000951e                GATTServApp_RegisterService
 .text.GATTServApp_AddService
                0x000000000000959a       0x2c E:\WORK\WeXCube\Hardware\USB_HID_BLE0\LIB\libCH57xBLE.a(gattservapp.o)
                0x000000000000959a                GATTServApp_AddService
 .text.GATTServApp_RegisterForMsg
                0x00000000000095c6        0x6 E:\WORK\WeXCube\Hardware\USB_HID_BLE0\LIB\libCH57xBLE.a(gattservapp.o)
                0x00000000000095c6                GATTServApp_RegisterForMsg
 .text.GATTServApp_InitCharCfg
                0x00000000000095cc       0x1e E:\WORK\WeXCube\Hardware\USB_HID_BLE0\LIB\libCH57xBLE.a(gattservapp.o)
                0x00000000000095cc                GATTServApp_InitCharCfg
 .text.gattServApp_HandleConnStatusCB
                0x00000000000095ea       0x74 E:\WORK\WeXCube\Hardware\USB_HID_BLE0\LIB\libCH57xBLE.a(gattservapp.o)
                0x00000000000095ea                gattServApp_HandleConnStatusCB
 .text.GATT_InitServer
                0x000000000000965e       0xac E:\WORK\WeXCube\Hardware\USB_HID_BLE0\LIB\libCH57xBLE.a(gattservapp.o)
                0x000000000000965e                GATT_InitServer
 .text.GATTServApp_Init
                0x000000000000970a       0x3a E:\WORK\WeXCube\Hardware\USB_HID_BLE0\LIB\libCH57xBLE.a(gattservapp.o)
                0x000000000000970a                GATTServApp_Init
 .text.GATTServApp_ProcessEvent
                0x0000000000009744      0x398 E:\WORK\WeXCube\Hardware\USB_HID_BLE0\LIB\libCH57xBLE.a(gattservapp.o)
                0x0000000000009744                GATTServApp_ProcessEvent
 .text.l2capAllocConnChannel
                0x0000000000009adc       0xd8 E:\WORK\WeXCube\Hardware\USB_HID_BLE0\LIB\libCH57xBLE.a(l2cap.o)
                0x0000000000009adc                l2capAllocConnChannel
 .text.l2capFindLocalCID
                0x0000000000009bb4       0x2c E:\WORK\WeXCube\Hardware\USB_HID_BLE0\LIB\libCH57xBLE.a(l2cap.o)
                0x0000000000009bb4                l2capFindLocalCID
 .text.l2capFindLocalId
                0x0000000000009be0       0x30 E:\WORK\WeXCube\Hardware\USB_HID_BLE0\LIB\libCH57xBLE.a(l2cap.o)
                0x0000000000009be0                l2capFindLocalId
 .text.l2capFindPsm
                0x0000000000009c10       0x2c E:\WORK\WeXCube\Hardware\USB_HID_BLE0\LIB\libCH57xBLE.a(l2cap.o)
                0x0000000000009c10                l2capFindPsm
 .text.l2capFindRemoteCID
                0x0000000000009c3c       0x3c E:\WORK\WeXCube\Hardware\USB_HID_BLE0\LIB\libCH57xBLE.a(l2cap.o)
                0x0000000000009c3c                l2capFindRemoteCID
 .text.l2capFreeChannel
                0x0000000000009c78       0x4a E:\WORK\WeXCube\Hardware\USB_HID_BLE0\LIB\libCH57xBLE.a(l2cap.o)
                0x0000000000009c78                l2capFreeChannel
 .text.l2capDisconnectChannel
                0x0000000000009cc2       0x28 E:\WORK\WeXCube\Hardware\USB_HID_BLE0\LIB\libCH57xBLE.a(l2cap.o)
                0x0000000000009cc2                l2capDisconnectChannel
 .text.l2capHandleTimerCB
                0x0000000000009cea       0x2c E:\WORK\WeXCube\Hardware\USB_HID_BLE0\LIB\libCH57xBLE.a(l2cap.o)
                0x0000000000009cea                l2capHandleTimerCB
 .text.l2capFreePendingPkt
                0x0000000000009d16       0x58 E:\WORK\WeXCube\Hardware\USB_HID_BLE0\LIB\libCH57xBLE.a(l2cap.o)
                0x0000000000009d16                l2capFreePendingPkt
 .text.l2capGetCoChannelInfo
                0x0000000000009d6e       0x7e E:\WORK\WeXCube\Hardware\USB_HID_BLE0\LIB\libCH57xBLE.a(l2cap.o)
                0x0000000000009d6e                l2capGetCoChannelInfo
 .text.l2capNumActiveChannnels
                0x0000000000009dec       0x44 E:\WORK\WeXCube\Hardware\USB_HID_BLE0\LIB\libCH57xBLE.a(l2cap.o)
                0x0000000000009dec                l2capNumActiveChannnels
 .text.l2capStartTimer
                0x0000000000009e30       0x1a E:\WORK\WeXCube\Hardware\USB_HID_BLE0\LIB\libCH57xBLE.a(l2cap.o)
                0x0000000000009e30                l2capStartTimer
 .text.l2capStopTimer
                0x0000000000009e4a       0x1e E:\WORK\WeXCube\Hardware\USB_HID_BLE0\LIB\libCH57xBLE.a(l2cap.o)
                0x0000000000009e4a                l2capStopTimer
 .text.l2capDisconnectAllChannels
                0x0000000000009e68       0xdc E:\WORK\WeXCube\Hardware\USB_HID_BLE0\LIB\libCH57xBLE.a(l2cap.o)
                0x0000000000009e68                l2capDisconnectAllChannels
 .text.l2capHandleConnStatusCB
                0x0000000000009f44       0x3c E:\WORK\WeXCube\Hardware\USB_HID_BLE0\LIB\libCH57xBLE.a(l2cap.o)
                0x0000000000009f44                l2capHandleConnStatusCB
 .text.l2capHandleRxError
                0x0000000000009f80        0x6 E:\WORK\WeXCube\Hardware\USB_HID_BLE0\LIB\libCH57xBLE.a(l2cap.o)
                0x0000000000009f80                l2capHandleRxError
 .text.L2CAP_GetMTU
                0x0000000000009f86        0x6 E:\WORK\WeXCube\Hardware\USB_HID_BLE0\LIB\libCH57xBLE.a(l2cap.o)
                0x0000000000009f86                L2CAP_GetMTU
 .text.L2CAP_HostNumCompletedPkts
                0x0000000000009f8c       0x28 E:\WORK\WeXCube\Hardware\USB_HID_BLE0\LIB\libCH57xBLE.a(l2cap.o)
                0x0000000000009f8c                L2CAP_HostNumCompletedPkts
 .text.L2CAP_ParseConnectReq
                0x0000000000009fb4       0x5e E:\WORK\WeXCube\Hardware\USB_HID_BLE0\LIB\libCH57xBLE.a(l2cap.o)
                0x0000000000009fb4                L2CAP_ParseConnectReq
 .text.L2CAP_ParseFlowCtrlCredit
                0x000000000000a012       0x2e E:\WORK\WeXCube\Hardware\USB_HID_BLE0\LIB\libCH57xBLE.a(l2cap.o)
                0x000000000000a012                L2CAP_ParseFlowCtrlCredit
 .text.L2CAP_RegisterApp
                0x000000000000a040       0x30 E:\WORK\WeXCube\Hardware\USB_HID_BLE0\LIB\libCH57xBLE.a(l2cap.o)
                0x000000000000a040                L2CAP_RegisterApp
 .text.L2CAP_SetBufSize
                0x000000000000a070       0x10 E:\WORK\WeXCube\Hardware\USB_HID_BLE0\LIB\libCH57xBLE.a(l2cap.o)
                0x000000000000a070                L2CAP_SetBufSize
 .text.L2CAP_bm_alloc
                0x000000000000a080       0x2a E:\WORK\WeXCube\Hardware\USB_HID_BLE0\LIB\libCH57xBLE.a(l2cap.o)
                0x000000000000a080                L2CAP_bm_alloc
 .text.L2CAP_Init
                0x000000000000a0aa       0xee E:\WORK\WeXCube\Hardware\USB_HID_BLE0\LIB\libCH57xBLE.a(l2cap.o)
                0x000000000000a0aa                L2CAP_Init
 .text.L2CAP_ProcessEvent
                0x000000000000a198       0xc8 E:\WORK\WeXCube\Hardware\USB_HID_BLE0\LIB\libCH57xBLE.a(l2cap.o)
                0x000000000000a198                L2CAP_ProcessEvent
 .text.l2capParseCmdReject
                0x000000000000a260       0x5e E:\WORK\WeXCube\Hardware\USB_HID_BLE0\LIB\libCH57xBLE.a(l2cap_input.o)
                0x000000000000a260                l2capParseCmdReject
 .text.l2capParseDisconnectReq
                0x000000000000a2be       0x2e E:\WORK\WeXCube\Hardware\USB_HID_BLE0\LIB\libCH57xBLE.a(l2cap_input.o)
                0x000000000000a2be                l2capParseDisconnectReq
 .text.l2capParseDisconnectRsp
                0x000000000000a2ec       0x2e E:\WORK\WeXCube\Hardware\USB_HID_BLE0\LIB\libCH57xBLE.a(l2cap_input.o)
                0x000000000000a2ec                l2capParseDisconnectRsp
 .text.L2CAP_ParseParamUpdateReq
                0x000000000000a31a       0x4e E:\WORK\WeXCube\Hardware\USB_HID_BLE0\LIB\libCH57xBLE.a(l2cap_input.o)
                0x000000000000a31a                L2CAP_ParseParamUpdateReq
 .text.l2capParseParamUpdateRsp
                0x000000000000a368       0x1e E:\WORK\WeXCube\Hardware\USB_HID_BLE0\LIB\libCH57xBLE.a(l2cap_input.o)
                0x000000000000a368                l2capParseParamUpdateRsp
 .text.l2capProcessConnectReq
                0x000000000000a386       0xfc E:\WORK\WeXCube\Hardware\USB_HID_BLE0\LIB\libCH57xBLE.a(l2cap_input.o)
                0x000000000000a386                l2capProcessConnectReq
 .text.l2capParseConnectRsp
                0x000000000000a482       0x5e E:\WORK\WeXCube\Hardware\USB_HID_BLE0\LIB\libCH57xBLE.a(l2cap_input.o)
                0x000000000000a482                l2capParseConnectRsp
 .text.l2capParseSignalHdr
                0x000000000000a4e0       0x22 E:\WORK\WeXCube\Hardware\USB_HID_BLE0\LIB\libCH57xBLE.a(l2cap_input.o)
                0x000000000000a4e0                l2capParseSignalHdr
 .text.l2capParsePacket
                0x000000000000a502       0x8c E:\WORK\WeXCube\Hardware\USB_HID_BLE0\LIB\libCH57xBLE.a(l2cap_input.o)
                0x000000000000a502                l2capParsePacket
 .text.l2capProcessReq
                0x000000000000a58e      0x15a E:\WORK\WeXCube\Hardware\USB_HID_BLE0\LIB\libCH57xBLE.a(l2cap_input.o)
                0x000000000000a58e                l2capProcessReq
 .text.l2capProcessRsp
                0x000000000000a6e8      0x150 E:\WORK\WeXCube\Hardware\USB_HID_BLE0\LIB\libCH57xBLE.a(l2cap_input.o)
                0x000000000000a6e8                l2capProcessRsp
 .text.l2capProcessRxData
                0x000000000000a838       0xf8 E:\WORK\WeXCube\Hardware\USB_HID_BLE0\LIB\libCH57xBLE.a(l2cap_input.o)
                0x000000000000a838                l2capProcessRxData
 .text.l2capNotifyData
                0x000000000000a930       0x5a E:\WORK\WeXCube\Hardware\USB_HID_BLE0\LIB\libCH57xBLE.a(l2cap_output.o)
                0x000000000000a930                l2capNotifyData
 .text.l2capNotifySignal
                0x000000000000a98a       0x76 E:\WORK\WeXCube\Hardware\USB_HID_BLE0\LIB\libCH57xBLE.a(l2cap_output.o)
                0x000000000000a98a                l2capNotifySignal
 .text.l2capNotifyCreditEvt
                0x000000000000aa00       0x9c E:\WORK\WeXCube\Hardware\USB_HID_BLE0\LIB\libCH57xBLE.a(l2cap_output.o)
                0x000000000000aa00                l2capNotifyCreditEvt
 .text.l2capNotifyChannelEstEvt
                0x000000000000aa9c       0x58 E:\WORK\WeXCube\Hardware\USB_HID_BLE0\LIB\libCH57xBLE.a(l2cap_output.o)
                0x000000000000aa9c                l2capNotifyChannelEstEvt
 .text.l2capNotifyChannelTermEvt
                0x000000000000aaf4       0x3e E:\WORK\WeXCube\Hardware\USB_HID_BLE0\LIB\libCH57xBLE.a(l2cap_output.o)
                0x000000000000aaf4                l2capNotifyChannelTermEvt
 .text.l2capNotifyEvent
                0x000000000000ab32       0x66 E:\WORK\WeXCube\Hardware\USB_HID_BLE0\LIB\libCH57xBLE.a(l2cap_output.o)
                0x000000000000ab32                l2capNotifyEvent
 .text.l2capStoreFCPkt
                0x000000000000ab98       0x32 E:\WORK\WeXCube\Hardware\USB_HID_BLE0\LIB\libCH57xBLE.a(l2cap_output.o)
                0x000000000000ab98                l2capStoreFCPkt
 .text.l2capFreeTxSDU
                0x000000000000abca       0x9a E:\WORK\WeXCube\Hardware\USB_HID_BLE0\LIB\libCH57xBLE.a(l2cap_output.o)
                0x000000000000abca                l2capFreeTxSDU
 .text.l2capReassembleSegment
                0x000000000000ac64      0x174 E:\WORK\WeXCube\Hardware\USB_HID_BLE0\LIB\libCH57xBLE.a(l2cap_output.o)
                0x000000000000ac64                l2capReassembleSegment
 .text.l2capEncapSendData
                0x000000000000add8       0xec E:\WORK\WeXCube\Hardware\USB_HID_BLE0\LIB\libCH57xBLE.a(l2cap_output.o)
                0x000000000000add8                l2capEncapSendData
 .text.l2capSendFCPkt.part.3
                0x000000000000aec4       0x70 E:\WORK\WeXCube\Hardware\USB_HID_BLE0\LIB\libCH57xBLE.a(l2cap_output.o)
 .text.l2capSendSegment
                0x000000000000af34      0x108 E:\WORK\WeXCube\Hardware\USB_HID_BLE0\LIB\libCH57xBLE.a(l2cap_output.o)
                0x000000000000af34                l2capSendSegment
 .text.l2capSendNextSegment
                0x000000000000b03c       0xb4 E:\WORK\WeXCube\Hardware\USB_HID_BLE0\LIB\libCH57xBLE.a(l2cap_output.o)
                0x000000000000b03c                l2capSendNextSegment
 .text.l2capSendPkt
                0x000000000000b0f0       0x3a E:\WORK\WeXCube\Hardware\USB_HID_BLE0\LIB\libCH57xBLE.a(l2cap_output.o)
                0x000000000000b0f0                l2capSendPkt
 .text.L2CAP_SendData
                0x000000000000b12a       0x78 E:\WORK\WeXCube\Hardware\USB_HID_BLE0\LIB\libCH57xBLE.a(l2cap_output.o)
                0x000000000000b12a                L2CAP_SendData
 .text.l2capSendCmd
                0x000000000000b1a2       0x8a E:\WORK\WeXCube\Hardware\USB_HID_BLE0\LIB\libCH57xBLE.a(l2cap_output.o)
                0x000000000000b1a2                l2capSendCmd
 .text.l2capSendReq
                0x000000000000b22c       0xc4 E:\WORK\WeXCube\Hardware\USB_HID_BLE0\LIB\libCH57xBLE.a(l2cap_output.o)
                0x000000000000b22c                l2capSendReq
 .text.l2capBuildDisconnectReq
                0x000000000000b2f0       0x28 E:\WORK\WeXCube\Hardware\USB_HID_BLE0\LIB\libCH57xBLE.a(l2cap_sdu.o)
 .text.l2capBuildParamUpdateReq
                0x000000000000b318       0x4c E:\WORK\WeXCube\Hardware\USB_HID_BLE0\LIB\libCH57xBLE.a(l2cap_sdu.o)
 .text.l2capBuildParamUpdateRsp
                0x000000000000b364       0x16 E:\WORK\WeXCube\Hardware\USB_HID_BLE0\LIB\libCH57xBLE.a(l2cap_sdu.o)
 .text.l2capBuildConnectRsp
                0x000000000000b37a       0x5e E:\WORK\WeXCube\Hardware\USB_HID_BLE0\LIB\libCH57xBLE.a(l2cap_sdu.o)
 .text.l2capBuildCmdReject
                0x000000000000b3d8       0x62 E:\WORK\WeXCube\Hardware\USB_HID_BLE0\LIB\libCH57xBLE.a(l2cap_sdu.o)
                0x000000000000b3d8                l2capBuildCmdReject
 .text.l2capBuildDisconnectRsp
                0x000000000000b43a       0x28 E:\WORK\WeXCube\Hardware\USB_HID_BLE0\LIB\libCH57xBLE.a(l2cap_sdu.o)
                0x000000000000b43a                l2capBuildDisconnectRsp
 .text.l2capSendConnectRsp
                0x000000000000b462       0xa2 E:\WORK\WeXCube\Hardware\USB_HID_BLE0\LIB\libCH57xBLE.a(l2cap_sdu.o)
                0x000000000000b462                l2capSendConnectRsp
 .text.L2CAP_CmdReject
                0x000000000000b504       0x12 E:\WORK\WeXCube\Hardware\USB_HID_BLE0\LIB\libCH57xBLE.a(l2cap_sdu.o)
                0x000000000000b504                L2CAP_CmdReject
 .text.L2CAP_DisconnectReq
                0x000000000000b516       0x2a E:\WORK\WeXCube\Hardware\USB_HID_BLE0\LIB\libCH57xBLE.a(l2cap_sdu.o)
                0x000000000000b516                L2CAP_DisconnectReq
 .text.L2CAP_ConnParamUpdateReq
                0x000000000000b540       0x16 E:\WORK\WeXCube\Hardware\USB_HID_BLE0\LIB\libCH57xBLE.a(l2cap_sdu.o)
                0x000000000000b540                L2CAP_ConnParamUpdateReq
 .text.L2CAP_ConnParamUpdateRsp
                0x000000000000b556       0x12 E:\WORK\WeXCube\Hardware\USB_HID_BLE0\LIB\libCH57xBLE.a(l2cap_sdu.o)
                0x000000000000b556                L2CAP_ConnParamUpdateRsp
 .text.reportStatusChange
                0x000000000000b568       0x3e E:\WORK\WeXCube\Hardware\USB_HID_BLE0\LIB\libCH57xBLE.a(linkdb.o)
 .text.linkDB_Init
                0x000000000000b5a6       0x76 E:\WORK\WeXCube\Hardware\USB_HID_BLE0\LIB\libCH57xBLE.a(linkdb.o)
                0x000000000000b5a6                linkDB_Init
 .text.linkDB_Find
                0x000000000000b61c       0x2c E:\WORK\WeXCube\Hardware\USB_HID_BLE0\LIB\libCH57xBLE.a(linkdb.o)
                0x000000000000b61c                linkDB_Find
 .text.linkDB_Authen
                0x000000000000b648       0x5c E:\WORK\WeXCube\Hardware\USB_HID_BLE0\LIB\libCH57xBLE.a(linkdb.o)
                0x000000000000b648                linkDB_Authen
 .text.linkDB_FindFirst
                0x000000000000b6a4       0x38 E:\WORK\WeXCube\Hardware\USB_HID_BLE0\LIB\libCH57xBLE.a(linkdb.o)
                0x000000000000b6a4                linkDB_FindFirst
 .text.linkDB_MTU
                0x000000000000b6dc       0x18 E:\WORK\WeXCube\Hardware\USB_HID_BLE0\LIB\libCH57xBLE.a(linkdb.o)
                0x000000000000b6dc                linkDB_MTU
 .text.linkDB_NumActive
                0x000000000000b6f4       0x2e E:\WORK\WeXCube\Hardware\USB_HID_BLE0\LIB\libCH57xBLE.a(linkdb.o)
                0x000000000000b6f4                linkDB_NumActive
 .text.linkDB_NumConns
                0x000000000000b722        0x6 E:\WORK\WeXCube\Hardware\USB_HID_BLE0\LIB\libCH57xBLE.a(linkdb.o)
                0x000000000000b722                linkDB_NumConns
 .text.linkDB_Register
                0x000000000000b728       0x28 E:\WORK\WeXCube\Hardware\USB_HID_BLE0\LIB\libCH57xBLE.a(linkdb.o)
                0x000000000000b728                linkDB_Register
 .text.linkDB_Remove
                0x000000000000b750       0x48 E:\WORK\WeXCube\Hardware\USB_HID_BLE0\LIB\libCH57xBLE.a(linkdb.o)
                0x000000000000b750                linkDB_Remove
 .text.linkDB_Role
                0x000000000000b798       0x18 E:\WORK\WeXCube\Hardware\USB_HID_BLE0\LIB\libCH57xBLE.a(linkdb.o)
                0x000000000000b798                linkDB_Role
 .text.linkDB_State
                0x000000000000b7b0       0x30 E:\WORK\WeXCube\Hardware\USB_HID_BLE0\LIB\libCH57xBLE.a(linkdb.o)
                0x000000000000b7b0                linkDB_State
 .text.linkDB_UpdateMTU
                0x000000000000b7e0       0x28 E:\WORK\WeXCube\Hardware\USB_HID_BLE0\LIB\libCH57xBLE.a(linkdb.o)
                0x000000000000b7e0                linkDB_UpdateMTU
 .text.linkDB_PerformFunc
                0x000000000000b808       0x52 E:\WORK\WeXCube\Hardware\USB_HID_BLE0\LIB\libCH57xBLE.a(linkdb.o)
                0x000000000000b808                linkDB_PerformFunc
 .text.linkDB_PeripheralLinkNum
                0x000000000000b85a       0x3e E:\WORK\WeXCube\Hardware\USB_HID_BLE0\LIB\libCH57xBLE.a(linkdb.o)
                0x000000000000b85a                linkDB_PeripheralLinkNum
 .text.linkDB_GetSMEvtID
                0x000000000000b898       0x58 E:\WORK\WeXCube\Hardware\USB_HID_BLE0\LIB\libCH57xBLE.a(linkdb.o)
                0x000000000000b898                linkDB_GetSMEvtID
 .text.linkDB_Add
                0x000000000000b8f0       0xb2 E:\WORK\WeXCube\Hardware\USB_HID_BLE0\LIB\libCH57xBLE.a(linkdb.o)
                0x000000000000b8f0                linkDB_Add
 .text.linkDB_GetHandleFromSMEvtID
                0x000000000000b9a2       0x32 E:\WORK\WeXCube\Hardware\USB_HID_BLE0\LIB\libCH57xBLE.a(linkdb.o)
                0x000000000000b9a2                linkDB_GetHandleFromSMEvtID
 .text.linkDB_GetPairingParam
                0x000000000000b9d4       0x54 E:\WORK\WeXCube\Hardware\USB_HID_BLE0\LIB\libCH57xBLE.a(linkdb.o)
                0x000000000000b9d4                linkDB_GetPairingParam
 .text.linkDB_NeedSendKey
                0x000000000000ba28       0x42 E:\WORK\WeXCube\Hardware\USB_HID_BLE0\LIB\libCH57xBLE.a(linkdb.o)
                0x000000000000ba28                linkDB_NeedSendKey
 .text.smpBuildPairingFailed
                0x000000000000ba6a       0x1a E:\WORK\WeXCube\Hardware\USB_HID_BLE0\LIB\libCH57xBLE.a(sm.o)
                0x000000000000ba6a                smpBuildPairingFailed
 .text.SM_StartEncryption
                0x000000000000ba84       0x98 E:\WORK\WeXCube\Hardware\USB_HID_BLE0\LIB\libCH57xBLE.a(sm.o)
                0x000000000000ba84                SM_StartEncryption
 .text.smpBuildEncInfo
                0x000000000000bb1c       0x30 E:\WORK\WeXCube\Hardware\USB_HID_BLE0\LIB\libCH57xBLE.a(sm.o)
                0x000000000000bb1c                smpBuildEncInfo
 .text.smpBuildIdentityAddrInfo
                0x000000000000bb4c       0x3a E:\WORK\WeXCube\Hardware\USB_HID_BLE0\LIB\libCH57xBLE.a(sm.o)
                0x000000000000bb4c                smpBuildIdentityAddrInfo
 .text.smpBuildIdentityInfo
                0x000000000000bb86       0x30 E:\WORK\WeXCube\Hardware\USB_HID_BLE0\LIB\libCH57xBLE.a(sm.o)
                0x000000000000bb86                smpBuildIdentityInfo
 .text.smpBuildMasterID
                0x000000000000bbb6       0x44 E:\WORK\WeXCube\Hardware\USB_HID_BLE0\LIB\libCH57xBLE.a(sm.o)
                0x000000000000bbb6                smpBuildMasterID
 .text.smpBuildPairingConfirm
                0x000000000000bbfa       0x30 E:\WORK\WeXCube\Hardware\USB_HID_BLE0\LIB\libCH57xBLE.a(sm.o)
                0x000000000000bbfa                smpBuildPairingConfirm
 .text.smpBuildPairingRandom
                0x000000000000bc2a       0x30 E:\WORK\WeXCube\Hardware\USB_HID_BLE0\LIB\libCH57xBLE.a(sm.o)
                0x000000000000bc2a                smpBuildPairingRandom
 .text.smpBuildSigningInfo
                0x000000000000bc5a       0x30 E:\WORK\WeXCube\Hardware\USB_HID_BLE0\LIB\libCH57xBLE.a(sm.o)
                0x000000000000bc5a                smpBuildSigningInfo
 .text.SM_ParamInit
                0x000000000000bc8a       0x5a E:\WORK\WeXCube\Hardware\USB_HID_BLE0\LIB\libCH57xBLE.a(sm.o)
                0x000000000000bc8a                SM_ParamInit
 .text.smDetermineKeySize
                0x000000000000bce4       0x20 E:\WORK\WeXCube\Hardware\USB_HID_BLE0\LIB\libCH57xBLE.a(sm.o)
                0x000000000000bce4                smDetermineKeySize
 .text.smProcessRandComplete
                0x000000000000bd04       0x9e E:\WORK\WeXCube\Hardware\USB_HID_BLE0\LIB\libCH57xBLE.a(sm.o)
                0x000000000000bd04                smProcessRandComplete
 .text.smSavePairInfo
                0x000000000000bda2      0x186 E:\WORK\WeXCube\Hardware\USB_HID_BLE0\LIB\libCH57xBLE.a(sm.o)
                0x000000000000bda2                smSavePairInfo
 .text.smSetPairingReqRsp
                0x000000000000bf28       0x38 E:\WORK\WeXCube\Hardware\USB_HID_BLE0\LIB\libCH57xBLE.a(sm.o)
                0x000000000000bf28                smSetPairingReqRsp
 .text.smStartEncryption
                0x000000000000bf60       0x16 E:\WORK\WeXCube\Hardware\USB_HID_BLE0\LIB\libCH57xBLE.a(sm.o)
                0x000000000000bf60                smStartEncryption
 .text.smStartRspTimer
                0x000000000000bf76       0x36 E:\WORK\WeXCube\Hardware\USB_HID_BLE0\LIB\libCH57xBLE.a(sm.o)
                0x000000000000bf76                smStartRspTimer
 .text.smSendSMMsg
                0x000000000000bfac       0x5c E:\WORK\WeXCube\Hardware\USB_HID_BLE0\LIB\libCH57xBLE.a(sm.o)
                0x000000000000bfac                smSendSMMsg
 .text.smGenerateConfirm
                0x000000000000c008       0x34 E:\WORK\WeXCube\Hardware\USB_HID_BLE0\LIB\libCH57xBLE.a(sm.o)
                0x000000000000c008                smGenerateConfirm
 .text.smGenerateRandMsg
                0x000000000000c03c       0x34 E:\WORK\WeXCube\Hardware\USB_HID_BLE0\LIB\libCH57xBLE.a(sm.o)
                0x000000000000c03c                smGenerateRandMsg
 .text.smPairingSendEncInfo
                0x000000000000c070       0x10 E:\WORK\WeXCube\Hardware\USB_HID_BLE0\LIB\libCH57xBLE.a(sm.o)
                0x000000000000c070                smPairingSendEncInfo
 .text.smPairingSendIdentityAddrInfo
                0x000000000000c080       0x38 E:\WORK\WeXCube\Hardware\USB_HID_BLE0\LIB\libCH57xBLE.a(sm.o)
                0x000000000000c080                smPairingSendIdentityAddrInfo
 .text.smPairingSendIdentityInfo
                0x000000000000c0b8       0x10 E:\WORK\WeXCube\Hardware\USB_HID_BLE0\LIB\libCH57xBLE.a(sm.o)
                0x000000000000c0b8                smPairingSendIdentityInfo
 .text.smPairingSendMasterID
                0x000000000000c0c8       0x38 E:\WORK\WeXCube\Hardware\USB_HID_BLE0\LIB\libCH57xBLE.a(sm.o)
                0x000000000000c0c8                smPairingSendMasterID
 .text.smPairingSendSingingInfo
                0x000000000000c100       0x10 E:\WORK\WeXCube\Hardware\USB_HID_BLE0\LIB\libCH57xBLE.a(sm.o)
                0x000000000000c100                smPairingSendSingingInfo
 .text.smInitiatorSendNextKeyInfo
                0x000000000000c110      0x1c2 E:\WORK\WeXCube\Hardware\USB_HID_BLE0\LIB\libCH57xBLE.a(sm.o)
                0x000000000000c110                smInitiatorSendNextKeyInfo
 .text.smResponderSendNextKeyInfo
                0x000000000000c2d2      0x216 E:\WORK\WeXCube\Hardware\USB_HID_BLE0\LIB\libCH57xBLE.a(sm.o)
                0x000000000000c2d2                smResponderSendNextKeyInfo
 .text.smGeneratePairingReqRsp
                0x000000000000c4e8       0x3e E:\WORK\WeXCube\Hardware\USB_HID_BLE0\LIB\libCH57xBLE.a(sm.o)
                0x000000000000c4e8                smGeneratePairingReqRsp
 .text.smStopRspTimer
                0x000000000000c526        0xa E:\WORK\WeXCube\Hardware\USB_HID_BLE0\LIB\libCH57xBLE.a(sm.o)
                0x000000000000c526                smStopRspTimer
 .text.smFreePairingParams
                0x000000000000c530       0x68 E:\WORK\WeXCube\Hardware\USB_HID_BLE0\LIB\libCH57xBLE.a(sm.o)
                0x000000000000c530                smFreePairingParams
 .text.smEndPairing
                0x000000000000c598       0x5c E:\WORK\WeXCube\Hardware\USB_HID_BLE0\LIB\libCH57xBLE.a(sm.o)
                0x000000000000c598                smEndPairing
 .text.setupInitiatorKeys
                0x000000000000c5f4       0x82 E:\WORK\WeXCube\Hardware\USB_HID_BLE0\LIB\libCH57xBLE.a(sm.o)
                0x000000000000c5f4                setupInitiatorKeys
 .text.smNextPairingState
                0x000000000000c676       0x56 E:\WORK\WeXCube\Hardware\USB_HID_BLE0\LIB\libCH57xBLE.a(sm.o)
                0x000000000000c676                smNextPairingState
 .text.smProcessEncryptChange
                0x000000000000c6cc       0xde E:\WORK\WeXCube\Hardware\USB_HID_BLE0\LIB\libCH57xBLE.a(sm.o)
                0x000000000000c6cc                smProcessEncryptChange
 .text.smSendFailAndEnd
                0x000000000000c7aa       0x38 E:\WORK\WeXCube\Hardware\USB_HID_BLE0\LIB\libCH57xBLE.a(sm.o)
                0x000000000000c7aa                smSendFailAndEnd
 .text.smProcessPairingReq
                0x000000000000c7e2       0x3c E:\WORK\WeXCube\Hardware\USB_HID_BLE0\LIB\libCH57xBLE.a(sm.o)
                0x000000000000c7e2                smProcessPairingReq
 .text.smLinkCheck
                0x000000000000c81e       0x34 E:\WORK\WeXCube\Hardware\USB_HID_BLE0\LIB\libCH57xBLE.a(sm.o)
                0x000000000000c81e                smLinkCheck
 .text.smTimedOut
                0x000000000000c852       0x20 E:\WORK\WeXCube\Hardware\USB_HID_BLE0\LIB\libCH57xBLE.a(sm.o)
                0x000000000000c852                smTimedOut
 .text.smUint8ToAuthReq
                0x000000000000c872        0x6 E:\WORK\WeXCube\Hardware\USB_HID_BLE0\LIB\libCH57xBLE.a(sm.o)
                0x000000000000c872                smUint8ToAuthReq
 .text.sm_ah    0x000000000000c878       0x7e E:\WORK\WeXCube\Hardware\USB_HID_BLE0\LIB\libCH57xBLE.a(sm.o)
                0x000000000000c878                sm_ah
 .text.sm_xor   0x000000000000c8f6       0x24 E:\WORK\WeXCube\Hardware\USB_HID_BLE0\LIB\libCH57xBLE.a(sm.o)
                0x000000000000c8f6                sm_xor
 .text.sm_c1new
                0x000000000000c91a      0x11c E:\WORK\WeXCube\Hardware\USB_HID_BLE0\LIB\libCH57xBLE.a(sm.o)
                0x000000000000c91a                sm_c1new
 .text.sm_s1    0x000000000000ca36       0x86 E:\WORK\WeXCube\Hardware\USB_HID_BLE0\LIB\libCH57xBLE.a(sm.o)
                0x000000000000ca36                sm_s1
 .text.smResponderProcessLTKReq
                0x000000000000cabc      0x1b8 E:\WORK\WeXCube\Hardware\USB_HID_BLE0\LIB\libCH57xBLE.a(sm.o)
                0x000000000000cabc                smResponderProcessLTKReq
 .text.xor_128  0x000000000000cc74       0x28 E:\WORK\WeXCube\Hardware\USB_HID_BLE0\LIB\libCH57xBLE.a(sm.o)
                0x000000000000cc74                xor_128
 .text.leftshift_onebit
                0x000000000000cc9c       0x2e E:\WORK\WeXCube\Hardware\USB_HID_BLE0\LIB\libCH57xBLE.a(sm.o)
                0x000000000000cc9c                leftshift_onebit
 .text.padding  0x000000000000ccca       0x38 E:\WORK\WeXCube\Hardware\USB_HID_BLE0\LIB\libCH57xBLE.a(sm.o)
                0x000000000000ccca                padding
 .text.generate_subkey
                0x000000000000cd02       0xd0 E:\WORK\WeXCube\Hardware\USB_HID_BLE0\LIB\libCH57xBLE.a(sm.o)
                0x000000000000cd02                generate_subkey
 .text.sm_CMAC  0x000000000000cdd2      0x16e E:\WORK\WeXCube\Hardware\USB_HID_BLE0\LIB\libCH57xBLE.a(sm.o)
                0x000000000000cdd2                sm_CMAC
 .text.smpBuildPairingReqRsp
                0x000000000000cf40       0xc6 E:\WORK\WeXCube\Hardware\USB_HID_BLE0\LIB\libCH57xBLE.a(sm.o)
                0x000000000000cf40                smpBuildPairingReqRsp
 .text.smpBuildPairingReq
                0x000000000000d006        0xa E:\WORK\WeXCube\Hardware\USB_HID_BLE0\LIB\libCH57xBLE.a(sm.o)
                0x000000000000d006                smpBuildPairingReq
 .text.smpBuildPairingRsp
                0x000000000000d010        0xa E:\WORK\WeXCube\Hardware\USB_HID_BLE0\LIB\libCH57xBLE.a(sm.o)
                0x000000000000d010                smpBuildPairingRsp
 .text.sm_c1    0x000000000000d01a       0xb4 E:\WORK\WeXCube\Hardware\USB_HID_BLE0\LIB\libCH57xBLE.a(sm.o)
                0x000000000000d01a                sm_c1
 .text.smpBuildSecurityReq
                0x000000000000d0ce       0x1a E:\WORK\WeXCube\Hardware\USB_HID_BLE0\LIB\libCH57xBLE.a(sm.o)
                0x000000000000d0ce                smpBuildSecurityReq
 .text.smpInitiatorProcessPairingRsp
                0x000000000000d0e8      0x116 E:\WORK\WeXCube\Hardware\USB_HID_BLE0\LIB\libCH57xBLE.a(sm.o)
                0x000000000000d0e8                smpInitiatorProcessPairingRsp
 .text.smpInitiatorProcessIncoming
                0x000000000000d1fe      0x23e E:\WORK\WeXCube\Hardware\USB_HID_BLE0\LIB\libCH57xBLE.a(sm.o)
                0x000000000000d1fe                smpInitiatorProcessIncoming
 .text.smpParseEncInfo
                0x000000000000d43c       0x2a E:\WORK\WeXCube\Hardware\USB_HID_BLE0\LIB\libCH57xBLE.a(sm.o)
                0x000000000000d43c                smpParseEncInfo
 .text.smpParseIdentityAddrInfo
                0x000000000000d466       0x34 E:\WORK\WeXCube\Hardware\USB_HID_BLE0\LIB\libCH57xBLE.a(sm.o)
                0x000000000000d466                smpParseIdentityAddrInfo
 .text.smpParseIdentityInfo
                0x000000000000d49a       0x2a E:\WORK\WeXCube\Hardware\USB_HID_BLE0\LIB\libCH57xBLE.a(sm.o)
                0x000000000000d49a                smpParseIdentityInfo
 .text.smpParseMasterID
                0x000000000000d4c4       0x3c E:\WORK\WeXCube\Hardware\USB_HID_BLE0\LIB\libCH57xBLE.a(sm.o)
                0x000000000000d4c4                smpParseMasterID
 .text.smpParsePairingConfirm
                0x000000000000d500       0x2a E:\WORK\WeXCube\Hardware\USB_HID_BLE0\LIB\libCH57xBLE.a(sm.o)
                0x000000000000d500                smpParsePairingConfirm
 .text.smpParsePairingFailed
                0x000000000000d52a       0x22 E:\WORK\WeXCube\Hardware\USB_HID_BLE0\LIB\libCH57xBLE.a(sm.o)
                0x000000000000d52a                smpParsePairingFailed
 .text.smpParsePairingRandom
                0x000000000000d54c       0x2a E:\WORK\WeXCube\Hardware\USB_HID_BLE0\LIB\libCH57xBLE.a(sm.o)
                0x000000000000d54c                smpParsePairingRandom
 .text.smpParsePairingReq
                0x000000000000d576      0x118 E:\WORK\WeXCube\Hardware\USB_HID_BLE0\LIB\libCH57xBLE.a(sm.o)
                0x000000000000d576                smpParsePairingReq
 .text.smpParseSigningInfo
                0x000000000000d68e       0x2a E:\WORK\WeXCube\Hardware\USB_HID_BLE0\LIB\libCH57xBLE.a(sm.o)
                0x000000000000d68e                smpParseSigningInfo
 .text.smProcessDataMsg
                0x000000000000d6b8       0xec E:\WORK\WeXCube\Hardware\USB_HID_BLE0\LIB\libCH57xBLE.a(sm.o)
                0x000000000000d6b8                smProcessDataMsg
 .text.smProcessTMOSMsg
                0x000000000000d7a4       0xca E:\WORK\WeXCube\Hardware\USB_HID_BLE0\LIB\libCH57xBLE.a(sm.o)
                0x000000000000d7a4                smProcessTMOSMsg
 .text.smpResponderProcessPairingReq
                0x000000000000d86e       0xd6 E:\WORK\WeXCube\Hardware\USB_HID_BLE0\LIB\libCH57xBLE.a(sm.o)
                0x000000000000d86e                smpResponderProcessPairingReq
 .text.smpResponderProcessIncoming
                0x000000000000d944      0x24c E:\WORK\WeXCube\Hardware\USB_HID_BLE0\LIB\libCH57xBLE.a(sm.o)
                0x000000000000d944                smpResponderProcessIncoming
 .text.SM_CalcRandomAddr
                0x000000000000db90       0x54 E:\WORK\WeXCube\Hardware\USB_HID_BLE0\LIB\libCH57xBLE.a(sm.o)
                0x000000000000db90                SM_CalcRandomAddr
 .text.SM_GenerateAuthenSig
                0x000000000000dbe4       0xda E:\WORK\WeXCube\Hardware\USB_HID_BLE0\LIB\libCH57xBLE.a(sm.o)
                0x000000000000dbe4                SM_GenerateAuthenSig
 .text.SM_Init  0x000000000000dcbe       0x26 E:\WORK\WeXCube\Hardware\USB_HID_BLE0\LIB\libCH57xBLE.a(sm.o)
                0x000000000000dcbe                SM_Init
 .text.SM_InitiatorInit
                0x000000000000dce4       0x1a E:\WORK\WeXCube\Hardware\USB_HID_BLE0\LIB\libCH57xBLE.a(sm.o)
                0x000000000000dce4                SM_InitiatorInit
 .text.SM_PasskeyUpdate
                0x000000000000dcfe       0xc8 E:\WORK\WeXCube\Hardware\USB_HID_BLE0\LIB\libCH57xBLE.a(sm.o)
                0x000000000000dcfe                SM_PasskeyUpdate
 .text.SM_ProcessEvent
                0x000000000000ddc6       0x9e E:\WORK\WeXCube\Hardware\USB_HID_BLE0\LIB\libCH57xBLE.a(sm.o)
                0x000000000000ddc6                SM_ProcessEvent
 .text.SM_ResolveRandomAddrs
                0x000000000000de64       0x5a E:\WORK\WeXCube\Hardware\USB_HID_BLE0\LIB\libCH57xBLE.a(sm.o)
                0x000000000000de64                SM_ResolveRandomAddrs
 .text.SM_ResponderInit
                0x000000000000debe       0x1a E:\WORK\WeXCube\Hardware\USB_HID_BLE0\LIB\libCH57xBLE.a(sm.o)
                0x000000000000debe                SM_ResponderInit
 .text.SM_StartPairing
                0x000000000000ded8       0xcc E:\WORK\WeXCube\Hardware\USB_HID_BLE0\LIB\libCH57xBLE.a(sm.o)
                0x000000000000ded8                SM_StartPairing
 .text.SM_VerifyAuthenSig
                0x000000000000dfa4      0x138 E:\WORK\WeXCube\Hardware\USB_HID_BLE0\LIB\libCH57xBLE.a(sm.o)
                0x000000000000dfa4                SM_VerifyAuthenSig
 .text.HOST_LE_ConnectionCompleteEvent
                0x000000000000e0dc       0xbe E:\WORK\WeXCube\Hardware\USB_HID_BLE0\LIB\libCH57xBLE.a(host_input.o)
                0x000000000000e0dc                HOST_LE_ConnectionCompleteEvent
 .text.HOST_LE_ConnectionUpdateCompleteEvent
                0x000000000000e19a       0x5c E:\WORK\WeXCube\Hardware\USB_HID_BLE0\LIB\libCH57xBLE.a(host_input.o)
                0x000000000000e19a                HOST_LE_ConnectionUpdateCompleteEvent
 .text.HOST_LE_ReadRemoteUsedFeaturesCompleteEvent
                0x000000000000e1f6       0x62 E:\WORK\WeXCube\Hardware\USB_HID_BLE0\LIB\libCH57xBLE.a(host_input.o)
                0x000000000000e1f6                HOST_LE_ReadRemoteUsedFeaturesCompleteEvent
 .text.HOST_LE_LongTermKeyRequestEvent